Archive member included to satisfy reference by file (symbol)

e:/dev/tools/gcc-arm-none-eabi-10-2020-q4-major/bin/../lib/gcc/arm-none-eabi/10.2.1/../../../../arm-none-eabi/lib/thumb/v7-m/nofp\libc_nano.a(lib_a-exit.o)
                              e:/dev/tools/gcc-arm-none-eabi-10-2020-q4-major/bin/../lib/gcc/arm-none-eabi/10.2.1/../../../../arm-none-eabi/lib/thumb/v7-m/nofp/crt0.o (exit)
e:/dev/tools/gcc-arm-none-eabi-10-2020-q4-major/bin/../lib/gcc/arm-none-eabi/10.2.1/../../../../arm-none-eabi/lib/thumb/v7-m/nofp\libc_nano.a(lib_a-impure.o)
                              e:/dev/tools/gcc-arm-none-eabi-10-2020-q4-major/bin/../lib/gcc/arm-none-eabi/10.2.1/../../../../arm-none-eabi/lib/thumb/v7-m/nofp\libc_nano.a(lib_a-exit.o) (_global_impure_ptr)
e:/dev/tools/gcc-arm-none-eabi-10-2020-q4-major/bin/../lib/gcc/arm-none-eabi/10.2.1/../../../../arm-none-eabi/lib/thumb/v7-m/nofp\libc_nano.a(lib_a-init.o)
                              e:/dev/tools/gcc-arm-none-eabi-10-2020-q4-major/bin/../lib/gcc/arm-none-eabi/10.2.1/../../../../arm-none-eabi/lib/thumb/v7-m/nofp/crt0.o (__libc_init_array)
e:/dev/tools/gcc-arm-none-eabi-10-2020-q4-major/bin/../lib/gcc/arm-none-eabi/10.2.1/../../../../arm-none-eabi/lib/thumb/v7-m/nofp\libc_nano.a(lib_a-memset.o)
                              e:/dev/tools/gcc-arm-none-eabi-10-2020-q4-major/bin/../lib/gcc/arm-none-eabi/10.2.1/../../../../arm-none-eabi/lib/thumb/v7-m/nofp/crt0.o (memset)
e:/dev/tools/gcc-arm-none-eabi-10-2020-q4-major/bin/../lib/gcc/arm-none-eabi/10.2.1/../../../../arm-none-eabi/lib/thumb/v7-m/nofp\libnosys.a(_exit.o)
                              e:/dev/tools/gcc-arm-none-eabi-10-2020-q4-major/bin/../lib/gcc/arm-none-eabi/10.2.1/../../../../arm-none-eabi/lib/thumb/v7-m/nofp\libc_nano.a(lib_a-exit.o) (_exit)

Discarded input sections

 .text          0x00000000        0x0 e:/dev/tools/gcc-arm-none-eabi-10-2020-q4-major/bin/../lib/gcc/arm-none-eabi/10.2.1/thumb/v7-m/nofp/crti.o
 .data          0x00000000        0x0 e:/dev/tools/gcc-arm-none-eabi-10-2020-q4-major/bin/../lib/gcc/arm-none-eabi/10.2.1/thumb/v7-m/nofp/crti.o
 .bss           0x00000000        0x0 e:/dev/tools/gcc-arm-none-eabi-10-2020-q4-major/bin/../lib/gcc/arm-none-eabi/10.2.1/thumb/v7-m/nofp/crti.o
 .data          0x00000000        0x4 e:/dev/tools/gcc-arm-none-eabi-10-2020-q4-major/bin/../lib/gcc/arm-none-eabi/10.2.1/thumb/v7-m/nofp/crtbegin.o
 .rodata        0x00000000       0x24 e:/dev/tools/gcc-arm-none-eabi-10-2020-q4-major/bin/../lib/gcc/arm-none-eabi/10.2.1/thumb/v7-m/nofp/crtbegin.o
 .text          0x00000000       0x7c e:/dev/tools/gcc-arm-none-eabi-10-2020-q4-major/bin/../lib/gcc/arm-none-eabi/10.2.1/../../../../arm-none-eabi/lib/thumb/v7-m/nofp/crt0.o
 .data          0x00000000        0x0 e:/dev/tools/gcc-arm-none-eabi-10-2020-q4-major/bin/../lib/gcc/arm-none-eabi/10.2.1/../../../../arm-none-eabi/lib/thumb/v7-m/nofp/crt0.o
 .bss           0x00000000        0x0 e:/dev/tools/gcc-arm-none-eabi-10-2020-q4-major/bin/../lib/gcc/arm-none-eabi/10.2.1/../../../../arm-none-eabi/lib/thumb/v7-m/nofp/crt0.o
 .ARM.extab     0x00000000        0x0 e:/dev/tools/gcc-arm-none-eabi-10-2020-q4-major/bin/../lib/gcc/arm-none-eabi/10.2.1/../../../../arm-none-eabi/lib/thumb/v7-m/nofp/crt0.o
 .ARM.exidx     0x00000000       0x10 e:/dev/tools/gcc-arm-none-eabi-10-2020-q4-major/bin/../lib/gcc/arm-none-eabi/10.2.1/../../../../arm-none-eabi/lib/thumb/v7-m/nofp/crt0.o
 .ARM.attributes
                0x00000000       0x1b e:/dev/tools/gcc-arm-none-eabi-10-2020-q4-major/bin/../lib/gcc/arm-none-eabi/10.2.1/../../../../arm-none-eabi/lib/thumb/v7-m/nofp/crt0.o
 .text          0x00000000        0x0 build/main.o
 .data          0x00000000        0x0 build/main.o
 .bss           0x00000000        0x0 build/main.o
 .text          0x00000000        0x0 build/stm32f1xx_it.o
 .data          0x00000000        0x0 build/stm32f1xx_it.o
 .bss           0x00000000        0x0 build/stm32f1xx_it.o
 .text          0x00000000        0x0 build/stm32f1xx_hal_msp.o
 .data          0x00000000        0x0 build/stm32f1xx_hal_msp.o
 .bss           0x00000000        0x0 build/stm32f1xx_hal_msp.o
 .text          0x00000000        0x0 build/stm32f1xx_hal_gpio_ex.o
 .data          0x00000000        0x0 build/stm32f1xx_hal_gpio_ex.o
 .bss           0x00000000        0x0 build/stm32f1xx_hal_gpio_ex.o
 .text.HAL_GPIOEx_ConfigEventout
                0x00000000       0x14 build/stm32f1xx_hal_gpio_ex.o
 .text.HAL_GPIOEx_EnableEventout
                0x00000000       0x10 build/stm32f1xx_hal_gpio_ex.o
 .text.HAL_GPIOEx_DisableEventout
                0x00000000       0x10 build/stm32f1xx_hal_gpio_ex.o
 .debug_info    0x00000000      0x176 build/stm32f1xx_hal_gpio_ex.o
 .debug_abbrev  0x00000000       0xdc build/stm32f1xx_hal_gpio_ex.o
 .debug_loc     0x00000000       0x25 build/stm32f1xx_hal_gpio_ex.o
 .debug_aranges
                0x00000000       0x30 build/stm32f1xx_hal_gpio_ex.o
 .debug_ranges  0x00000000       0x20 build/stm32f1xx_hal_gpio_ex.o
 .debug_line    0x00000000      0x19b build/stm32f1xx_hal_gpio_ex.o
 .debug_str     0x00000000      0x22a build/stm32f1xx_hal_gpio_ex.o
 .comment       0x00000000       0x4e build/stm32f1xx_hal_gpio_ex.o
 .debug_frame   0x00000000       0x40 build/stm32f1xx_hal_gpio_ex.o
 .ARM.attributes
                0x00000000       0x2d build/stm32f1xx_hal_gpio_ex.o
 .text          0x00000000        0x0 build/stm32f1xx_hal_tim.o
 .data          0x00000000        0x0 build/stm32f1xx_hal_tim.o
 .bss           0x00000000        0x0 build/stm32f1xx_hal_tim.o
 .debug_info    0x00000000       0x6b build/stm32f1xx_hal_tim.o
 .debug_abbrev  0x00000000       0x26 build/stm32f1xx_hal_tim.o
 .debug_aranges
                0x00000000       0x18 build/stm32f1xx_hal_tim.o
 .debug_line    0x00000000       0x1d build/stm32f1xx_hal_tim.o
 .debug_str     0x00000000      0x176 build/stm32f1xx_hal_tim.o
 .comment       0x00000000       0x4e build/stm32f1xx_hal_tim.o
 .ARM.attributes
                0x00000000       0x33 build/stm32f1xx_hal_tim.o
 .text          0x00000000        0x0 build/stm32f1xx_hal_tim_ex.o
 .data          0x00000000        0x0 build/stm32f1xx_hal_tim_ex.o
 .bss           0x00000000        0x0 build/stm32f1xx_hal_tim_ex.o
 .debug_info    0x00000000       0x6b build/stm32f1xx_hal_tim_ex.o
 .debug_abbrev  0x00000000       0x26 build/stm32f1xx_hal_tim_ex.o
 .debug_aranges
                0x00000000       0x18 build/stm32f1xx_hal_tim_ex.o
 .debug_line    0x00000000       0x1d build/stm32f1xx_hal_tim_ex.o
 .debug_str     0x00000000      0x179 build/stm32f1xx_hal_tim_ex.o
 .comment       0x00000000       0x4e build/stm32f1xx_hal_tim_ex.o
 .ARM.attributes
                0x00000000       0x33 build/stm32f1xx_hal_tim_ex.o
 .text          0x00000000        0x0 build/stm32f1xx_hal.o
 .data          0x00000000        0x0 build/stm32f1xx_hal.o
 .bss           0x00000000        0x0 build/stm32f1xx_hal.o
 .text.HAL_MspInit
                0x00000000        0x2 build/stm32f1xx_hal.o
 .text.HAL_MspDeInit
                0x00000000        0x2 build/stm32f1xx_hal.o
 .text.HAL_DeInit
                0x00000000       0x20 build/stm32f1xx_hal.o
 .text.HAL_GetTickPrio
                0x00000000        0xc build/stm32f1xx_hal.o
 .text.HAL_SetTickFreq
                0x00000000       0x2c build/stm32f1xx_hal.o
 .text.HAL_GetTickFreq
                0x00000000        0xc build/stm32f1xx_hal.o
 .text.HAL_Delay
                0x00000000       0x28 build/stm32f1xx_hal.o
 .text.HAL_SuspendTick
                0x00000000        0xe build/stm32f1xx_hal.o
 .text.HAL_ResumeTick
                0x00000000        0xe build/stm32f1xx_hal.o
 .text.HAL_GetHalVersion
                0x00000000        0x8 build/stm32f1xx_hal.o
 .text.HAL_GetREVID
                0x00000000        0xc build/stm32f1xx_hal.o
 .text.HAL_GetDEVID
                0x00000000       0x10 build/stm32f1xx_hal.o
 .text.HAL_GetUIDw0
                0x00000000        0xc build/stm32f1xx_hal.o
 .text.HAL_GetUIDw1
                0x00000000        0xc build/stm32f1xx_hal.o
 .text.HAL_GetUIDw2
                0x00000000        0xc build/stm32f1xx_hal.o
 .text.HAL_DBGMCU_EnableDBGSleepMode
                0x00000000       0x10 build/stm32f1xx_hal.o
 .text.HAL_DBGMCU_DisableDBGSleepMode
                0x00000000       0x10 build/stm32f1xx_hal.o
 .text.HAL_DBGMCU_EnableDBGStopMode
                0x00000000       0x10 build/stm32f1xx_hal.o
 .text.HAL_DBGMCU_DisableDBGStopMode
                0x00000000       0x10 build/stm32f1xx_hal.o
 .text.HAL_DBGMCU_EnableDBGStandbyMode
                0x00000000       0x10 build/stm32f1xx_hal.o
 .text.HAL_DBGMCU_DisableDBGStandbyMode
                0x00000000       0x10 build/stm32f1xx_hal.o
 .text          0x00000000        0x0 build/stm32f1xx_hal_rcc.o
 .data          0x00000000        0x0 build/stm32f1xx_hal_rcc.o
 .bss           0x00000000        0x0 build/stm32f1xx_hal_rcc.o
 .text.HAL_RCC_DeInit
                0x00000000       0xf4 build/stm32f1xx_hal_rcc.o
 .text.HAL_RCC_MCOConfig
                0x00000000       0x50 build/stm32f1xx_hal_rcc.o
 .text.HAL_RCC_EnableCSS
                0x00000000        0xc build/stm32f1xx_hal_rcc.o
 .text.HAL_RCC_DisableCSS
                0x00000000        0xc build/stm32f1xx_hal_rcc.o
 .text.HAL_RCC_GetHCLKFreq
                0x00000000        0xc build/stm32f1xx_hal_rcc.o
 .text.HAL_RCC_GetPCLK1Freq
                0x00000000       0x20 build/stm32f1xx_hal_rcc.o
 .text.HAL_RCC_GetPCLK2Freq
                0x00000000       0x20 build/stm32f1xx_hal_rcc.o
 .text.HAL_RCC_GetOscConfig
                0x00000000       0xb4 build/stm32f1xx_hal_rcc.o
 .text.HAL_RCC_GetClockConfig
                0x00000000       0x3c build/stm32f1xx_hal_rcc.o
 .text.HAL_RCC_CSSCallback
                0x00000000        0x2 build/stm32f1xx_hal_rcc.o
 .text.HAL_RCC_NMI_IRQHandler
                0x00000000       0x20 build/stm32f1xx_hal_rcc.o
 .text          0x00000000        0x0 build/stm32f1xx_hal_rcc_ex.o
 .data          0x00000000        0x0 build/stm32f1xx_hal_rcc_ex.o
 .bss           0x00000000        0x0 build/stm32f1xx_hal_rcc_ex.o
 .text.HAL_RCCEx_PeriphCLKConfig
                0x00000000      0x118 build/stm32f1xx_hal_rcc_ex.o
 .text.HAL_RCCEx_GetPeriphCLKConfig
                0x00000000       0x3c build/stm32f1xx_hal_rcc_ex.o
 .rodata.HAL_RCCEx_GetPeriphCLKFreq.str1.4
                0x00000000       0x11 build/stm32f1xx_hal_rcc_ex.o
 .text.HAL_RCCEx_GetPeriphCLKFreq
                0x00000000      0x114 build/stm32f1xx_hal_rcc_ex.o
 .debug_info    0x00000000      0x4ba build/stm32f1xx_hal_rcc_ex.o
 .debug_abbrev  0x00000000      0x1d5 build/stm32f1xx_hal_rcc_ex.o
 .debug_loc     0x00000000      0x4a6 build/stm32f1xx_hal_rcc_ex.o
 .debug_aranges
                0x00000000       0x30 build/stm32f1xx_hal_rcc_ex.o
 .debug_ranges  0x00000000       0x38 build/stm32f1xx_hal_rcc_ex.o
 .debug_line    0x00000000      0x4b2 build/stm32f1xx_hal_rcc_ex.o
 .debug_str     0x00000000      0x3e4 build/stm32f1xx_hal_rcc_ex.o
 .comment       0x00000000       0x4e build/stm32f1xx_hal_rcc_ex.o
 .debug_frame   0x00000000       0x64 build/stm32f1xx_hal_rcc_ex.o
 .ARM.attributes
                0x00000000       0x2d build/stm32f1xx_hal_rcc_ex.o
 .text          0x00000000        0x0 build/stm32f1xx_hal_gpio.o
 .data          0x00000000        0x0 build/stm32f1xx_hal_gpio.o
 .bss           0x00000000        0x0 build/stm32f1xx_hal_gpio.o
 .text.HAL_GPIO_DeInit
                0x00000000      0x118 build/stm32f1xx_hal_gpio.o
 .text.HAL_GPIO_ReadPin
                0x00000000        0xe build/stm32f1xx_hal_gpio.o
 .text.HAL_GPIO_TogglePin
                0x00000000       0x12 build/stm32f1xx_hal_gpio.o
 .text.HAL_GPIO_LockPin
                0x00000000       0x2e build/stm32f1xx_hal_gpio.o
 .text          0x00000000        0x0 build/stm32f1xx_hal_dma.o
 .data          0x00000000        0x0 build/stm32f1xx_hal_dma.o
 .bss           0x00000000        0x0 build/stm32f1xx_hal_dma.o
 .text.DMA_SetConfig
                0x00000000       0x2c build/stm32f1xx_hal_dma.o
 .text.HAL_DMA_Init
                0x00000000       0x98 build/stm32f1xx_hal_dma.o
 .text.HAL_DMA_DeInit
                0x00000000       0x90 build/stm32f1xx_hal_dma.o
 .text.HAL_DMA_Start
                0x00000000       0x50 build/stm32f1xx_hal_dma.o
 .text.HAL_DMA_Start_IT
                0x00000000       0x74 build/stm32f1xx_hal_dma.o
 .text.HAL_DMA_Abort
                0x00000000       0x44 build/stm32f1xx_hal_dma.o
 .text.HAL_DMA_Abort_IT
                0x00000000      0x168 build/stm32f1xx_hal_dma.o
 .text.HAL_DMA_PollForTransfer
                0x00000000      0x548 build/stm32f1xx_hal_dma.o
 .text.HAL_DMA_IRQHandler
                0x00000000      0x2ec build/stm32f1xx_hal_dma.o
 .text.HAL_DMA_RegisterCallback
                0x00000000       0x4a build/stm32f1xx_hal_dma.o
 .text.HAL_DMA_UnRegisterCallback
                0x00000000       0x5a build/stm32f1xx_hal_dma.o
 .text.HAL_DMA_GetState
                0x00000000        0x6 build/stm32f1xx_hal_dma.o
 .text.HAL_DMA_GetError
                0x00000000        0x4 build/stm32f1xx_hal_dma.o
 .debug_info    0x00000000      0x8ba build/stm32f1xx_hal_dma.o
 .debug_abbrev  0x00000000      0x262 build/stm32f1xx_hal_dma.o
 .debug_loc     0x00000000      0x8ea build/stm32f1xx_hal_dma.o
 .debug_aranges
                0x00000000       0x80 build/stm32f1xx_hal_dma.o
 .debug_ranges  0x00000000       0x70 build/stm32f1xx_hal_dma.o
 .debug_line    0x00000000      0xcc9 build/stm32f1xx_hal_dma.o
 .debug_str     0x00000000      0x5d0 build/stm32f1xx_hal_dma.o
 .comment       0x00000000       0x4e build/stm32f1xx_hal_dma.o
 .debug_frame   0x00000000      0x140 build/stm32f1xx_hal_dma.o
 .ARM.attributes
                0x00000000       0x2d build/stm32f1xx_hal_dma.o
 .text          0x00000000        0x0 build/stm32f1xx_hal_cortex.o
 .data          0x00000000        0x0 build/stm32f1xx_hal_cortex.o
 .bss           0x00000000        0x0 build/stm32f1xx_hal_cortex.o
 .text.HAL_NVIC_DisableIRQ
                0x00000000       0x24 build/stm32f1xx_hal_cortex.o
 .text.HAL_NVIC_SystemReset
                0x00000000       0x24 build/stm32f1xx_hal_cortex.o
 .text.HAL_MPU_Disable
                0x00000000       0x1c build/stm32f1xx_hal_cortex.o
 .text.HAL_MPU_Enable
                0x00000000       0x20 build/stm32f1xx_hal_cortex.o
 .text.HAL_MPU_ConfigRegion
                0x00000000       0x60 build/stm32f1xx_hal_cortex.o
 .text.HAL_NVIC_GetPriorityGrouping
                0x00000000       0x10 build/stm32f1xx_hal_cortex.o
 .text.HAL_NVIC_GetPriority
                0x00000000       0x60 build/stm32f1xx_hal_cortex.o
 .text.HAL_NVIC_SetPendingIRQ
                0x00000000       0x1c build/stm32f1xx_hal_cortex.o
 .text.HAL_NVIC_GetPendingIRQ
                0x00000000       0x24 build/stm32f1xx_hal_cortex.o
 .text.HAL_NVIC_ClearPendingIRQ
                0x00000000       0x1c build/stm32f1xx_hal_cortex.o
 .text.HAL_NVIC_GetActive
                0x00000000       0x24 build/stm32f1xx_hal_cortex.o
 .text.HAL_SYSTICK_CLKSourceConfig
                0x00000000       0x20 build/stm32f1xx_hal_cortex.o
 .text.HAL_SYSTICK_Callback
                0x00000000        0x2 build/stm32f1xx_hal_cortex.o
 .text.HAL_SYSTICK_IRQHandler
                0x00000000        0x8 build/stm32f1xx_hal_cortex.o
 .text          0x00000000        0x0 build/stm32f1xx_hal_pwr.o
 .data          0x00000000        0x0 build/stm32f1xx_hal_pwr.o
 .bss           0x00000000        0x0 build/stm32f1xx_hal_pwr.o
 .text.PWR_OverloadWfe
                0x00000000        0x6 build/stm32f1xx_hal_pwr.o
 .text.HAL_PWR_DeInit
                0x00000000       0x18 build/stm32f1xx_hal_pwr.o
 .text.HAL_PWR_EnableBkUpAccess
                0x00000000        0xc build/stm32f1xx_hal_pwr.o
 .text.HAL_PWR_DisableBkUpAccess
                0x00000000        0xc build/stm32f1xx_hal_pwr.o
 .text.HAL_PWR_ConfigPVD
                0x00000000       0x84 build/stm32f1xx_hal_pwr.o
 .text.HAL_PWR_EnablePVD
                0x00000000        0xc build/stm32f1xx_hal_pwr.o
 .text.HAL_PWR_DisablePVD
                0x00000000        0xc build/stm32f1xx_hal_pwr.o
 .text.HAL_PWR_EnableWakeUpPin
                0x00000000       0x18 build/stm32f1xx_hal_pwr.o
 .text.HAL_PWR_DisableWakeUpPin
                0x00000000       0x18 build/stm32f1xx_hal_pwr.o
 .text.HAL_PWR_EnterSLEEPMode
                0x00000000       0x20 build/stm32f1xx_hal_pwr.o
 .text.HAL_PWR_EnterSTOPMode
                0x00000000       0x48 build/stm32f1xx_hal_pwr.o
 .text.HAL_PWR_EnterSTANDBYMode
                0x00000000       0x20 build/stm32f1xx_hal_pwr.o
 .text.HAL_PWR_EnableSleepOnExit
                0x00000000       0x10 build/stm32f1xx_hal_pwr.o
 .text.HAL_PWR_DisableSleepOnExit
                0x00000000       0x10 build/stm32f1xx_hal_pwr.o
 .text.HAL_PWR_EnableSEVOnPend
                0x00000000       0x10 build/stm32f1xx_hal_pwr.o
 .text.HAL_PWR_DisableSEVOnPend
                0x00000000       0x10 build/stm32f1xx_hal_pwr.o
 .text.HAL_PWR_PVDCallback
                0x00000000        0x2 build/stm32f1xx_hal_pwr.o
 .text.HAL_PWR_PVD_IRQHandler
                0x00000000       0x20 build/stm32f1xx_hal_pwr.o
 .debug_info    0x00000000      0x748 build/stm32f1xx_hal_pwr.o
 .debug_abbrev  0x00000000      0x1fc build/stm32f1xx_hal_pwr.o
 .debug_loc     0x00000000      0x182 build/stm32f1xx_hal_pwr.o
 .debug_aranges
                0x00000000       0xa8 build/stm32f1xx_hal_pwr.o
 .debug_ranges  0x00000000       0x98 build/stm32f1xx_hal_pwr.o
 .debug_line    0x00000000      0x43e build/stm32f1xx_hal_pwr.o
 .debug_str     0x00000000      0x46e build/stm32f1xx_hal_pwr.o
 .comment       0x00000000       0x4e build/stm32f1xx_hal_pwr.o
 .debug_frame   0x00000000      0x140 build/stm32f1xx_hal_pwr.o
 .ARM.attributes
                0x00000000       0x2d build/stm32f1xx_hal_pwr.o
 .text          0x00000000        0x0 build/stm32f1xx_hal_flash.o
 .data          0x00000000        0x0 build/stm32f1xx_hal_flash.o
 .bss           0x00000000        0x0 build/stm32f1xx_hal_flash.o
 .text.FLASH_Program_HalfWord
                0x00000000       0x34 build/stm32f1xx_hal_flash.o
 .text.FLASH_SetErrorCode
                0x00000000       0x94 build/stm32f1xx_hal_flash.o
 .text.HAL_FLASH_Program_IT
                0x00000000       0x98 build/stm32f1xx_hal_flash.o
 .text.HAL_FLASH_EndOfOperationCallback
                0x00000000        0x2 build/stm32f1xx_hal_flash.o
 .text.HAL_FLASH_OperationErrorCallback
                0x00000000        0x2 build/stm32f1xx_hal_flash.o
 .text.HAL_FLASH_IRQHandler
                0x00000000      0x2a8 build/stm32f1xx_hal_flash.o
 .text.HAL_FLASH_Unlock
                0x00000000       0x54 build/stm32f1xx_hal_flash.o
 .text.HAL_FLASH_Lock
                0x00000000       0x1c build/stm32f1xx_hal_flash.o
 .text.HAL_FLASH_OB_Unlock
                0x00000000       0x28 build/stm32f1xx_hal_flash.o
 .text.HAL_FLASH_OB_Lock
                0x00000000       0x14 build/stm32f1xx_hal_flash.o
 .text.HAL_FLASH_OB_Launch
                0x00000000        0x8 build/stm32f1xx_hal_flash.o
 .text.HAL_FLASH_GetError
                0x00000000        0xc build/stm32f1xx_hal_flash.o
 .text.FLASH_WaitForLastOperation
                0x00000000       0x68 build/stm32f1xx_hal_flash.o
 .text.FLASH_WaitForLastOperationBank2
                0x00000000       0x60 build/stm32f1xx_hal_flash.o
 .text.HAL_FLASH_Program
                0x00000000       0xc8 build/stm32f1xx_hal_flash.o
 .bss.pFlash    0x00000000       0x20 build/stm32f1xx_hal_flash.o
 .debug_info    0x00000000      0x84e build/stm32f1xx_hal_flash.o
 .debug_abbrev  0x00000000      0x27d build/stm32f1xx_hal_flash.o
 .debug_loc     0x00000000      0x540 build/stm32f1xx_hal_flash.o
 .debug_aranges
                0x00000000       0x90 build/stm32f1xx_hal_flash.o
 .debug_ranges  0x00000000       0x80 build/stm32f1xx_hal_flash.o
 .debug_line    0x00000000      0xa08 build/stm32f1xx_hal_flash.o
 .debug_str     0x00000000      0x53c build/stm32f1xx_hal_flash.o
 .comment       0x00000000       0x4e build/stm32f1xx_hal_flash.o
 .debug_frame   0x00000000      0x14c build/stm32f1xx_hal_flash.o
 .ARM.attributes
                0x00000000       0x2d build/stm32f1xx_hal_flash.o
 .text          0x00000000        0x0 build/stm32f1xx_hal_flash_ex.o
 .data          0x00000000        0x0 build/stm32f1xx_hal_flash_ex.o
 .bss           0x00000000        0x0 build/stm32f1xx_hal_flash_ex.o
 .text.FLASH_MassErase
                0x00000000       0x64 build/stm32f1xx_hal_flash_ex.o
 .text.FLASH_OB_GetWRP
                0x00000000        0xc build/stm32f1xx_hal_flash_ex.o
 .text.FLASH_OB_GetRDP
                0x00000000       0x18 build/stm32f1xx_hal_flash_ex.o
 .text.FLASH_OB_GetUser
                0x00000000       0x10 build/stm32f1xx_hal_flash_ex.o
 .text.FLASH_OB_RDP_LevelConfig
                0x00000000       0x68 build/stm32f1xx_hal_flash_ex.o
 .text.FLASH_OB_UserConfig
                0x00000000       0x48 build/stm32f1xx_hal_flash_ex.o
 .text.FLASH_OB_ProgramData
                0x00000000       0x40 build/stm32f1xx_hal_flash_ex.o
 .text.HAL_FLASHEx_OBErase
                0x00000000       0x50 build/stm32f1xx_hal_flash_ex.o
 .text.FLASH_OB_EnableWRP
                0x00000000       0xc0 build/stm32f1xx_hal_flash_ex.o
 .text.FLASH_OB_DisableWRP
                0x00000000       0xc8 build/stm32f1xx_hal_flash_ex.o
 .text.HAL_FLASHEx_OBProgram
                0x00000000       0x9c build/stm32f1xx_hal_flash_ex.o
 .text.HAL_FLASHEx_OBGetConfig
                0x00000000       0x1c build/stm32f1xx_hal_flash_ex.o
 .text.HAL_FLASHEx_OBGetUserData
                0x00000000       0x24 build/stm32f1xx_hal_flash_ex.o
 .text.FLASH_PageErase
                0x00000000       0x44 build/stm32f1xx_hal_flash_ex.o
 .text.HAL_FLASHEx_Erase
                0x00000000      0x190 build/stm32f1xx_hal_flash_ex.o
 .text.HAL_FLASHEx_Erase_IT
                0x00000000       0x70 build/stm32f1xx_hal_flash_ex.o
 .debug_info    0x00000000      0xcea build/stm32f1xx_hal_flash_ex.o
 .debug_abbrev  0x00000000      0x29f build/stm32f1xx_hal_flash_ex.o
 .debug_loc     0x00000000      0xadc build/stm32f1xx_hal_flash_ex.o
 .debug_aranges
                0x00000000       0x98 build/stm32f1xx_hal_flash_ex.o
 .debug_ranges  0x00000000       0x88 build/stm32f1xx_hal_flash_ex.o
 .debug_line    0x00000000      0xa28 build/stm32f1xx_hal_flash_ex.o
 .debug_str     0x00000000      0x652 build/stm32f1xx_hal_flash_ex.o
 .comment       0x00000000       0x4e build/stm32f1xx_hal_flash_ex.o
 .debug_frame   0x00000000      0x194 build/stm32f1xx_hal_flash_ex.o
 .ARM.attributes
                0x00000000       0x2d build/stm32f1xx_hal_flash_ex.o
 .text          0x00000000        0x0 build/stm32f1xx_hal_exti.o
 .data          0x00000000        0x0 build/stm32f1xx_hal_exti.o
 .bss           0x00000000        0x0 build/stm32f1xx_hal_exti.o
 .text.HAL_EXTI_SetConfigLine
                0x00000000       0xd8 build/stm32f1xx_hal_exti.o
 .text.HAL_EXTI_GetConfigLine
                0x00000000       0xac build/stm32f1xx_hal_exti.o
 .text.HAL_EXTI_ClearConfigLine
                0x00000000       0x88 build/stm32f1xx_hal_exti.o
 .text.HAL_EXTI_RegisterCallback
                0x00000000        0xe build/stm32f1xx_hal_exti.o
 .text.HAL_EXTI_GetHandle
                0x00000000        0xc build/stm32f1xx_hal_exti.o
 .text.HAL_EXTI_IRQHandler
                0x00000000       0x24 build/stm32f1xx_hal_exti.o
 .text.HAL_EXTI_GetPending
                0x00000000       0x1c build/stm32f1xx_hal_exti.o
 .text.HAL_EXTI_ClearPending
                0x00000000       0x14 build/stm32f1xx_hal_exti.o
 .text.HAL_EXTI_GenerateSWI
                0x00000000       0x14 build/stm32f1xx_hal_exti.o
 .debug_info    0x00000000      0x602 build/stm32f1xx_hal_exti.o
 .debug_abbrev  0x00000000      0x200 build/stm32f1xx_hal_exti.o
 .debug_loc     0x00000000      0x4ee build/stm32f1xx_hal_exti.o
 .debug_aranges
                0x00000000       0x60 build/stm32f1xx_hal_exti.o
 .debug_ranges  0x00000000       0x50 build/stm32f1xx_hal_exti.o
 .debug_line    0x00000000      0x5d8 build/stm32f1xx_hal_exti.o
 .debug_str     0x00000000      0x3a9 build/stm32f1xx_hal_exti.o
 .comment       0x00000000       0x4e build/stm32f1xx_hal_exti.o
 .debug_frame   0x00000000       0xd4 build/stm32f1xx_hal_exti.o
 .ARM.attributes
                0x00000000       0x2d build/stm32f1xx_hal_exti.o
 .text          0x00000000        0x0 build/system_stm32f1xx.o
 .data          0x00000000        0x0 build/system_stm32f1xx.o
 .bss           0x00000000        0x0 build/system_stm32f1xx.o
 .text.SystemCoreClockUpdate
                0x00000000       0x94 build/system_stm32f1xx.o
 .rodata.APBPrescTable
                0x00000000        0x8 build/system_stm32f1xx.o
 .text          0x00000000       0x14 build/startup_stm32f103xg.o
 .data          0x00000000        0x0 build/startup_stm32f103xg.o
 .bss           0x00000000        0x0 build/startup_stm32f103xg.o
 .text          0x00000000        0x0 e:/dev/tools/gcc-arm-none-eabi-10-2020-q4-major/bin/../lib/gcc/arm-none-eabi/10.2.1/../../../../arm-none-eabi/lib/thumb/v7-m/nofp\libc_nano.a(lib_a-exit.o)
 .data          0x00000000        0x0 e:/dev/tools/gcc-arm-none-eabi-10-2020-q4-major/bin/../lib/gcc/arm-none-eabi/10.2.1/../../../../arm-none-eabi/lib/thumb/v7-m/nofp\libc_nano.a(lib_a-exit.o)
 .bss           0x00000000        0x0 e:/dev/tools/gcc-arm-none-eabi-10-2020-q4-major/bin/../lib/gcc/arm-none-eabi/10.2.1/../../../../arm-none-eabi/lib/thumb/v7-m/nofp\libc_nano.a(lib_a-exit.o)
 .text.exit     0x00000000       0x28 e:/dev/tools/gcc-arm-none-eabi-10-2020-q4-major/bin/../lib/gcc/arm-none-eabi/10.2.1/../../../../arm-none-eabi/lib/thumb/v7-m/nofp\libc_nano.a(lib_a-exit.o)
 .debug_frame   0x00000000       0x28 e:/dev/tools/gcc-arm-none-eabi-10-2020-q4-major/bin/../lib/gcc/arm-none-eabi/10.2.1/../../../../arm-none-eabi/lib/thumb/v7-m/nofp\libc_nano.a(lib_a-exit.o)
 .ARM.attributes
                0x00000000       0x2d e:/dev/tools/gcc-arm-none-eabi-10-2020-q4-major/bin/../lib/gcc/arm-none-eabi/10.2.1/../../../../arm-none-eabi/lib/thumb/v7-m/nofp\libc_nano.a(lib_a-exit.o)
 .text          0x00000000        0x0 e:/dev/tools/gcc-arm-none-eabi-10-2020-q4-major/bin/../lib/gcc/arm-none-eabi/10.2.1/../../../../arm-none-eabi/lib/thumb/v7-m/nofp\libc_nano.a(lib_a-impure.o)
 .data          0x00000000        0x0 e:/dev/tools/gcc-arm-none-eabi-10-2020-q4-major/bin/../lib/gcc/arm-none-eabi/10.2.1/../../../../arm-none-eabi/lib/thumb/v7-m/nofp\libc_nano.a(lib_a-impure.o)
 .bss           0x00000000        0x0 e:/dev/tools/gcc-arm-none-eabi-10-2020-q4-major/bin/../lib/gcc/arm-none-eabi/10.2.1/../../../../arm-none-eabi/lib/thumb/v7-m/nofp\libc_nano.a(lib_a-impure.o)
 .data._impure_ptr
                0x00000000        0x4 e:/dev/tools/gcc-arm-none-eabi-10-2020-q4-major/bin/../lib/gcc/arm-none-eabi/10.2.1/../../../../arm-none-eabi/lib/thumb/v7-m/nofp\libc_nano.a(lib_a-impure.o)
 .data.impure_data
                0x00000000       0x60 e:/dev/tools/gcc-arm-none-eabi-10-2020-q4-major/bin/../lib/gcc/arm-none-eabi/10.2.1/../../../../arm-none-eabi/lib/thumb/v7-m/nofp\libc_nano.a(lib_a-impure.o)
 .rodata._global_impure_ptr
                0x00000000        0x4 e:/dev/tools/gcc-arm-none-eabi-10-2020-q4-major/bin/../lib/gcc/arm-none-eabi/10.2.1/../../../../arm-none-eabi/lib/thumb/v7-m/nofp\libc_nano.a(lib_a-impure.o)
 .ARM.attributes
                0x00000000       0x2d e:/dev/tools/gcc-arm-none-eabi-10-2020-q4-major/bin/../lib/gcc/arm-none-eabi/10.2.1/../../../../arm-none-eabi/lib/thumb/v7-m/nofp\libc_nano.a(lib_a-impure.o)
 .text          0x00000000        0x0 e:/dev/tools/gcc-arm-none-eabi-10-2020-q4-major/bin/../lib/gcc/arm-none-eabi/10.2.1/../../../../arm-none-eabi/lib/thumb/v7-m/nofp\libc_nano.a(lib_a-init.o)
 .data          0x00000000        0x0 e:/dev/tools/gcc-arm-none-eabi-10-2020-q4-major/bin/../lib/gcc/arm-none-eabi/10.2.1/../../../../arm-none-eabi/lib/thumb/v7-m/nofp\libc_nano.a(lib_a-init.o)
 .bss           0x00000000        0x0 e:/dev/tools/gcc-arm-none-eabi-10-2020-q4-major/bin/../lib/gcc/arm-none-eabi/10.2.1/../../../../arm-none-eabi/lib/thumb/v7-m/nofp\libc_nano.a(lib_a-init.o)
 .text          0x00000000        0x0 e:/dev/tools/gcc-arm-none-eabi-10-2020-q4-major/bin/../lib/gcc/arm-none-eabi/10.2.1/../../../../arm-none-eabi/lib/thumb/v7-m/nofp\libc_nano.a(lib_a-memset.o)
 .data          0x00000000        0x0 e:/dev/tools/gcc-arm-none-eabi-10-2020-q4-major/bin/../lib/gcc/arm-none-eabi/10.2.1/../../../../arm-none-eabi/lib/thumb/v7-m/nofp\libc_nano.a(lib_a-memset.o)
 .bss           0x00000000        0x0 e:/dev/tools/gcc-arm-none-eabi-10-2020-q4-major/bin/../lib/gcc/arm-none-eabi/10.2.1/../../../../arm-none-eabi/lib/thumb/v7-m/nofp\libc_nano.a(lib_a-memset.o)
 .text          0x00000000        0x0 e:/dev/tools/gcc-arm-none-eabi-10-2020-q4-major/bin/../lib/gcc/arm-none-eabi/10.2.1/../../../../arm-none-eabi/lib/thumb/v7-m/nofp\libnosys.a(_exit.o)
 .data          0x00000000        0x0 e:/dev/tools/gcc-arm-none-eabi-10-2020-q4-major/bin/../lib/gcc/arm-none-eabi/10.2.1/../../../../arm-none-eabi/lib/thumb/v7-m/nofp\libnosys.a(_exit.o)
 .bss           0x00000000        0x0 e:/dev/tools/gcc-arm-none-eabi-10-2020-q4-major/bin/../lib/gcc/arm-none-eabi/10.2.1/../../../../arm-none-eabi/lib/thumb/v7-m/nofp\libnosys.a(_exit.o)
 .text._exit    0x00000000        0x4 e:/dev/tools/gcc-arm-none-eabi-10-2020-q4-major/bin/../lib/gcc/arm-none-eabi/10.2.1/../../../../arm-none-eabi/lib/thumb/v7-m/nofp\libnosys.a(_exit.o)
 .debug_frame   0x00000000       0x20 e:/dev/tools/gcc-arm-none-eabi-10-2020-q4-major/bin/../lib/gcc/arm-none-eabi/10.2.1/../../../../arm-none-eabi/lib/thumb/v7-m/nofp\libnosys.a(_exit.o)
 .ARM.attributes
                0x00000000       0x2d e:/dev/tools/gcc-arm-none-eabi-10-2020-q4-major/bin/../lib/gcc/arm-none-eabi/10.2.1/../../../../arm-none-eabi/lib/thumb/v7-m/nofp\libnosys.a(_exit.o)
 .text          0x00000000        0x0 e:/dev/tools/gcc-arm-none-eabi-10-2020-q4-major/bin/../lib/gcc/arm-none-eabi/10.2.1/thumb/v7-m/nofp/crtend.o
 .data          0x00000000        0x0 e:/dev/tools/gcc-arm-none-eabi-10-2020-q4-major/bin/../lib/gcc/arm-none-eabi/10.2.1/thumb/v7-m/nofp/crtend.o
 .bss           0x00000000        0x0 e:/dev/tools/gcc-arm-none-eabi-10-2020-q4-major/bin/../lib/gcc/arm-none-eabi/10.2.1/thumb/v7-m/nofp/crtend.o
 .rodata        0x00000000       0x24 e:/dev/tools/gcc-arm-none-eabi-10-2020-q4-major/bin/../lib/gcc/arm-none-eabi/10.2.1/thumb/v7-m/nofp/crtend.o
 .eh_frame      0x00000000        0x4 e:/dev/tools/gcc-arm-none-eabi-10-2020-q4-major/bin/../lib/gcc/arm-none-eabi/10.2.1/thumb/v7-m/nofp/crtend.o
 .ARM.attributes
                0x00000000       0x2d e:/dev/tools/gcc-arm-none-eabi-10-2020-q4-major/bin/../lib/gcc/arm-none-eabi/10.2.1/thumb/v7-m/nofp/crtend.o
 .text          0x00000000        0x0 e:/dev/tools/gcc-arm-none-eabi-10-2020-q4-major/bin/../lib/gcc/arm-none-eabi/10.2.1/thumb/v7-m/nofp/crtn.o
 .data          0x00000000        0x0 e:/dev/tools/gcc-arm-none-eabi-10-2020-q4-major/bin/../lib/gcc/arm-none-eabi/10.2.1/thumb/v7-m/nofp/crtn.o
 .bss           0x00000000        0x0 e:/dev/tools/gcc-arm-none-eabi-10-2020-q4-major/bin/../lib/gcc/arm-none-eabi/10.2.1/thumb/v7-m/nofp/crtn.o

Memory Configuration

Name             Origin             Length             Attributes
RAM              0x20000000         0x00018000         xrw
FLASH            0x08000000         0x00100000         xr
*default*        0x00000000         0xffffffff

Linker script and memory map

LOAD e:/dev/tools/gcc-arm-none-eabi-10-2020-q4-major/bin/../lib/gcc/arm-none-eabi/10.2.1/thumb/v7-m/nofp/crti.o
LOAD e:/dev/tools/gcc-arm-none-eabi-10-2020-q4-major/bin/../lib/gcc/arm-none-eabi/10.2.1/thumb/v7-m/nofp/crtbegin.o
LOAD e:/dev/tools/gcc-arm-none-eabi-10-2020-q4-major/bin/../lib/gcc/arm-none-eabi/10.2.1/../../../../arm-none-eabi/lib/thumb/v7-m/nofp/crt0.o
LOAD build/main.o
LOAD build/stm32f1xx_it.o
LOAD build/stm32f1xx_hal_msp.o
LOAD build/stm32f1xx_hal_gpio_ex.o
LOAD build/stm32f1xx_hal_tim.o
LOAD build/stm32f1xx_hal_tim_ex.o
LOAD build/stm32f1xx_hal.o
LOAD build/stm32f1xx_hal_rcc.o
LOAD build/stm32f1xx_hal_rcc_ex.o
LOAD build/stm32f1xx_hal_gpio.o
LOAD build/stm32f1xx_hal_dma.o
LOAD build/stm32f1xx_hal_cortex.o
LOAD build/stm32f1xx_hal_pwr.o
LOAD build/stm32f1xx_hal_flash.o
LOAD build/stm32f1xx_hal_flash_ex.o
LOAD build/stm32f1xx_hal_exti.o
LOAD build/system_stm32f1xx.o
LOAD build/startup_stm32f103xg.o
LOAD e:/dev/tools/gcc-arm-none-eabi-10-2020-q4-major/bin/../lib/gcc/arm-none-eabi/10.2.1/../../../../arm-none-eabi/lib/thumb/v7-m/nofp\libc_nano.a
LOAD e:/dev/tools/gcc-arm-none-eabi-10-2020-q4-major/bin/../lib/gcc/arm-none-eabi/10.2.1/../../../../arm-none-eabi/lib/thumb/v7-m/nofp\libm.a
LOAD e:/dev/tools/gcc-arm-none-eabi-10-2020-q4-major/bin/../lib/gcc/arm-none-eabi/10.2.1/../../../../arm-none-eabi/lib/thumb/v7-m/nofp\libnosys.a
START GROUP
LOAD e:/dev/tools/gcc-arm-none-eabi-10-2020-q4-major/bin/../lib/gcc/arm-none-eabi/10.2.1/thumb/v7-m/nofp\libgcc.a
LOAD e:/dev/tools/gcc-arm-none-eabi-10-2020-q4-major/bin/../lib/gcc/arm-none-eabi/10.2.1/../../../../arm-none-eabi/lib/thumb/v7-m/nofp\libc_nano.a
END GROUP
START GROUP
LOAD e:/dev/tools/gcc-arm-none-eabi-10-2020-q4-major/bin/../lib/gcc/arm-none-eabi/10.2.1/thumb/v7-m/nofp\libgcc.a
LOAD e:/dev/tools/gcc-arm-none-eabi-10-2020-q4-major/bin/../lib/gcc/arm-none-eabi/10.2.1/../../../../arm-none-eabi/lib/thumb/v7-m/nofp\libc_nano.a
END GROUP
LOAD e:/dev/tools/gcc-arm-none-eabi-10-2020-q4-major/bin/../lib/gcc/arm-none-eabi/10.2.1/thumb/v7-m/nofp/crtend.o
LOAD e:/dev/tools/gcc-arm-none-eabi-10-2020-q4-major/bin/../lib/gcc/arm-none-eabi/10.2.1/thumb/v7-m/nofp/crtn.o
                0x20018000                _estack = 0x20018000
                0x00000200                _Min_Heap_Size = 0x200
                0x00000400                _Min_Stack_Size = 0x400

.isr_vector     0x08000000      0x1e4
                0x08000000                . = ALIGN (0x4)
 *(.isr_vector)
 .isr_vector    0x08000000      0x1e4 build/startup_stm32f103xg.o
                0x08000000                g_pfnVectors
                0x080001e4                . = ALIGN (0x4)

.text           0x080001e4      0xd0c
                0x080001e4                . = ALIGN (0x4)
 *(.text)
 .text          0x080001e4       0x40 e:/dev/tools/gcc-arm-none-eabi-10-2020-q4-major/bin/../lib/gcc/arm-none-eabi/10.2.1/thumb/v7-m/nofp/crtbegin.o
 *(.text*)
 .text.MX_GPIO_Init
                0x08000224      0x10c build/main.o
 .text.Error_Handler
                0x08000330        0x4 build/main.o
                0x08000330                Error_Handler
 .text.SystemClock_Config
                0x08000334       0x52 build/main.o
                0x08000334                SystemClock_Config
 *fill*         0x08000386        0x2 
 .text.main     0x08000388       0x20 build/main.o
                0x08000388                main
 .text.NMI_Handler
                0x080003a8        0x2 build/stm32f1xx_it.o
                0x080003a8                NMI_Handler
 .text.HardFault_Handler
                0x080003aa        0x2 build/stm32f1xx_it.o
                0x080003aa                HardFault_Handler
 .text.MemManage_Handler
                0x080003ac        0x2 build/stm32f1xx_it.o
                0x080003ac                MemManage_Handler
 .text.BusFault_Handler
                0x080003ae        0x2 build/stm32f1xx_it.o
                0x080003ae                BusFault_Handler
 .text.UsageFault_Handler
                0x080003b0        0x2 build/stm32f1xx_it.o
                0x080003b0                UsageFault_Handler
 .text.SVC_Handler
                0x080003b2        0x2 build/stm32f1xx_it.o
                0x080003b2                SVC_Handler
 .text.DebugMon_Handler
                0x080003b4        0x2 build/stm32f1xx_it.o
                0x080003b4                DebugMon_Handler
 .text.PendSV_Handler
                0x080003b6        0x2 build/stm32f1xx_it.o
                0x080003b6                PendSV_Handler
 .text.SysTick_Handler
                0x080003b8        0x8 build/stm32f1xx_it.o
                0x080003b8                SysTick_Handler
 .text.EXTI0_IRQHandler
                0x080003c0        0xa build/stm32f1xx_it.o
                0x080003c0                EXTI0_IRQHandler
 .text.EXTI1_IRQHandler
                0x080003ca        0xa build/stm32f1xx_it.o
                0x080003ca                EXTI1_IRQHandler
 .text.EXTI2_IRQHandler
                0x080003d4        0xa build/stm32f1xx_it.o
                0x080003d4                EXTI2_IRQHandler
 .text.EXTI3_IRQHandler
                0x080003de        0xa build/stm32f1xx_it.o
                0x080003de                EXTI3_IRQHandler
 .text.EXTI4_IRQHandler
                0x080003e8        0xa build/stm32f1xx_it.o
                0x080003e8                EXTI4_IRQHandler
 .text.EXTI9_5_IRQHandler
                0x080003f2       0x10 build/stm32f1xx_it.o
                0x080003f2                EXTI9_5_IRQHandler
 *fill*         0x08000402        0x2 
 .text.HAL_MspInit
                0x08000404       0x40 build/stm32f1xx_hal_msp.o
                0x08000404                HAL_MspInit
 .text.HAL_InitTick
                0x08000444       0x4c build/stm32f1xx_hal.o
                0x08000444                HAL_InitTick
 .text.HAL_Init
                0x08000490       0x24 build/stm32f1xx_hal.o
                0x08000490                HAL_Init
 .text.HAL_IncTick
                0x080004b4       0x18 build/stm32f1xx_hal.o
                0x080004b4                HAL_IncTick
 .text.HAL_GetTick
                0x080004cc        0xc build/stm32f1xx_hal.o
                0x080004cc                HAL_GetTick
 .text.RCC_Delay
                0x080004d8       0x2c build/stm32f1xx_hal_rcc.o
 .text.HAL_RCC_OscConfig
                0x08000504      0x410 build/stm32f1xx_hal_rcc.o
                0x08000504                HAL_RCC_OscConfig
 .text.HAL_RCC_GetSysClockFreq
                0x08000914       0x6c build/stm32f1xx_hal_rcc.o
                0x08000914                HAL_RCC_GetSysClockFreq
 .text.HAL_RCC_ClockConfig
                0x08000980      0x16c build/stm32f1xx_hal_rcc.o
                0x08000980                HAL_RCC_ClockConfig
 .text.HAL_GPIO_Init
                0x08000aec      0x240 build/stm32f1xx_hal_gpio.o
                0x08000aec                HAL_GPIO_Init
 .text.HAL_GPIO_WritePin
                0x08000d2c        0xc build/stm32f1xx_hal_gpio.o
                0x08000d2c                HAL_GPIO_WritePin
 .text.HAL_GPIO_EXTI_Callback
                0x08000d38        0x2 build/stm32f1xx_hal_gpio.o
                0x08000d38                HAL_GPIO_EXTI_Callback
 *fill*         0x08000d3a        0x2 
 .text.HAL_GPIO_EXTI_IRQHandler
                0x08000d3c       0x1c build/stm32f1xx_hal_gpio.o
                0x08000d3c                HAL_GPIO_EXTI_IRQHandler
 .text.HAL_NVIC_SetPriorityGrouping
                0x08000d58       0x24 build/stm32f1xx_hal_cortex.o
                0x08000d58                HAL_NVIC_SetPriorityGrouping
 .text.HAL_NVIC_SetPriority
                0x08000d7c       0x70 build/stm32f1xx_hal_cortex.o
                0x08000d7c                HAL_NVIC_SetPriority
 .text.HAL_NVIC_EnableIRQ
                0x08000dec       0x1c build/stm32f1xx_hal_cortex.o
                0x08000dec                HAL_NVIC_EnableIRQ
 .text.HAL_SYSTICK_Config
                0x08000e08       0x28 build/stm32f1xx_hal_cortex.o
                0x08000e08                HAL_SYSTICK_Config
 .text.SystemInit
                0x08000e30        0x2 build/system_stm32f1xx.o
                0x08000e30                SystemInit
 *fill*         0x08000e32        0x2 
 .text.Reset_Handler
                0x08000e34       0x48 build/startup_stm32f103xg.o
                0x08000e34                Reset_Handler
 .text.Default_Handler
                0x08000e7c        0x2 build/startup_stm32f103xg.o
                0x08000e7c                RTC_Alarm_IRQHandler
                0x08000e7c                TIM8_CC_IRQHandler
                0x08000e7c                TIM1_CC_IRQHandler
                0x08000e7c                TIM6_IRQHandler
                0x08000e7c                PVD_IRQHandler
                0x08000e7c                SDIO_IRQHandler
                0x08000e7c                TIM8_TRG_COM_TIM14_IRQHandler
                0x08000e7c                TIM1_UP_TIM10_IRQHandler
                0x08000e7c                TIM8_UP_TIM13_IRQHandler
                0x08000e7c                I2C2_EV_IRQHandler
                0x08000e7c                ADC1_2_IRQHandler
                0x08000e7c                SPI1_IRQHandler
                0x08000e7c                TAMPER_IRQHandler
                0x08000e7c                TIM1_BRK_TIM9_IRQHandler
                0x08000e7c                DMA2_Channel2_IRQHandler
                0x08000e7c                DMA1_Channel4_IRQHandler
                0x08000e7c                USART3_IRQHandler
                0x08000e7c                RTC_IRQHandler
                0x08000e7c                DMA1_Channel7_IRQHandler
                0x08000e7c                CAN1_RX1_IRQHandler
                0x08000e7c                UART5_IRQHandler
                0x08000e7c                ADC3_IRQHandler
                0x08000e7c                TIM4_IRQHandler
                0x08000e7c                DMA2_Channel1_IRQHandler
                0x08000e7c                I2C1_EV_IRQHandler
                0x08000e7c                DMA1_Channel6_IRQHandler
                0x08000e7c                UART4_IRQHandler
                0x08000e7c                TIM3_IRQHandler
                0x08000e7c                RCC_IRQHandler
                0x08000e7c                TIM8_BRK_TIM12_IRQHandler
                0x08000e7c                DMA1_Channel1_IRQHandler
                0x08000e7c                Default_Handler
                0x08000e7c                EXTI15_10_IRQHandler
                0x08000e7c                TIM7_IRQHandler
                0x08000e7c                TIM5_IRQHandler
                0x08000e7c                SPI2_IRQHandler
                0x08000e7c                DMA1_Channel5_IRQHandler
                0x08000e7c                USB_LP_CAN1_RX0_IRQHandler
                0x08000e7c                USB_HP_CAN1_TX_IRQHandler
                0x08000e7c                DMA1_Channel3_IRQHandler
                0x08000e7c                FSMC_IRQHandler
                0x08000e7c                WWDG_IRQHandler
                0x08000e7c                TIM2_IRQHandler
                0x08000e7c                TIM1_TRG_COM_TIM11_IRQHandler
                0x08000e7c                DMA2_Channel4_5_IRQHandler
                0x08000e7c                USART2_IRQHandler
                0x08000e7c                I2C2_ER_IRQHandler
                0x08000e7c                DMA1_Channel2_IRQHandler
                0x08000e7c                CAN1_SCE_IRQHandler
                0x08000e7c                FLASH_IRQHandler
                0x08000e7c                USART1_IRQHandler
                0x08000e7c                SPI3_IRQHandler
                0x08000e7c                I2C1_ER_IRQHandler
                0x08000e7c                USBWakeUp_IRQHandler
                0x08000e7c                DMA2_Channel3_IRQHandler
 *fill*         0x08000e7e        0x2 
 .text.__libc_init_array
                0x08000e80       0x48 e:/dev/tools/gcc-arm-none-eabi-10-2020-q4-major/bin/../lib/gcc/arm-none-eabi/10.2.1/../../../../arm-none-eabi/lib/thumb/v7-m/nofp\libc_nano.a(lib_a-init.o)
                0x08000e80                __libc_init_array
 .text.memset   0x08000ec8       0x10 e:/dev/tools/gcc-arm-none-eabi-10-2020-q4-major/bin/../lib/gcc/arm-none-eabi/10.2.1/../../../../arm-none-eabi/lib/thumb/v7-m/nofp\libc_nano.a(lib_a-memset.o)
                0x08000ec8                memset
 *(.glue_7)
 .glue_7        0x08000ed8        0x0 linker stubs
 *(.glue_7t)
 .glue_7t       0x08000ed8        0x0 linker stubs
 *(.eh_frame)
 .eh_frame      0x08000ed8        0x0 e:/dev/tools/gcc-arm-none-eabi-10-2020-q4-major/bin/../lib/gcc/arm-none-eabi/10.2.1/thumb/v7-m/nofp/crtbegin.o
 *(.init)
 .init          0x08000ed8        0x4 e:/dev/tools/gcc-arm-none-eabi-10-2020-q4-major/bin/../lib/gcc/arm-none-eabi/10.2.1/thumb/v7-m/nofp/crti.o
                0x08000ed8                _init
 .init          0x08000edc        0x8 e:/dev/tools/gcc-arm-none-eabi-10-2020-q4-major/bin/../lib/gcc/arm-none-eabi/10.2.1/thumb/v7-m/nofp/crtn.o
 *(.fini)
 .fini          0x08000ee4        0x4 e:/dev/tools/gcc-arm-none-eabi-10-2020-q4-major/bin/../lib/gcc/arm-none-eabi/10.2.1/thumb/v7-m/nofp/crti.o
                0x08000ee4                _fini
 .fini          0x08000ee8        0x8 e:/dev/tools/gcc-arm-none-eabi-10-2020-q4-major/bin/../lib/gcc/arm-none-eabi/10.2.1/thumb/v7-m/nofp/crtn.o
                0x08000ef0                . = ALIGN (0x4)
                0x08000ef0                _etext = .

.vfp11_veneer   0x08000ef0        0x0
 .vfp11_veneer  0x08000ef0        0x0 linker stubs

.v4_bx          0x08000ef0        0x0
 .v4_bx         0x08000ef0        0x0 linker stubs

.iplt           0x08000ef0        0x0
 .iplt          0x08000ef0        0x0 e:/dev/tools/gcc-arm-none-eabi-10-2020-q4-major/bin/../lib/gcc/arm-none-eabi/10.2.1/thumb/v7-m/nofp/crtbegin.o

.rodata         0x08000ef0       0x24
                0x08000ef0                . = ALIGN (0x4)
 *(.rodata)
 *(.rodata*)
 .rodata.HAL_RCC_GetSysClockFreq.str1.4
                0x08000ef0       0x11 build/stm32f1xx_hal_rcc.o
 *fill*         0x08000f01        0x3 
 .rodata.AHBPrescTable
                0x08000f04       0x10 build/system_stm32f1xx.o
                0x08000f04                AHBPrescTable
                0x08000f14                . = ALIGN (0x4)

.rel.dyn        0x08000f14        0x0
 .rel.iplt      0x08000f14        0x0 e:/dev/tools/gcc-arm-none-eabi-10-2020-q4-major/bin/../lib/gcc/arm-none-eabi/10.2.1/thumb/v7-m/nofp/crtbegin.o

.ARM.extab
 *(.ARM.extab* .gnu.linkonce.armextab.*)

.ARM            0x08000f14        0x0
                0x08000f14                __exidx_start = .
 *(.ARM.exidx*)
                0x08000f14                __exidx_end = .

.preinit_array  0x08000f14        0x0
                0x08000f14                PROVIDE (__preinit_array_start = .)
 *(.preinit_array*)
                0x08000f14                PROVIDE (__preinit_array_end = .)

.init_array     0x08000f14        0x4
                0x08000f14                PROVIDE (__init_array_start = .)
 *(SORT_BY_NAME(.init_array.*))
 *(.init_array*)
 .init_array    0x08000f14        0x4 e:/dev/tools/gcc-arm-none-eabi-10-2020-q4-major/bin/../lib/gcc/arm-none-eabi/10.2.1/thumb/v7-m/nofp/crtbegin.o
                0x08000f18                PROVIDE (__init_array_end = .)

.fini_array     0x08000f18        0x4
                [!provide]                PROVIDE (__fini_array_start = .)
 *(SORT_BY_NAME(.fini_array.*))
 *(.fini_array*)
 .fini_array    0x08000f18        0x4 e:/dev/tools/gcc-arm-none-eabi-10-2020-q4-major/bin/../lib/gcc/arm-none-eabi/10.2.1/thumb/v7-m/nofp/crtbegin.o
                [!provide]                PROVIDE (__fini_array_end = .)
                0x08000f1c                _sidata = LOADADDR (.data)

.data           0x20000000        0xc load address 0x08000f1c
                0x20000000                . = ALIGN (0x4)
                0x20000000                _sdata = .
 *(.data)
 *(.data*)
 .data.uwTickFreq
                0x20000000        0x1 build/stm32f1xx_hal.o
                0x20000000                uwTickFreq
 *fill*         0x20000001        0x3 
 .data.uwTickPrio
                0x20000004        0x4 build/stm32f1xx_hal.o
                0x20000004                uwTickPrio
 .data.SystemCoreClock
                0x20000008        0x4 build/system_stm32f1xx.o
                0x20000008                SystemCoreClock
                0x2000000c                . = ALIGN (0x4)
                0x2000000c                _edata = .

.igot.plt       0x2000000c        0x0 load address 0x08000f28
 .igot.plt      0x2000000c        0x0 e:/dev/tools/gcc-arm-none-eabi-10-2020-q4-major/bin/../lib/gcc/arm-none-eabi/10.2.1/thumb/v7-m/nofp/crtbegin.o
                0x2000000c                . = ALIGN (0x4)

.bss            0x2000000c       0x20 load address 0x08000f28
                0x2000000c                _sbss = .
                0x2000000c                __bss_start__ = _sbss
 *(.bss)
 .bss           0x2000000c       0x1c e:/dev/tools/gcc-arm-none-eabi-10-2020-q4-major/bin/../lib/gcc/arm-none-eabi/10.2.1/thumb/v7-m/nofp/crtbegin.o
 *(.bss*)
 .bss.uwTick    0x20000028        0x4 build/stm32f1xx_hal.o
                0x20000028                uwTick
 *(COMMON)
                0x2000002c                . = ALIGN (0x4)
                0x2000002c                _ebss = .
                0x2000002c                __bss_end__ = _ebss

._user_heap_stack
                0x2000002c      0x604 load address 0x08000f28
                0x20000030                . = ALIGN (0x8)
 *fill*         0x2000002c        0x4 
                [!provide]                PROVIDE (end = .)
                [!provide]                PROVIDE (_end = .)
                0x20000230                . = (. + _Min_Heap_Size)
 *fill*         0x20000030      0x200 
                0x20000630                . = (. + _Min_Stack_Size)
 *fill*         0x20000230      0x400 
                0x20000630                . = ALIGN (0x8)

/DISCARD/
 libc.a(*)
 libm.a(*)
 libgcc.a(*)

.ARM.attributes
                0x00000000       0x29
 *(.ARM.attributes)
 .ARM.attributes
                0x00000000       0x1d e:/dev/tools/gcc-arm-none-eabi-10-2020-q4-major/bin/../lib/gcc/arm-none-eabi/10.2.1/thumb/v7-m/nofp/crti.o
 .ARM.attributes
                0x0000001d       0x2d e:/dev/tools/gcc-arm-none-eabi-10-2020-q4-major/bin/../lib/gcc/arm-none-eabi/10.2.1/thumb/v7-m/nofp/crtbegin.o
 .ARM.attributes
                0x0000004a       0x2d build/main.o
 .ARM.attributes
                0x00000077       0x2d build/stm32f1xx_it.o
 .ARM.attributes
                0x000000a4       0x2d build/stm32f1xx_hal_msp.o
 .ARM.attributes
                0x000000d1       0x2d build/stm32f1xx_hal.o
 .ARM.attributes
                0x000000fe       0x2d build/stm32f1xx_hal_rcc.o
 .ARM.attributes
                0x0000012b       0x2d build/stm32f1xx_hal_gpio.o
 .ARM.attributes
                0x00000158       0x2d build/stm32f1xx_hal_cortex.o
 .ARM.attributes
                0x00000185       0x2d build/system_stm32f1xx.o
 .ARM.attributes
                0x000001b2       0x21 build/startup_stm32f103xg.o
 .ARM.attributes
                0x000001d3       0x2d e:/dev/tools/gcc-arm-none-eabi-10-2020-q4-major/bin/../lib/gcc/arm-none-eabi/10.2.1/../../../../arm-none-eabi/lib/thumb/v7-m/nofp\libc_nano.a(lib_a-init.o)
 .ARM.attributes
                0x00000200       0x2d e:/dev/tools/gcc-arm-none-eabi-10-2020-q4-major/bin/../lib/gcc/arm-none-eabi/10.2.1/../../../../arm-none-eabi/lib/thumb/v7-m/nofp\libc_nano.a(lib_a-memset.o)
 .ARM.attributes
                0x0000022d       0x1d e:/dev/tools/gcc-arm-none-eabi-10-2020-q4-major/bin/../lib/gcc/arm-none-eabi/10.2.1/thumb/v7-m/nofp/crtn.o
OUTPUT(build/TestProject.elf elf32-littlearm)
LOAD linker stubs
LOAD e:/dev/tools/gcc-arm-none-eabi-10-2020-q4-major/bin/../lib/gcc/arm-none-eabi/10.2.1/../../../../arm-none-eabi/lib/thumb/v7-m/nofp\libc.a
LOAD e:/dev/tools/gcc-arm-none-eabi-10-2020-q4-major/bin/../lib/gcc/arm-none-eabi/10.2.1/../../../../arm-none-eabi/lib/thumb/v7-m/nofp\libm.a
LOAD e:/dev/tools/gcc-arm-none-eabi-10-2020-q4-major/bin/../lib/gcc/arm-none-eabi/10.2.1/thumb/v7-m/nofp\libgcc.a

.debug_info     0x00000000     0x3cf1
 .debug_info    0x00000000      0x935 build/main.o
 .debug_info    0x00000935      0x29a build/stm32f1xx_it.o
 .debug_info    0x00000bcf      0x238 build/stm32f1xx_hal_msp.o
 .debug_info    0x00000e07      0x92b build/stm32f1xx_hal.o
 .debug_info    0x00001732      0xb5c build/stm32f1xx_hal_rcc.o
 .debug_info    0x0000228e      0x6d7 build/stm32f1xx_hal_gpio.o
 .debug_info    0x00002965     0x10fc build/stm32f1xx_hal_cortex.o
 .debug_info    0x00003a61      0x26e build/system_stm32f1xx.o
 .debug_info    0x00003ccf       0x22 build/startup_stm32f103xg.o

.debug_abbrev   0x00000000      0xf61
 .debug_abbrev  0x00000000      0x1fd build/main.o
 .debug_abbrev  0x000001fd       0xe4 build/stm32f1xx_it.o
 .debug_abbrev  0x000002e1       0xe7 build/stm32f1xx_hal_msp.o
 .debug_abbrev  0x000003c8      0x209 build/stm32f1xx_hal.o
 .debug_abbrev  0x000005d1      0x29a build/stm32f1xx_hal_rcc.o
 .debug_abbrev  0x0000086b      0x222 build/stm32f1xx_hal_gpio.o
 .debug_abbrev  0x00000a8d      0x382 build/stm32f1xx_hal_cortex.o
 .debug_abbrev  0x00000e0f      0x140 build/system_stm32f1xx.o
 .debug_abbrev  0x00000f4f       0x12 build/startup_stm32f103xg.o

.debug_loc      0x00000000     0x1982
 .debug_loc     0x00000000       0x9e build/main.o
 .debug_loc     0x0000009e       0xe0 build/stm32f1xx_it.o
 .debug_loc     0x0000017e       0x41 build/stm32f1xx_hal_msp.o
 .debug_loc     0x000001bf      0x1e1 build/stm32f1xx_hal.o
 .debug_loc     0x000003a0      0x7ee build/stm32f1xx_hal_rcc.o
 .debug_loc     0x00000b8e      0x551 build/stm32f1xx_hal_gpio.o
 .debug_loc     0x000010df      0x7a4 build/stm32f1xx_hal_cortex.o
 .debug_loc     0x00001883       0xff build/system_stm32f1xx.o

.debug_aranges  0x00000000      0x3a8
 .debug_aranges
                0x00000000       0x38 build/main.o
 .debug_aranges
                0x00000038       0x90 build/stm32f1xx_it.o
 .debug_aranges
                0x000000c8       0x20 build/stm32f1xx_hal_msp.o
 .debug_aranges
                0x000000e8       0xe0 build/stm32f1xx_hal.o
 .debug_aranges
                0x000001c8       0x90 build/stm32f1xx_hal_rcc.o
 .debug_aranges
                0x00000258       0x58 build/stm32f1xx_hal_gpio.o
 .debug_aranges
                0x000002b0       0xa8 build/stm32f1xx_hal_cortex.o
 .debug_aranges
                0x00000358       0x28 build/system_stm32f1xx.o
 .debug_aranges
                0x00000380       0x28 build/startup_stm32f103xg.o

.debug_ranges   0x00000000      0x3a0
 .debug_ranges  0x00000000       0x28 build/main.o
 .debug_ranges  0x00000028       0x80 build/stm32f1xx_it.o
 .debug_ranges  0x000000a8       0x10 build/stm32f1xx_hal_msp.o
 .debug_ranges  0x000000b8       0xd0 build/stm32f1xx_hal.o
 .debug_ranges  0x00000188       0xa0 build/stm32f1xx_hal_rcc.o
 .debug_ranges  0x00000228       0x48 build/stm32f1xx_hal_gpio.o
 .debug_ranges  0x00000270       0xf8 build/stm32f1xx_hal_cortex.o
 .debug_ranges  0x00000368       0x18 build/system_stm32f1xx.o
 .debug_ranges  0x00000380       0x20 build/startup_stm32f103xg.o

.debug_line     0x00000000     0x28b8
 .debug_line    0x00000000      0x389 build/main.o
 .debug_line    0x00000389      0x2df build/stm32f1xx_it.o
 .debug_line    0x00000668      0x15b build/stm32f1xx_hal_msp.o
 .debug_line    0x000007c3      0x50c build/stm32f1xx_hal.o
 .debug_line    0x00000ccf      0xc0a build/stm32f1xx_hal_rcc.o
 .debug_line    0x000018d9      0x5d5 build/stm32f1xx_hal_gpio.o
 .debug_line    0x00001eae      0x772 build/stm32f1xx_hal_cortex.o
 .debug_line    0x00002620      0x224 build/system_stm32f1xx.o
 .debug_line    0x00002844       0x74 build/startup_stm32f103xg.o

.debug_str      0x00000000     0x14d7
 .debug_str     0x00000000      0x7b3 build/main.o
                                0x80b (size before relaxing)
 .debug_str     0x000007b3      0x135 build/stm32f1xx_it.o
                                0x28a (size before relaxing)
 .debug_str     0x000008e8       0x57 build/stm32f1xx_hal_msp.o
                                0x1f2 (size before relaxing)
 .debug_str     0x0000093f      0x335 build/stm32f1xx_hal.o
                                0x918 (size before relaxing)
 .debug_str     0x00000c74      0x217 build/stm32f1xx_hal_rcc.o
                                0x618 (size before relaxing)
 .debug_str     0x00000e8b      0x10e build/stm32f1xx_hal_gpio.o
                                0x3d3 (size before relaxing)
 .debug_str     0x00000f99      0x4cb build/stm32f1xx_hal_cortex.o
                                0xae0 (size before relaxing)
 .debug_str     0x00001464       0x4f build/system_stm32f1xx.o
                                0x227 (size before relaxing)
 .debug_str     0x000014b3       0x24 build/startup_stm32f103xg.o
                                 0x46 (size before relaxing)

.comment        0x00000000       0x4d
 .comment       0x00000000       0x4d build/main.o
                                 0x4e (size before relaxing)
 .comment       0x0000004d       0x4e build/stm32f1xx_it.o
 .comment       0x0000004d       0x4e build/stm32f1xx_hal_msp.o
 .comment       0x0000004d       0x4e build/stm32f1xx_hal.o
 .comment       0x0000004d       0x4e build/stm32f1xx_hal_rcc.o
 .comment       0x0000004d       0x4e build/stm32f1xx_hal_gpio.o
 .comment       0x0000004d       0x4e build/stm32f1xx_hal_cortex.o
 .comment       0x0000004d       0x4e build/system_stm32f1xx.o

.debug_frame    0x00000000      0x7e0
 .debug_frame   0x00000000       0x7c build/main.o
 .debug_frame   0x0000007c      0x138 build/stm32f1xx_it.o
 .debug_frame   0x000001b4       0x28 build/stm32f1xx_hal_msp.o
 .debug_frame   0x000001dc      0x1cc build/stm32f1xx_hal.o
 .debug_frame   0x000003a8      0x190 build/stm32f1xx_hal_rcc.o
 .debug_frame   0x00000538       0xe4 build/stm32f1xx_hal_gpio.o
 .debug_frame   0x0000061c      0x148 build/stm32f1xx_hal_cortex.o
 .debug_frame   0x00000764       0x30 build/system_stm32f1xx.o
 .debug_frame   0x00000794       0x2c e:/dev/tools/gcc-arm-none-eabi-10-2020-q4-major/bin/../lib/gcc/arm-none-eabi/10.2.1/../../../../arm-none-eabi/lib/thumb/v7-m/nofp\libc_nano.a(lib_a-init.o)
 .debug_frame   0x000007c0       0x20 e:/dev/tools/gcc-arm-none-eabi-10-2020-q4-major/bin/../lib/gcc/arm-none-eabi/10.2.1/../../../../arm-none-eabi/lib/thumb/v7-m/nofp\libc_nano.a(lib_a-memset.o)

Cross Reference Table

Symbol                                            File
ADC1_2_IRQHandler                                 build/startup_stm32f103xg.o
ADC3_IRQHandler                                   build/startup_stm32f103xg.o
AHBPrescTable                                     build/system_stm32f1xx.o
                                                  build/stm32f1xx_hal_rcc.o
APBPrescTable                                     build/system_stm32f1xx.o
                                                  build/stm32f1xx_hal_rcc.o
BusFault_Handler                                  build/stm32f1xx_it.o
CAN1_RX1_IRQHandler                               build/startup_stm32f103xg.o
CAN1_SCE_IRQHandler                               build/startup_stm32f103xg.o
DMA1_Channel1_IRQHandler                          build/startup_stm32f103xg.o
DMA1_Channel2_IRQHandler                          build/startup_stm32f103xg.o
DMA1_Channel3_IRQHandler                          build/startup_stm32f103xg.o
DMA1_Channel4_IRQHandler                          build/startup_stm32f103xg.o
DMA1_Channel5_IRQHandler                          build/startup_stm32f103xg.o
DMA1_Channel6_IRQHandler                          build/startup_stm32f103xg.o
DMA1_Channel7_IRQHandler                          build/startup_stm32f103xg.o
DMA2_Channel1_IRQHandler                          build/startup_stm32f103xg.o
DMA2_Channel2_IRQHandler                          build/startup_stm32f103xg.o
DMA2_Channel3_IRQHandler                          build/startup_stm32f103xg.o
DMA2_Channel4_5_IRQHandler                        build/startup_stm32f103xg.o
DebugMon_Handler                                  build/stm32f1xx_it.o
Default_Handler                                   build/startup_stm32f103xg.o
EXTI0_IRQHandler                                  build/stm32f1xx_it.o
EXTI15_10_IRQHandler                              build/startup_stm32f103xg.o
EXTI1_IRQHandler                                  build/stm32f1xx_it.o
EXTI2_IRQHandler                                  build/stm32f1xx_it.o
EXTI3_IRQHandler                                  build/stm32f1xx_it.o
EXTI4_IRQHandler                                  build/stm32f1xx_it.o
EXTI9_5_IRQHandler                                build/stm32f1xx_it.o
Error_Handler                                     build/main.o
FLASH_IRQHandler                                  build/startup_stm32f103xg.o
FLASH_PageErase                                   build/stm32f1xx_hal_flash_ex.o
                                                  build/stm32f1xx_hal_flash.o
FLASH_WaitForLastOperation                        build/stm32f1xx_hal_flash.o
                                                  build/stm32f1xx_hal_flash_ex.o
FLASH_WaitForLastOperationBank2                   build/stm32f1xx_hal_flash.o
                                                  build/stm32f1xx_hal_flash_ex.o
FSMC_IRQHandler                                   build/startup_stm32f103xg.o
HAL_DBGMCU_DisableDBGSleepMode                    build/stm32f1xx_hal.o
HAL_DBGMCU_DisableDBGStandbyMode                  build/stm32f1xx_hal.o
HAL_DBGMCU_DisableDBGStopMode                     build/stm32f1xx_hal.o
HAL_DBGMCU_EnableDBGSleepMode                     build/stm32f1xx_hal.o
HAL_DBGMCU_EnableDBGStandbyMode                   build/stm32f1xx_hal.o
HAL_DBGMCU_EnableDBGStopMode                      build/stm32f1xx_hal.o
HAL_DMA_Abort                                     build/stm32f1xx_hal_dma.o
HAL_DMA_Abort_IT                                  build/stm32f1xx_hal_dma.o
HAL_DMA_DeInit                                    build/stm32f1xx_hal_dma.o
HAL_DMA_GetError                                  build/stm32f1xx_hal_dma.o
HAL_DMA_GetState                                  build/stm32f1xx_hal_dma.o
HAL_DMA_IRQHandler                                build/stm32f1xx_hal_dma.o
HAL_DMA_Init                                      build/stm32f1xx_hal_dma.o
HAL_DMA_PollForTransfer                           build/stm32f1xx_hal_dma.o
HAL_DMA_RegisterCallback                          build/stm32f1xx_hal_dma.o
HAL_DMA_Start                                     build/stm32f1xx_hal_dma.o
HAL_DMA_Start_IT                                  build/stm32f1xx_hal_dma.o
HAL_DMA_UnRegisterCallback                        build/stm32f1xx_hal_dma.o
HAL_DeInit                                        build/stm32f1xx_hal.o
HAL_Delay                                         build/stm32f1xx_hal.o
HAL_EXTI_ClearConfigLine                          build/stm32f1xx_hal_exti.o
HAL_EXTI_ClearPending                             build/stm32f1xx_hal_exti.o
HAL_EXTI_GenerateSWI                              build/stm32f1xx_hal_exti.o
HAL_EXTI_GetConfigLine                            build/stm32f1xx_hal_exti.o
HAL_EXTI_GetHandle                                build/stm32f1xx_hal_exti.o
HAL_EXTI_GetPending                               build/stm32f1xx_hal_exti.o
HAL_EXTI_IRQHandler                               build/stm32f1xx_hal_exti.o
HAL_EXTI_RegisterCallback                         build/stm32f1xx_hal_exti.o
HAL_EXTI_SetConfigLine                            build/stm32f1xx_hal_exti.o
HAL_FLASHEx_Erase                                 build/stm32f1xx_hal_flash_ex.o
HAL_FLASHEx_Erase_IT                              build/stm32f1xx_hal_flash_ex.o
HAL_FLASHEx_OBErase                               build/stm32f1xx_hal_flash_ex.o
HAL_FLASHEx_OBGetConfig                           build/stm32f1xx_hal_flash_ex.o
HAL_FLASHEx_OBGetUserData                         build/stm32f1xx_hal_flash_ex.o
HAL_FLASHEx_OBProgram                             build/stm32f1xx_hal_flash_ex.o
HAL_FLASH_EndOfOperationCallback                  build/stm32f1xx_hal_flash.o
HAL_FLASH_GetError                                build/stm32f1xx_hal_flash.o
HAL_FLASH_IRQHandler                              build/stm32f1xx_hal_flash.o
HAL_FLASH_Lock                                    build/stm32f1xx_hal_flash.o
HAL_FLASH_OB_Launch                               build/stm32f1xx_hal_flash.o
HAL_FLASH_OB_Lock                                 build/stm32f1xx_hal_flash.o
HAL_FLASH_OB_Unlock                               build/stm32f1xx_hal_flash.o
HAL_FLASH_OperationErrorCallback                  build/stm32f1xx_hal_flash.o
HAL_FLASH_Program                                 build/stm32f1xx_hal_flash.o
HAL_FLASH_Program_IT                              build/stm32f1xx_hal_flash.o
HAL_FLASH_Unlock                                  build/stm32f1xx_hal_flash.o
HAL_GPIOEx_ConfigEventout                         build/stm32f1xx_hal_gpio_ex.o
HAL_GPIOEx_DisableEventout                        build/stm32f1xx_hal_gpio_ex.o
HAL_GPIOEx_EnableEventout                         build/stm32f1xx_hal_gpio_ex.o
HAL_GPIO_DeInit                                   build/stm32f1xx_hal_gpio.o
HAL_GPIO_EXTI_Callback                            build/stm32f1xx_hal_gpio.o
HAL_GPIO_EXTI_IRQHandler                          build/stm32f1xx_hal_gpio.o
                                                  build/stm32f1xx_it.o
HAL_GPIO_Init                                     build/stm32f1xx_hal_gpio.o
                                                  build/stm32f1xx_hal_rcc.o
                                                  build/main.o
HAL_GPIO_LockPin                                  build/stm32f1xx_hal_gpio.o
HAL_GPIO_ReadPin                                  build/stm32f1xx_hal_gpio.o
HAL_GPIO_TogglePin                                build/stm32f1xx_hal_gpio.o
HAL_GPIO_WritePin                                 build/stm32f1xx_hal_gpio.o
                                                  build/main.o
HAL_GetDEVID                                      build/stm32f1xx_hal.o
HAL_GetHalVersion                                 build/stm32f1xx_hal.o
HAL_GetREVID                                      build/stm32f1xx_hal.o
HAL_GetTick                                       build/stm32f1xx_hal.o
                                                  build/stm32f1xx_hal_flash.o
                                                  build/stm32f1xx_hal_dma.o
                                                  build/stm32f1xx_hal_rcc_ex.o
                                                  build/stm32f1xx_hal_rcc.o
HAL_GetTickFreq                                   build/stm32f1xx_hal.o
HAL_GetTickPrio                                   build/stm32f1xx_hal.o
HAL_GetUIDw0                                      build/stm32f1xx_hal.o
HAL_GetUIDw1                                      build/stm32f1xx_hal.o
HAL_GetUIDw2                                      build/stm32f1xx_hal.o
HAL_IncTick                                       build/stm32f1xx_hal.o
                                                  build/stm32f1xx_it.o
HAL_Init                                          build/stm32f1xx_hal.o
                                                  build/main.o
HAL_InitTick                                      build/stm32f1xx_hal.o
                                                  build/stm32f1xx_hal_rcc.o
HAL_MPU_ConfigRegion                              build/stm32f1xx_hal_cortex.o
HAL_MPU_Disable                                   build/stm32f1xx_hal_cortex.o
HAL_MPU_Enable                                    build/stm32f1xx_hal_cortex.o
HAL_MspDeInit                                     build/stm32f1xx_hal.o
HAL_MspInit                                       build/stm32f1xx_hal_msp.o
HAL_NVIC_ClearPendingIRQ                          build/stm32f1xx_hal_cortex.o
HAL_NVIC_DisableIRQ                               build/stm32f1xx_hal_cortex.o
HAL_NVIC_EnableIRQ                                build/stm32f1xx_hal_cortex.o
                                                  build/main.o
HAL_NVIC_GetActive                                build/stm32f1xx_hal_cortex.o
HAL_NVIC_GetPendingIRQ                            build/stm32f1xx_hal_cortex.o
HAL_NVIC_GetPriority                              build/stm32f1xx_hal_cortex.o
HAL_NVIC_GetPriorityGrouping                      build/stm32f1xx_hal_cortex.o
HAL_NVIC_SetPendingIRQ                            build/stm32f1xx_hal_cortex.o
HAL_NVIC_SetPriority                              build/stm32f1xx_hal_cortex.o
                                                  build/stm32f1xx_hal.o
                                                  build/main.o
HAL_NVIC_SetPriorityGrouping                      build/stm32f1xx_hal_cortex.o
                                                  build/stm32f1xx_hal.o
HAL_NVIC_SystemReset                              build/stm32f1xx_hal_cortex.o
                                                  build/stm32f1xx_hal_flash.o
HAL_PWR_ConfigPVD                                 build/stm32f1xx_hal_pwr.o
HAL_PWR_DeInit                                    build/stm32f1xx_hal_pwr.o
HAL_PWR_DisableBkUpAccess                         build/stm32f1xx_hal_pwr.o
HAL_PWR_DisablePVD                                build/stm32f1xx_hal_pwr.o
HAL_PWR_DisableSEVOnPend                          build/stm32f1xx_hal_pwr.o
HAL_PWR_DisableSleepOnExit                        build/stm32f1xx_hal_pwr.o
HAL_PWR_DisableWakeUpPin                          build/stm32f1xx_hal_pwr.o
HAL_PWR_EnableBkUpAccess                          build/stm32f1xx_hal_pwr.o
HAL_PWR_EnablePVD                                 build/stm32f1xx_hal_pwr.o
HAL_PWR_EnableSEVOnPend                           build/stm32f1xx_hal_pwr.o
HAL_PWR_EnableSleepOnExit                         build/stm32f1xx_hal_pwr.o
HAL_PWR_EnableWakeUpPin                           build/stm32f1xx_hal_pwr.o
HAL_PWR_EnterSLEEPMode                            build/stm32f1xx_hal_pwr.o
HAL_PWR_EnterSTANDBYMode                          build/stm32f1xx_hal_pwr.o
HAL_PWR_EnterSTOPMode                             build/stm32f1xx_hal_pwr.o
HAL_PWR_PVDCallback                               build/stm32f1xx_hal_pwr.o
HAL_PWR_PVD_IRQHandler                            build/stm32f1xx_hal_pwr.o
HAL_RCCEx_GetPeriphCLKConfig                      build/stm32f1xx_hal_rcc_ex.o
HAL_RCCEx_GetPeriphCLKFreq                        build/stm32f1xx_hal_rcc_ex.o
HAL_RCCEx_PeriphCLKConfig                         build/stm32f1xx_hal_rcc_ex.o
HAL_RCC_CSSCallback                               build/stm32f1xx_hal_rcc.o
HAL_RCC_ClockConfig                               build/stm32f1xx_hal_rcc.o
                                                  build/main.o
HAL_RCC_DeInit                                    build/stm32f1xx_hal_rcc.o
HAL_RCC_DisableCSS                                build/stm32f1xx_hal_rcc.o
HAL_RCC_EnableCSS                                 build/stm32f1xx_hal_rcc.o
HAL_RCC_GetClockConfig                            build/stm32f1xx_hal_rcc.o
HAL_RCC_GetHCLKFreq                               build/stm32f1xx_hal_rcc.o
HAL_RCC_GetOscConfig                              build/stm32f1xx_hal_rcc.o
HAL_RCC_GetPCLK1Freq                              build/stm32f1xx_hal_rcc.o
HAL_RCC_GetPCLK2Freq                              build/stm32f1xx_hal_rcc.o
                                                  build/stm32f1xx_hal_rcc_ex.o
HAL_RCC_GetSysClockFreq                           build/stm32f1xx_hal_rcc.o
                                                  build/stm32f1xx_hal_rcc_ex.o
HAL_RCC_MCOConfig                                 build/stm32f1xx_hal_rcc.o
HAL_RCC_NMI_IRQHandler                            build/stm32f1xx_hal_rcc.o
HAL_RCC_OscConfig                                 build/stm32f1xx_hal_rcc.o
                                                  build/main.o
HAL_ResumeTick                                    build/stm32f1xx_hal.o
HAL_SYSTICK_CLKSourceConfig                       build/stm32f1xx_hal_cortex.o
HAL_SYSTICK_Callback                              build/stm32f1xx_hal_cortex.o
HAL_SYSTICK_Config                                build/stm32f1xx_hal_cortex.o
                                                  build/stm32f1xx_hal.o
HAL_SYSTICK_IRQHandler                            build/stm32f1xx_hal_cortex.o
HAL_SetTickFreq                                   build/stm32f1xx_hal.o
HAL_SuspendTick                                   build/stm32f1xx_hal.o
HardFault_Handler                                 build/stm32f1xx_it.o
I2C1_ER_IRQHandler                                build/startup_stm32f103xg.o
I2C1_EV_IRQHandler                                build/startup_stm32f103xg.o
I2C2_ER_IRQHandler                                build/startup_stm32f103xg.o
I2C2_EV_IRQHandler                                build/startup_stm32f103xg.o
MemManage_Handler                                 build/stm32f1xx_it.o
NMI_Handler                                       build/stm32f1xx_it.o
PVD_IRQHandler                                    build/startup_stm32f103xg.o
PendSV_Handler                                    build/stm32f1xx_it.o
RCC_IRQHandler                                    build/startup_stm32f103xg.o
RTC_Alarm_IRQHandler                              build/startup_stm32f103xg.o
RTC_IRQHandler                                    build/startup_stm32f103xg.o
Reset_Handler                                     build/startup_stm32f103xg.o
SDIO_IRQHandler                                   build/startup_stm32f103xg.o
SPI1_IRQHandler                                   build/startup_stm32f103xg.o
SPI2_IRQHandler                                   build/startup_stm32f103xg.o
SPI3_IRQHandler                                   build/startup_stm32f103xg.o
SVC_Handler                                       build/stm32f1xx_it.o
SysTick_Handler                                   build/stm32f1xx_it.o
SystemClock_Config                                build/main.o
SystemCoreClock                                   build/system_stm32f1xx.o
                                                  build/stm32f1xx_hal_rcc.o
                                                  build/stm32f1xx_hal.o
SystemCoreClockUpdate                             build/system_stm32f1xx.o
SystemInit                                        build/system_stm32f1xx.o
                                                  build/startup_stm32f103xg.o
TAMPER_IRQHandler                                 build/startup_stm32f103xg.o
TIM1_BRK_TIM9_IRQHandler                          build/startup_stm32f103xg.o
TIM1_CC_IRQHandler                                build/startup_stm32f103xg.o
TIM1_TRG_COM_TIM11_IRQHandler                     build/startup_stm32f103xg.o
TIM1_UP_TIM10_IRQHandler                          build/startup_stm32f103xg.o
TIM2_IRQHandler                                   build/startup_stm32f103xg.o
TIM3_IRQHandler                                   build/startup_stm32f103xg.o
TIM4_IRQHandler                                   build/startup_stm32f103xg.o
TIM5_IRQHandler                                   build/startup_stm32f103xg.o
TIM6_IRQHandler                                   build/startup_stm32f103xg.o
TIM7_IRQHandler                                   build/startup_stm32f103xg.o
TIM8_BRK_TIM12_IRQHandler                         build/startup_stm32f103xg.o
TIM8_CC_IRQHandler                                build/startup_stm32f103xg.o
TIM8_TRG_COM_TIM14_IRQHandler                     build/startup_stm32f103xg.o
TIM8_UP_TIM13_IRQHandler                          build/startup_stm32f103xg.o
UART4_IRQHandler                                  build/startup_stm32f103xg.o
UART5_IRQHandler                                  build/startup_stm32f103xg.o
USART1_IRQHandler                                 build/startup_stm32f103xg.o
USART2_IRQHandler                                 build/startup_stm32f103xg.o
USART3_IRQHandler                                 build/startup_stm32f103xg.o
USBWakeUp_IRQHandler                              build/startup_stm32f103xg.o
USB_HP_CAN1_TX_IRQHandler                         build/startup_stm32f103xg.o
USB_LP_CAN1_RX0_IRQHandler                        build/startup_stm32f103xg.o
UsageFault_Handler                                build/stm32f1xx_it.o
WWDG_IRQHandler                                   build/startup_stm32f103xg.o
__bss_end__                                       e:/dev/tools/gcc-arm-none-eabi-10-2020-q4-major/bin/../lib/gcc/arm-none-eabi/10.2.1/../../../../arm-none-eabi/lib/thumb/v7-m/nofp/crt0.o
__bss_start__                                     e:/dev/tools/gcc-arm-none-eabi-10-2020-q4-major/bin/../lib/gcc/arm-none-eabi/10.2.1/../../../../arm-none-eabi/lib/thumb/v7-m/nofp/crt0.o
__call_exitprocs                                  e:/dev/tools/gcc-arm-none-eabi-10-2020-q4-major/bin/../lib/gcc/arm-none-eabi/10.2.1/../../../../arm-none-eabi/lib/thumb/v7-m/nofp\libc_nano.a(lib_a-exit.o)
__deregister_frame_info                           e:/dev/tools/gcc-arm-none-eabi-10-2020-q4-major/bin/../lib/gcc/arm-none-eabi/10.2.1/thumb/v7-m/nofp/crtbegin.o
__dso_handle                                      e:/dev/tools/gcc-arm-none-eabi-10-2020-q4-major/bin/../lib/gcc/arm-none-eabi/10.2.1/thumb/v7-m/nofp/crtbegin.o
__init_array_end                                  e:/dev/tools/gcc-arm-none-eabi-10-2020-q4-major/bin/../lib/gcc/arm-none-eabi/10.2.1/../../../../arm-none-eabi/lib/thumb/v7-m/nofp\libc_nano.a(lib_a-init.o)
__init_array_start                                e:/dev/tools/gcc-arm-none-eabi-10-2020-q4-major/bin/../lib/gcc/arm-none-eabi/10.2.1/../../../../arm-none-eabi/lib/thumb/v7-m/nofp\libc_nano.a(lib_a-init.o)
__libc_fini_array                                 e:/dev/tools/gcc-arm-none-eabi-10-2020-q4-major/bin/../lib/gcc/arm-none-eabi/10.2.1/../../../../arm-none-eabi/lib/thumb/v7-m/nofp/crt0.o
__libc_init_array                                 e:/dev/tools/gcc-arm-none-eabi-10-2020-q4-major/bin/../lib/gcc/arm-none-eabi/10.2.1/../../../../arm-none-eabi/lib/thumb/v7-m/nofp\libc_nano.a(lib_a-init.o)
                                                  build/startup_stm32f103xg.o
                                                  e:/dev/tools/gcc-arm-none-eabi-10-2020-q4-major/bin/../lib/gcc/arm-none-eabi/10.2.1/../../../../arm-none-eabi/lib/thumb/v7-m/nofp/crt0.o
__preinit_array_end                               e:/dev/tools/gcc-arm-none-eabi-10-2020-q4-major/bin/../lib/gcc/arm-none-eabi/10.2.1/../../../../arm-none-eabi/lib/thumb/v7-m/nofp\libc_nano.a(lib_a-init.o)
__preinit_array_start                             e:/dev/tools/gcc-arm-none-eabi-10-2020-q4-major/bin/../lib/gcc/arm-none-eabi/10.2.1/../../../../arm-none-eabi/lib/thumb/v7-m/nofp\libc_nano.a(lib_a-init.o)
__register_frame_info                             e:/dev/tools/gcc-arm-none-eabi-10-2020-q4-major/bin/../lib/gcc/arm-none-eabi/10.2.1/thumb/v7-m/nofp/crtbegin.o
__sf_fake_stderr                                  e:/dev/tools/gcc-arm-none-eabi-10-2020-q4-major/bin/../lib/gcc/arm-none-eabi/10.2.1/../../../../arm-none-eabi/lib/thumb/v7-m/nofp\libc_nano.a(lib_a-impure.o)
__sf_fake_stdin                                   e:/dev/tools/gcc-arm-none-eabi-10-2020-q4-major/bin/../lib/gcc/arm-none-eabi/10.2.1/../../../../arm-none-eabi/lib/thumb/v7-m/nofp\libc_nano.a(lib_a-impure.o)
__sf_fake_stdout                                  e:/dev/tools/gcc-arm-none-eabi-10-2020-q4-major/bin/../lib/gcc/arm-none-eabi/10.2.1/../../../../arm-none-eabi/lib/thumb/v7-m/nofp\libc_nano.a(lib_a-impure.o)
__stack                                           e:/dev/tools/gcc-arm-none-eabi-10-2020-q4-major/bin/../lib/gcc/arm-none-eabi/10.2.1/../../../../arm-none-eabi/lib/thumb/v7-m/nofp/crt0.o
_ebss                                             build/startup_stm32f103xg.o
_edata                                            build/startup_stm32f103xg.o
_estack                                           build/startup_stm32f103xg.o
_exit                                             e:/dev/tools/gcc-arm-none-eabi-10-2020-q4-major/bin/../lib/gcc/arm-none-eabi/10.2.1/../../../../arm-none-eabi/lib/thumb/v7-m/nofp\libnosys.a(_exit.o)
                                                  e:/dev/tools/gcc-arm-none-eabi-10-2020-q4-major/bin/../lib/gcc/arm-none-eabi/10.2.1/../../../../arm-none-eabi/lib/thumb/v7-m/nofp\libc_nano.a(lib_a-exit.o)
_fini                                             e:/dev/tools/gcc-arm-none-eabi-10-2020-q4-major/bin/../lib/gcc/arm-none-eabi/10.2.1/thumb/v7-m/nofp/crti.o
_global_impure_ptr                                e:/dev/tools/gcc-arm-none-eabi-10-2020-q4-major/bin/../lib/gcc/arm-none-eabi/10.2.1/../../../../arm-none-eabi/lib/thumb/v7-m/nofp\libc_nano.a(lib_a-impure.o)
                                                  e:/dev/tools/gcc-arm-none-eabi-10-2020-q4-major/bin/../lib/gcc/arm-none-eabi/10.2.1/../../../../arm-none-eabi/lib/thumb/v7-m/nofp\libc_nano.a(lib_a-exit.o)
_impure_ptr                                       e:/dev/tools/gcc-arm-none-eabi-10-2020-q4-major/bin/../lib/gcc/arm-none-eabi/10.2.1/../../../../arm-none-eabi/lib/thumb/v7-m/nofp\libc_nano.a(lib_a-impure.o)
_init                                             e:/dev/tools/gcc-arm-none-eabi-10-2020-q4-major/bin/../lib/gcc/arm-none-eabi/10.2.1/thumb/v7-m/nofp/crti.o
                                                  e:/dev/tools/gcc-arm-none-eabi-10-2020-q4-major/bin/../lib/gcc/arm-none-eabi/10.2.1/../../../../arm-none-eabi/lib/thumb/v7-m/nofp\libc_nano.a(lib_a-init.o)
_mainCRTStartup                                   e:/dev/tools/gcc-arm-none-eabi-10-2020-q4-major/bin/../lib/gcc/arm-none-eabi/10.2.1/../../../../arm-none-eabi/lib/thumb/v7-m/nofp/crt0.o
_sbss                                             build/startup_stm32f103xg.o
_sdata                                            build/startup_stm32f103xg.o
_sidata                                           build/startup_stm32f103xg.o
_stack_init                                       e:/dev/tools/gcc-arm-none-eabi-10-2020-q4-major/bin/../lib/gcc/arm-none-eabi/10.2.1/../../../../arm-none-eabi/lib/thumb/v7-m/nofp/crt0.o
_start                                            e:/dev/tools/gcc-arm-none-eabi-10-2020-q4-major/bin/../lib/gcc/arm-none-eabi/10.2.1/../../../../arm-none-eabi/lib/thumb/v7-m/nofp/crt0.o
atexit                                            e:/dev/tools/gcc-arm-none-eabi-10-2020-q4-major/bin/../lib/gcc/arm-none-eabi/10.2.1/../../../../arm-none-eabi/lib/thumb/v7-m/nofp/crt0.o
exit                                              e:/dev/tools/gcc-arm-none-eabi-10-2020-q4-major/bin/../lib/gcc/arm-none-eabi/10.2.1/../../../../arm-none-eabi/lib/thumb/v7-m/nofp\libc_nano.a(lib_a-exit.o)
                                                  e:/dev/tools/gcc-arm-none-eabi-10-2020-q4-major/bin/../lib/gcc/arm-none-eabi/10.2.1/../../../../arm-none-eabi/lib/thumb/v7-m/nofp/crt0.o
g_pfnVectors                                      build/startup_stm32f103xg.o
hardware_init_hook                                e:/dev/tools/gcc-arm-none-eabi-10-2020-q4-major/bin/../lib/gcc/arm-none-eabi/10.2.1/../../../../arm-none-eabi/lib/thumb/v7-m/nofp/crt0.o
main                                              build/main.o
                                                  build/startup_stm32f103xg.o
                                                  e:/dev/tools/gcc-arm-none-eabi-10-2020-q4-major/bin/../lib/gcc/arm-none-eabi/10.2.1/../../../../arm-none-eabi/lib/thumb/v7-m/nofp/crt0.o
memset                                            e:/dev/tools/gcc-arm-none-eabi-10-2020-q4-major/bin/../lib/gcc/arm-none-eabi/10.2.1/../../../../arm-none-eabi/lib/thumb/v7-m/nofp\libc_nano.a(lib_a-memset.o)
                                                  build/main.o
                                                  e:/dev/tools/gcc-arm-none-eabi-10-2020-q4-major/bin/../lib/gcc/arm-none-eabi/10.2.1/../../../../arm-none-eabi/lib/thumb/v7-m/nofp/crt0.o
pFlash                                            build/stm32f1xx_hal_flash.o
                                                  build/stm32f1xx_hal_flash_ex.o
software_init_hook                                e:/dev/tools/gcc-arm-none-eabi-10-2020-q4-major/bin/../lib/gcc/arm-none-eabi/10.2.1/../../../../arm-none-eabi/lib/thumb/v7-m/nofp/crt0.o
uwTick                                            build/stm32f1xx_hal.o
uwTickFreq                                        build/stm32f1xx_hal.o
uwTickPrio                                        build/stm32f1xx_hal.o
                                                  build/stm32f1xx_hal_rcc.o
