Archive member included to satisfy reference by file (symbol)

c:/users/a.semcov/frameworks/gcc-arm/bin/../lib/gcc/arm-none-eabi/8.2.1/../../../../arm-none-eabi/lib/thumb/v7-m/nofp\libc.a(lib_a-exit.o)
                              c:/users/a.semcov/frameworks/gcc-arm/bin/../lib/gcc/arm-none-eabi/8.2.1/../../../../arm-none-eabi/lib/thumb/v7-m/nofp/crt0.o (exit)
c:/users/a.semcov/frameworks/gcc-arm/bin/../lib/gcc/arm-none-eabi/8.2.1/../../../../arm-none-eabi/lib/thumb/v7-m/nofp\libc.a(lib_a-impure.o)
                              c:/users/a.semcov/frameworks/gcc-arm/bin/../lib/gcc/arm-none-eabi/8.2.1/../../../../arm-none-eabi/lib/thumb/v7-m/nofp\libc.a(lib_a-exit.o) (_global_impure_ptr)
c:/users/a.semcov/frameworks/gcc-arm/bin/../lib/gcc/arm-none-eabi/8.2.1/../../../../arm-none-eabi/lib/thumb/v7-m/nofp\libc.a(lib_a-init.o)
                              c:/users/a.semcov/frameworks/gcc-arm/bin/../lib/gcc/arm-none-eabi/8.2.1/../../../../arm-none-eabi/lib/thumb/v7-m/nofp/crt0.o (__libc_init_array)
c:/users/a.semcov/frameworks/gcc-arm/bin/../lib/gcc/arm-none-eabi/8.2.1/../../../../arm-none-eabi/lib/thumb/v7-m/nofp\libc.a(lib_a-memset.o)
                              c:/users/a.semcov/frameworks/gcc-arm/bin/../lib/gcc/arm-none-eabi/8.2.1/../../../../arm-none-eabi/lib/thumb/v7-m/nofp/crt0.o (memset)
c:/users/a.semcov/frameworks/gcc-arm/bin/../lib/gcc/arm-none-eabi/8.2.1/../../../../arm-none-eabi/lib/thumb/v7-m/nofp\libc.a(lib_a-strlen-stub.o)
                              build/main.o (strlen)
c:/users/a.semcov/frameworks/gcc-arm/bin/../lib/gcc/arm-none-eabi/8.2.1/../../../../arm-none-eabi/lib/thumb/v7-m/nofp\libc.a(lib_a-vsnprintf.o)
                              build/main.o (vsnprintf)
c:/users/a.semcov/frameworks/gcc-arm/bin/../lib/gcc/arm-none-eabi/8.2.1/../../../../arm-none-eabi/lib/thumb/v7-m/nofp\libc.a(lib_a-__call_atexit.o)
                              c:/users/a.semcov/frameworks/gcc-arm/bin/../lib/gcc/arm-none-eabi/8.2.1/../../../../arm-none-eabi/lib/thumb/v7-m/nofp\libc.a(lib_a-exit.o) (__call_exitprocs)
c:/users/a.semcov/frameworks/gcc-arm/bin/../lib/gcc/arm-none-eabi/8.2.1/../../../../arm-none-eabi/lib/thumb/v7-m/nofp\libc.a(lib_a-atexit.o)
                              c:/users/a.semcov/frameworks/gcc-arm/bin/../lib/gcc/arm-none-eabi/8.2.1/../../../../arm-none-eabi/lib/thumb/v7-m/nofp\libc.a(lib_a-__call_atexit.o) (atexit)
c:/users/a.semcov/frameworks/gcc-arm/bin/../lib/gcc/arm-none-eabi/8.2.1/../../../../arm-none-eabi/lib/thumb/v7-m/nofp\libc.a(lib_a-fini.o)
                              c:/users/a.semcov/frameworks/gcc-arm/bin/../lib/gcc/arm-none-eabi/8.2.1/../../../../arm-none-eabi/lib/thumb/v7-m/nofp\libc.a(lib_a-__call_atexit.o) (__libc_fini_array)
c:/users/a.semcov/frameworks/gcc-arm/bin/../lib/gcc/arm-none-eabi/8.2.1/../../../../arm-none-eabi/lib/thumb/v7-m/nofp\libc.a(lib_a-lock.o)
                              c:/users/a.semcov/frameworks/gcc-arm/bin/../lib/gcc/arm-none-eabi/8.2.1/../../../../arm-none-eabi/lib/thumb/v7-m/nofp\libc.a(lib_a-__call_atexit.o) (__retarget_lock_acquire_recursive)
c:/users/a.semcov/frameworks/gcc-arm/bin/../lib/gcc/arm-none-eabi/8.2.1/../../../../arm-none-eabi/lib/thumb/v7-m/nofp\libc.a(lib_a-svfprintf.o)
                              c:/users/a.semcov/frameworks/gcc-arm/bin/../lib/gcc/arm-none-eabi/8.2.1/../../../../arm-none-eabi/lib/thumb/v7-m/nofp\libc.a(lib_a-vsnprintf.o) (_svfprintf_r)
c:/users/a.semcov/frameworks/gcc-arm/bin/../lib/gcc/arm-none-eabi/8.2.1/../../../../arm-none-eabi/lib/thumb/v7-m/nofp\libc.a(lib_a-__atexit.o)
                              c:/users/a.semcov/frameworks/gcc-arm/bin/../lib/gcc/arm-none-eabi/8.2.1/../../../../arm-none-eabi/lib/thumb/v7-m/nofp\libc.a(lib_a-atexit.o) (__register_exitproc)
c:/users/a.semcov/frameworks/gcc-arm/bin/../lib/gcc/arm-none-eabi/8.2.1/../../../../arm-none-eabi/lib/thumb/v7-m/nofp\libc.a(lib_a-dtoa.o)
                              c:/users/a.semcov/frameworks/gcc-arm/bin/../lib/gcc/arm-none-eabi/8.2.1/../../../../arm-none-eabi/lib/thumb/v7-m/nofp\libc.a(lib_a-svfprintf.o) (_dtoa_r)
c:/users/a.semcov/frameworks/gcc-arm/bin/../lib/gcc/arm-none-eabi/8.2.1/../../../../arm-none-eabi/lib/thumb/v7-m/nofp\libc.a(lib_a-freer.o)
                              c:/users/a.semcov/frameworks/gcc-arm/bin/../lib/gcc/arm-none-eabi/8.2.1/../../../../arm-none-eabi/lib/thumb/v7-m/nofp\libc.a(lib_a-svfprintf.o) (_free_r)
c:/users/a.semcov/frameworks/gcc-arm/bin/../lib/gcc/arm-none-eabi/8.2.1/../../../../arm-none-eabi/lib/thumb/v7-m/nofp\libc.a(lib_a-localeconv.o)
                              c:/users/a.semcov/frameworks/gcc-arm/bin/../lib/gcc/arm-none-eabi/8.2.1/../../../../arm-none-eabi/lib/thumb/v7-m/nofp\libc.a(lib_a-svfprintf.o) (_localeconv_r)
c:/users/a.semcov/frameworks/gcc-arm/bin/../lib/gcc/arm-none-eabi/8.2.1/../../../../arm-none-eabi/lib/thumb/v7-m/nofp\libc.a(lib_a-mallocr.o)
[...]
Memory Configuration

Name             Origin             Length             Attributes
RAM              0x0000000020000000 0x0000000000018000 xrw
FLASH            0x0000000008000000 0x0000000000100000 xr
*default*        0x0000000000000000 0xffffffffffffffff

Linker script and memory map

LOAD c:/users/a.semcov/frameworks/gcc-arm/bin/../lib/gcc/arm-none-eabi/8.2.1/thumb/v7-m/nofp/crti.o
LOAD c:/users/a.semcov/frameworks/gcc-arm/bin/../lib/gcc/arm-none-eabi/8.2.1/thumb/v7-m/nofp/crtbegin.o
LOAD c:/users/a.semcov/frameworks/gcc-arm/bin/../lib/gcc/arm-none-eabi/8.2.1/../../../../arm-none-eabi/lib/thumb/v7-m/nofp/crt0.o
LOAD build/main.o
LOAD build/stm32f1xx_hal_msp.o
LOAD build/stm32f1xx_it.o
LOAD build/system_stm32f1xx.o
LOAD build/wiegand.o
LOAD build/stm32f1xx_hal.o
LOAD build/stm32f1xx_hal_cortex.o
LOAD build/stm32f1xx_hal_dma.o
LOAD build/stm32f1xx_hal_exti.o
LOAD build/stm32f1xx_hal_flash.o
LOAD build/stm32f1xx_hal_flash_ex.o
LOAD build/stm32f1xx_hal_gpio.o
LOAD build/stm32f1xx_hal_gpio_ex.o
LOAD build/stm32f1xx_hal_pwr.o
LOAD build/stm32f1xx_hal_rcc.o
LOAD build/stm32f1xx_hal_rcc_ex.o
LOAD build/stm32f1xx_hal_tim.o
LOAD build/stm32f1xx_hal_tim_ex.o
LOAD build/stm32f1xx_hal_uart.o
LOAD build/startup_stm32f103xg.o
LOAD c:/users/a.semcov/frameworks/gcc-arm/bin/../lib/gcc/arm-none-eabi/8.2.1/../../../../arm-none-eabi/lib/thumb/v7-m/nofp\libnosys.a
LOAD c:/users/a.semcov/frameworks/gcc-arm/bin/../lib/gcc/arm-none-eabi/8.2.1/../../../../arm-none-eabi/lib/thumb/v7-m/nofp\libstdc++.a
LOAD c:/users/a.semcov/frameworks/gcc-arm/bin/../lib/gcc/arm-none-eabi/8.2.1/../../../../arm-none-eabi/lib/thumb/v7-m/nofp\libm.a
LOAD c:/users/a.semcov/frameworks/gcc-arm/bin/../lib/gcc/arm-none-eabi/8.2.1/../../../../arm-none-eabi/lib/thumb/v7-m/nofp\libc.a
START GROUP
LOAD c:/users/a.semcov/frameworks/gcc-arm/bin/../lib/gcc/arm-none-eabi/8.2.1/thumb/v7-m/nofp\libgcc.a
LOAD c:/users/a.semcov/frameworks/gcc-arm/bin/../lib/gcc/arm-none-eabi/8.2.1/../../../../arm-none-eabi/lib/thumb/v7-m/nofp\libc.a
END GROUP
START GROUP
LOAD c:/users/a.semcov/frameworks/gcc-arm/bin/../lib/gcc/arm-none-eabi/8.2.1/thumb/v7-m/nofp\libgcc.a
LOAD c:/users/a.semcov/frameworks/gcc-arm/bin/../lib/gcc/arm-none-eabi/8.2.1/../../../../arm-none-eabi/lib/thumb/v7-m/nofp\libc.a
LOAD c:/users/a.semcov/frameworks/gcc-arm/bin/../lib/gcc/arm-none-eabi/8.2.1/../../../../arm-none-eabi/lib/thumb/v7-m/nofp\libnosys.a
END GROUP
LOAD c:/users/a.semcov/frameworks/gcc-arm/bin/../lib/gcc/arm-none-eabi/8.2.1/thumb/v7-m/nofp/crtend.o
LOAD c:/users/a.semcov/frameworks/gcc-arm/bin/../lib/gcc/arm-none-eabi/8.2.1/thumb/v7-m/nofp/crtn.o
                0x0000000020018000                _estack = 0x20018000
                0x0000000000000200                _Min_Heap_Size = 0x200
                0x0000000000000400                _Min_Stack_Size = 0x400

.isr_vector     0x0000000008000000      0x1e4
                0x0000000008000000                . = ALIGN (0x4)
 *(.isr_vector)
 .isr_vector    0x0000000008000000      0x1e4 build/startup_stm32f103xg.o
                0x0000000008000000                g_pfnVectors
                0x00000000080001e4                . = ALIGN (0x4)

.text           0x00000000080001e8     0x7998
                0x00000000080001e8                . = ALIGN (0x4)
 *(.text)
 .text          0x00000000080001e8       0xec c:/users/a.semcov/frameworks/gcc-arm/bin/../lib/gcc/arm-none-eabi/8.2.1/../../../../arm-none-eabi/lib/thumb/v7-m/nofp\libc.a(lib_a-memcpy.o)
                0x00000000080001e8                memcpy
 .text          0x00000000080002d4      0x378 c:/users/a.semcov/frameworks/gcc-arm/bin/../lib/gcc/arm-none-eabi/8.2.1/thumb/v7-m/nofp\libgcc.a(_arm_addsubdf3.o)
                0x00000000080002d4                __aeabi_drsub
                0x00000000080002dc                __aeabi_dsub
                0x00000000080002dc                __subdf3
                0x00000000080002e0                __aeabi_dadd
                0x00000000080002e0                __adddf3
                0x0000000008000558                __floatunsidf
                0x0000000008000558                __aeabi_ui2d
                0x0000000008000578                __floatsidf
                0x0000000008000578                __aeabi_i2d
                0x000000000800059c                __aeabi_f2d
                0x000000000800059c                __extendsfdf2
                0x00000000080005e0                __floatundidf
                0x00000000080005e0                __aeabi_ul2d
                0x00000000080005f0                __floatdidf
                0x00000000080005f0                __aeabi_l2d
 .text          0x000000000800064c      0x424 c:/users/a.semcov/frameworks/gcc-arm/bin/../lib/gcc/arm-none-eabi/8.2.1/thumb/v7-m/nofp\libgcc.a(_arm_muldivdf3.o)
                0x000000000800064c                __aeabi_dmul
                0x000000000800064c                __muldf3
                0x00000000080008a0                __divdf3
                0x00000000080008a0                __aeabi_ddiv
 .text          0x0000000008000a70      0x110 c:/users/a.semcov/frameworks/gcc-arm/bin/../lib/gcc/arm-none-eabi/8.2.1/thumb/v7-m/nofp\libgcc.a(_arm_cmpdf2.o)
                0x0000000008000a70                __gtdf2
                0x0000000008000a70                __gedf2
                0x0000000008000a78                __ltdf2
                0x0000000008000a78                __ledf2
                0x0000000008000a80                __nedf2
                0x0000000008000a80                __eqdf2
                0x0000000008000a80                __cmpdf2
                0x0000000008000afc                __aeabi_cdrcmple
                0x0000000008000b0c                __aeabi_cdcmpeq
                0x0000000008000b0c                __aeabi_cdcmple
                0x0000000008000b1c                __aeabi_dcmpeq
                0x0000000008000b30                __aeabi_dcmplt
                0x0000000008000b44                __aeabi_dcmple
                0x0000000008000b58                __aeabi_dcmpge
                0x0000000008000b6c                __aeabi_dcmpgt
 .text          0x0000000008000b80       0x2c c:/users/a.semcov/frameworks/gcc-arm/bin/../lib/gcc/arm-none-eabi/8.2.1/thumb/v7-m/nofp\libgcc.a(_arm_unorddf2.o)
                0x0000000008000b80                __unorddf2
                0x0000000008000b80                __aeabi_dcmpun
 .text          0x0000000008000bac       0x50 c:/users/a.semcov/frameworks/gcc-arm/bin/../lib/gcc/arm-none-eabi/8.2.1/thumb/v7-m/nofp\libgcc.a(_arm_fixdfsi.o)
                0x0000000008000bac                __aeabi_d2iz
                0x0000000008000bac                __fixdfsi
 .text          0x0000000008000bfc       0x30 c:/users/a.semcov/frameworks/gcc-arm/bin/../lib/gcc/arm-none-eabi/8.2.1/thumb/v7-m/nofp\libgcc.a(_aeabi_uldivmod.o)
                0x0000000008000bfc                __aeabi_uldivmod
 .text          0x0000000008000c2c      0x1ac c:/users/a.semcov/frameworks/gcc-arm/bin/../lib/gcc/arm-none-eabi/8.2.1/thumb/v7-m/nofp\libgcc.a(libunwind.o)
                0x0000000008000c2c                __restore_core_regs
                0x0000000008000c2c                restore_core_regs
                0x0000000008000c44                __gnu_Unwind_Restore_VFP
                0x0000000008000c4c                __gnu_Unwind_Save_VFP
                0x0000000008000c54                __gnu_Unwind_Restore_VFP_D
                0x0000000008000c5c                __gnu_Unwind_Save_VFP_D
                0x0000000008000c64                __gnu_Unwind_Restore_VFP_D_16_to_31
                0x0000000008000c6c                __gnu_Unwind_Save_VFP_D_16_to_31
                0x0000000008000c74                __gnu_Unwind_Restore_WMMXD
                0x0000000008000cb8                __gnu_Unwind_Save_WMMXD
                0x0000000008000cfc                __gnu_Unwind_Restore_WMMXC
                0x0000000008000d10                __gnu_Unwind_Save_WMMXC
                0x0000000008000d24                ___Unwind_RaiseException
                0x0000000008000d24                _Unwind_RaiseException
                0x0000000008000d48                _Unwind_Resume
                0x0000000008000d48                ___Unwind_Resume
                0x0000000008000d6c                _Unwind_Resume_or_Rethrow
                0x0000000008000d6c                ___Unwind_Resume_or_Rethrow
                0x0000000008000d90                _Unwind_ForcedUnwind
                0x0000000008000d90                ___Unwind_ForcedUnwind
                0x0000000008000db4                ___Unwind_Backtrace
                0x0000000008000db4                _Unwind_Backtrace
 .text          0x0000000008000dd8        0x4 c:/users/a.semcov/frameworks/gcc-arm/bin/../lib/gcc/arm-none-eabi/8.2.1/thumb/v7-m/nofp\libgcc.a(_dvmd_tls.o)
                0x0000000008000dd8                __aeabi_idiv0
                0x0000000008000dd8                __aeabi_ldiv0
 *(.text*)
 .text.deregister_tm_clones
                0x0000000008000ddc       0x1c c:/users/a.semcov/frameworks/gcc-arm/bin/../lib/gcc/arm-none-eabi/8.2.1/thumb/v7-m/nofp/crtbegin.o
 .text.register_tm_clones
                0x0000000008000df8       0x24 c:/users/a.semcov/frameworks/gcc-arm/bin/../lib/gcc/arm-none-eabi/8.2.1/thumb/v7-m/nofp/crtbegin.o
 .text.__do_global_dtors_aux
                0x0000000008000e1c       0x28 c:/users/a.semcov/frameworks/gcc-arm/bin/../lib/gcc/arm-none-eabi/8.2.1/thumb/v7-m/nofp/crtbegin.o
 .text.frame_dummy
                0x0000000008000e44       0x24 c:/users/a.semcov/frameworks/gcc-arm/bin/../lib/gcc/arm-none-eabi/8.2.1/thumb/v7-m/nofp/crtbegin.o
 .text._ZL12MX_GPIO_Initv
                0x0000000008000e68      0x114 build/main.o
 .text._Z10blinkEventv
                0x0000000008000f7c       0x50 build/main.o
                0x0000000008000f7c                blinkEvent()
 .text.HAL_GPIO_EXTI_Callback
                0x0000000008000fcc       0xd4 build/main.o
                0x0000000008000fcc                HAL_GPIO_EXTI_Callback
 .text._Z10verifyCodem
                0x00000000080010a0       0x1c build/main.o
                0x00000000080010a0                verifyCode(unsigned long)
 .text._Z11UART_PrintfPKcz
                0x00000000080010bc       0x3c build/main.o
                0x00000000080010bc                UART_Printf(char const*, ...)
 .text._Z14timeTrackEventv
                0x00000000080010f8       0x3c build/main.o
                0x00000000080010f8                timeTrackEvent()
 .text._Z15greenLightEventv
                0x0000000008001134       0x58 build/main.o
                0x0000000008001134                greenLightEvent()
 .text._Z10switchModev
                0x000000000800118c       0x64 build/main.o
                0x000000000800118c                switchMode()
 .text._Z15changeModeEventv
                0x00000000080011f0       0x28 build/main.o
                0x00000000080011f0                changeModeEvent()
 .text._Z5blinkt
                0x0000000008001218       0x40 build/main.o
                0x0000000008001218                blink(unsigned short)
 .text._Z11unlockRelayv
                0x0000000008001258       0x38 build/main.o
                0x0000000008001258                unlockRelay()
 .text._Z16intercomKeyEventv
                0x0000000008001290       0x88 build/main.o
                0x0000000008001290                intercomKeyEvent()
 .text._Z18buttonPressedEventv
                0x0000000008001318       0x90 build/main.o
                0x0000000008001318                buttonPressedEvent()
 .text._Z8lockDoorv
                0x00000000080013a8       0x3c build/main.o
                0x00000000080013a8                lockDoor()
 .text._Z15doorUnlockEventv
                0x00000000080013e4       0x58 build/main.o
                0x00000000080013e4                doorUnlockEvent()
 .text.Error_Handler
                0x000000000800143c        0x4 build/main.o
                0x000000000800143c                Error_Handler
 .text._ZL19MX_USART1_UART_Initv
                0x0000000008001440       0x34 build/main.o
 .text._Z18SystemClock_Configv
                0x0000000008001474       0x62 build/main.o
                0x0000000008001474                SystemClock_Config()
 .text.main     0x00000000080014d6       0x30 build/main.o
                0x00000000080014d6                main
 *fill*         0x0000000008001506        0x2 
 .text.HAL_MspInit
                0x0000000008001508       0x40 build/stm32f1xx_hal_msp.o
                0x0000000008001508                HAL_MspInit
 .text.HAL_UART_MspInit
                0x0000000008001548       0x88 build/stm32f1xx_hal_msp.o
                0x0000000008001548                HAL_UART_MspInit
 .text.NMI_Handler
                0x00000000080015d0        0x2 build/stm32f1xx_it.o
                0x00000000080015d0                NMI_Handler
 .text.HardFault_Handler
                0x00000000080015d2        0x2 build/stm32f1xx_it.o
                0x00000000080015d2                HardFault_Handler
 .text.MemManage_Handler
                0x00000000080015d4        0x2 build/stm32f1xx_it.o
                0x00000000080015d4                MemManage_Handler
 .text.BusFault_Handler
                0x00000000080015d6        0x2 build/stm32f1xx_it.o
                0x00000000080015d6                BusFault_Handler
 .text.UsageFault_Handler
                0x00000000080015d8        0x2 build/stm32f1xx_it.o
                0x00000000080015d8                UsageFault_Handler
 .text.SVC_Handler
                0x00000000080015da        0x2 build/stm32f1xx_it.o
                0x00000000080015da                SVC_Handler
 .text.DebugMon_Handler
                0x00000000080015dc        0x2 build/stm32f1xx_it.o
                0x00000000080015dc                DebugMon_Handler
 .text.PendSV_Handler
                0x00000000080015de        0x2 build/stm32f1xx_it.o
                0x00000000080015de                PendSV_Handler
 .text.SysTick_Handler
                0x00000000080015e0        0x8 build/stm32f1xx_it.o
                0x00000000080015e0                SysTick_Handler
 .text.EXTI0_IRQHandler
                0x00000000080015e8        0xa build/stm32f1xx_it.o
                0x00000000080015e8                EXTI0_IRQHandler
 .text.EXTI1_IRQHandler
                0x00000000080015f2        0xa build/stm32f1xx_it.o
                0x00000000080015f2                EXTI1_IRQHandler
 .text.EXTI2_IRQHandler
                0x00000000080015fc        0xa build/stm32f1xx_it.o
                0x00000000080015fc                EXTI2_IRQHandler
 .text.EXTI3_IRQHandler
                0x0000000008001606        0xa build/stm32f1xx_it.o
                0x0000000008001606                EXTI3_IRQHandler
 .text.EXTI9_5_IRQHandler
                0x0000000008001610       0x18 build/stm32f1xx_it.o
                0x0000000008001610                EXTI9_5_IRQHandler
 .text.USART1_IRQHandler
                0x0000000008001628       0x10 build/stm32f1xx_it.o
                0x0000000008001628                USART1_IRQHandler
 .text.SystemInit
                0x0000000008001638        0x2 build/system_stm32f1xx.o
                0x0000000008001638                SystemInit
 *fill*         0x000000000800163a        0x2 
 .text.getCode  0x000000000800163c        0xc build/wiegand.o
                0x000000000800163c                getCode
 .text.ReadD0   0x0000000008001648       0x54 build/wiegand.o
                0x0000000008001648                ReadD0
 .text.ReadD1   0x000000000800169c       0x64 build/wiegand.o
                0x000000000800169c                ReadD1
 .text.GetCardId
                0x0000000008001700       0x30 build/wiegand.o
                0x0000000008001700                GetCardId
 .text.translateEnterEscapeKeyPress
                0x0000000008001730       0x12 build/wiegand.o
                0x0000000008001730                translateEnterEscapeKeyPress
 *fill*         0x0000000008001742        0x2 
 .text.wig_available
                0x0000000008001744      0x148 build/wiegand.o
                0x0000000008001744                wig_available
 .text.HAL_InitTick
                0x000000000800188c       0x4c build/stm32f1xx_hal.o
                0x000000000800188c                HAL_InitTick
 .text.HAL_Init
                0x00000000080018d8       0x24 build/stm32f1xx_hal.o
                0x00000000080018d8                HAL_Init
 .text.HAL_IncTick
                0x00000000080018fc       0x18 build/stm32f1xx_hal.o
                0x00000000080018fc                HAL_IncTick
 .text.HAL_GetTick
                0x0000000008001914        0xc build/stm32f1xx_hal.o
                0x0000000008001914                HAL_GetTick
 .text.HAL_NVIC_SetPriorityGrouping
                0x0000000008001920       0x24 build/stm32f1xx_hal_cortex.o
                0x0000000008001920                HAL_NVIC_SetPriorityGrouping
 .text.HAL_NVIC_SetPriority
                0x0000000008001944       0x68 build/stm32f1xx_hal_cortex.o
                0x0000000008001944                HAL_NVIC_SetPriority
 .text.HAL_NVIC_EnableIRQ
                0x00000000080019ac       0x1c build/stm32f1xx_hal_cortex.o
                0x00000000080019ac                HAL_NVIC_EnableIRQ
 .text.HAL_SYSTICK_Config
                0x00000000080019c8       0x2c build/stm32f1xx_hal_cortex.o
                0x00000000080019c8                HAL_SYSTICK_Config
 .text.HAL_DMA_Abort_IT
                0x00000000080019f4      0x168 build/stm32f1xx_hal_dma.o
                0x00000000080019f4                HAL_DMA_Abort_IT
 .text.HAL_GPIO_Init
                0x0000000008001b5c      0x1ec build/stm32f1xx_hal_gpio.o
                0x0000000008001b5c                HAL_GPIO_Init
 .text.HAL_GPIO_ReadPin
                0x0000000008001d48        0xe build/stm32f1xx_hal_gpio.o
                0x0000000008001d48                HAL_GPIO_ReadPin
 .text.HAL_GPIO_WritePin
                0x0000000008001d56        0xc build/stm32f1xx_hal_gpio.o
                0x0000000008001d56                HAL_GPIO_WritePin
 *fill*         0x0000000008001d62        0x2 
 .text.HAL_GPIO_EXTI_IRQHandler
                0x0000000008001d64       0x1c build/stm32f1xx_hal_gpio.o
                0x0000000008001d64                HAL_GPIO_EXTI_IRQHandler
 .text.RCC_Delay
                0x0000000008001d80       0x2c build/stm32f1xx_hal_rcc.o
 .text.HAL_RCC_OscConfig
                0x0000000008001dac      0x410 build/stm32f1xx_hal_rcc.o
                0x0000000008001dac                HAL_RCC_OscConfig
 .text.HAL_RCC_GetSysClockFreq
                0x00000000080021bc       0x70 build/stm32f1xx_hal_rcc.o
                0x00000000080021bc                HAL_RCC_GetSysClockFreq
 .text.HAL_RCC_ClockConfig
                0x000000000800222c      0x16c build/stm32f1xx_hal_rcc.o
                0x000000000800222c                HAL_RCC_ClockConfig
 .text.HAL_RCC_GetHCLKFreq
                0x0000000008002398        0xc build/stm32f1xx_hal_rcc.o
                0x0000000008002398                HAL_RCC_GetHCLKFreq
 .text.HAL_RCC_GetPCLK1Freq
                0x00000000080023a4       0x20 build/stm32f1xx_hal_rcc.o
                0x00000000080023a4                HAL_RCC_GetPCLK1Freq
 .text.HAL_RCC_GetPCLK2Freq
                0x00000000080023c4       0x20 build/stm32f1xx_hal_rcc.o
                0x00000000080023c4                HAL_RCC_GetPCLK2Freq
 .text.UART_EndRxTransfer
                0x00000000080023e4       0x1c build/stm32f1xx_hal_uart.o
 .text.UART_Transmit_IT
                0x0000000008002400       0x5e build/stm32f1xx_hal_uart.o
 *fill*         0x000000000800245e        0x2 
 .text.UART_SetConfig
                0x0000000008002460       0x90 build/stm32f1xx_hal_uart.o
 .text.UART_WaitOnFlagUntilTimeout
                0x00000000080024f0       0x62 build/stm32f1xx_hal_uart.o
 .text.HAL_UART_Init
                0x0000000008002552       0x5e build/stm32f1xx_hal_uart.o
                0x0000000008002552                HAL_UART_Init
 .text.HAL_UART_Transmit
                0x00000000080025b0       0xda build/stm32f1xx_hal_uart.o
                0x00000000080025b0                HAL_UART_Transmit
 .text.HAL_UART_TxCpltCallback
                0x000000000800268a        0x2 build/stm32f1xx_hal_uart.o
                0x000000000800268a                HAL_UART_TxCpltCallback
 .text.UART_EndTransmit_IT
                0x000000000800268c       0x1a build/stm32f1xx_hal_uart.o
 .text.HAL_UART_RxCpltCallback
                0x00000000080026a6        0x2 build/stm32f1xx_hal_uart.o
                0x00000000080026a6                HAL_UART_RxCpltCallback
 .text.UART_Receive_IT
                0x00000000080026a8       0x92 build/stm32f1xx_hal_uart.o
 .text.HAL_UART_ErrorCallback
                0x000000000800273a        0x2 build/stm32f1xx_hal_uart.o
                0x000000000800273a                HAL_UART_ErrorCallback
 .text.HAL_UART_IRQHandler
                0x000000000800273c      0x128 build/stm32f1xx_hal_uart.o
                0x000000000800273c                HAL_UART_IRQHandler
 .text.UART_DMAAbortOnError
                0x0000000008002864       0x10 build/stm32f1xx_hal_uart.o
 .text.Reset_Handler
                0x0000000008002874       0x48 build/startup_stm32f103xg.o
                0x0000000008002874                Reset_Handler
 .text.Default_Handler
                0x00000000080028bc        0x2 build/startup_stm32f103xg.o
                0x00000000080028bc                RTC_Alarm_IRQHandler
                0x00000000080028bc                TIM8_CC_IRQHandler
                0x00000000080028bc                TIM1_CC_IRQHandler
                0x00000000080028bc                TIM6_IRQHandler
                0x00000000080028bc                PVD_IRQHandler
                0x00000000080028bc                SDIO_IRQHandler
                0x00000000080028bc                TIM8_TRG_COM_TIM14_IRQHandler
                0x00000000080028bc                TIM1_UP_TIM10_IRQHandler
                0x00000000080028bc                TIM8_UP_TIM13_IRQHandler
                0x00000000080028bc                I2C2_EV_IRQHandler
                0x00000000080028bc                ADC1_2_IRQHandler
                0x00000000080028bc                SPI1_IRQHandler
                0x00000000080028bc                TAMPER_IRQHandler
                0x00000000080028bc                TIM1_BRK_TIM9_IRQHandler
                0x00000000080028bc                DMA2_Channel2_IRQHandler
                0x00000000080028bc                DMA1_Channel4_IRQHandler
                0x00000000080028bc                USART3_IRQHandler
                0x00000000080028bc                RTC_IRQHandler
                0x00000000080028bc                DMA1_Channel7_IRQHandler
                0x00000000080028bc                CAN1_RX1_IRQHandler
                0x00000000080028bc                UART5_IRQHandler
                0x00000000080028bc                ADC3_IRQHandler
                0x00000000080028bc                TIM4_IRQHandler
                0x00000000080028bc                DMA2_Channel1_IRQHandler
                0x00000000080028bc                I2C1_EV_IRQHandler
                0x00000000080028bc                DMA1_Channel6_IRQHandler
                0x00000000080028bc                UART4_IRQHandler
                0x00000000080028bc                TIM3_IRQHandler
                0x00000000080028bc                RCC_IRQHandler
                0x00000000080028bc                TIM8_BRK_TIM12_IRQHandler
                0x00000000080028bc                DMA1_Channel1_IRQHandler
                0x00000000080028bc                Default_Handler
                0x00000000080028bc                EXTI15_10_IRQHandler
                0x00000000080028bc                TIM7_IRQHandler
                0x00000000080028bc                TIM5_IRQHandler
                0x00000000080028bc                SPI2_IRQHandler
                0x00000000080028bc                DMA1_Channel5_IRQHandler
                0x00000000080028bc                EXTI4_IRQHandler
                0x00000000080028bc                USB_LP_CAN1_RX0_IRQHandler
                0x00000000080028bc                USB_HP_CAN1_TX_IRQHandler
                0x00000000080028bc                DMA1_Channel3_IRQHandler
                0x00000000080028bc                FSMC_IRQHandler
                0x00000000080028bc                WWDG_IRQHandler
                0x00000000080028bc                TIM2_IRQHandler
                0x00000000080028bc                TIM1_TRG_COM_TIM11_IRQHandler
                0x00000000080028bc                DMA2_Channel4_5_IRQHandler
                0x00000000080028bc                USART2_IRQHandler
                0x00000000080028bc                I2C2_ER_IRQHandler
                0x00000000080028bc                DMA1_Channel2_IRQHandler
                0x00000000080028bc                CAN1_SCE_IRQHandler
                0x00000000080028bc                FLASH_IRQHandler
                0x00000000080028bc                SPI3_IRQHandler
                0x00000000080028bc                I2C1_ER_IRQHandler
                0x00000000080028bc                USBWakeUp_IRQHandler
                0x00000000080028bc                DMA2_Channel3_IRQHandler
 *fill*         0x00000000080028be        0x2 
 .text.__libc_init_array
                0x00000000080028c0       0x48 c:/users/a.semcov/frameworks/gcc-arm/bin/../lib/gcc/arm-none-eabi/8.2.1/../../../../arm-none-eabi/lib/thumb/v7-m/nofp\libc.a(lib_a-init.o)
                0x00000000080028c0                __libc_init_array
 .text.memset   0x0000000008002908       0xa0 c:/users/a.semcov/frameworks/gcc-arm/bin/../lib/gcc/arm-none-eabi/8.2.1/../../../../arm-none-eabi/lib/thumb/v7-m/nofp\libc.a(lib_a-memset.o)
                0x0000000008002908                memset
 .text.strlen   0x00000000080029a8       0x5c c:/users/a.semcov/frameworks/gcc-arm/bin/../lib/gcc/arm-none-eabi/8.2.1/../../../../arm-none-eabi/lib/thumb/v7-m/nofp\libc.a(lib_a-strlen-stub.o)
                0x00000000080029a8                strlen
 .text._vsnprintf_r
                0x0000000008002a04       0x68 c:/users/a.semcov/frameworks/gcc-arm/bin/../lib/gcc/arm-none-eabi/8.2.1/../../../../arm-none-eabi/lib/thumb/v7-m/nofp\libc.a(lib_a-vsnprintf.o)
                0x0000000008002a04                _vsnprintf_r
 .text.vsnprintf
                0x0000000008002a6c       0x1c c:/users/a.semcov/frameworks/gcc-arm/bin/../lib/gcc/arm-none-eabi/8.2.1/../../../../arm-none-eabi/lib/thumb/v7-m/nofp\libc.a(lib_a-vsnprintf.o)
                0x0000000008002a6c                vsnprintf
 .text.startup.register_fini
                0x0000000008002a88       0x14 c:/users/a.semcov/frameworks/gcc-arm/bin/../lib/gcc/arm-none-eabi/8.2.1/../../../../arm-none-eabi/lib/thumb/v7-m/nofp\libc.a(lib_a-__call_atexit.o)
 .text.atexit   0x0000000008002a9c        0xc c:/users/a.semcov/frameworks/gcc-arm/bin/../lib/gcc/arm-none-eabi/8.2.1/../../../../arm-none-eabi/lib/thumb/v7-m/nofp\libc.a(lib_a-atexit.o)
                0x0000000008002a9c                atexit
 .text.__libc_fini_array
                0x0000000008002aa8       0x34 c:/users/a.semcov/frameworks/gcc-arm/bin/../lib/gcc/arm-none-eabi/8.2.1/../../../../arm-none-eabi/lib/thumb/v7-m/nofp\libc.a(lib_a-fini.o)
                0x0000000008002aa8                __libc_fini_array
 .text.__retarget_lock_acquire_recursive
                0x0000000008002adc        0x4 c:/users/a.semcov/frameworks/gcc-arm/bin/../lib/gcc/arm-none-eabi/8.2.1/../../../../arm-none-eabi/lib/thumb/v7-m/nofp\libc.a(lib_a-lock.o)
                0x0000000008002adc                __retarget_lock_acquire_recursive
 .text.__retarget_lock_release_recursive
                0x0000000008002ae0        0x4 c:/users/a.semcov/frameworks/gcc-arm/bin/../lib/gcc/arm-none-eabi/8.2.1/../../../../arm-none-eabi/lib/thumb/v7-m/nofp\libc.a(lib_a-lock.o)
                0x0000000008002ae0                __retarget_lock_release_recursive
 .text._svfprintf_r
                0x0000000008002ae4     0x1a58 c:/users/a.semcov/frameworks/gcc-arm/bin/../lib/gcc/arm-none-eabi/8.2.1/../../../../arm-none-eabi/lib/thumb/v7-m/nofp\libc.a(lib_a-svfprintf.o)
                0x0000000008002ae4                _svfprintf_r
 .text.__register_exitproc
                0x000000000800453c       0x84 c:/users/a.semcov/frameworks/gcc-arm/bin/../lib/gcc/arm-none-eabi/8.2.1/../../../../arm-none-eabi/lib/thumb/v7-m/nofp\libc.a(lib_a-__atexit.o)
                0x000000000800453c                __register_exitproc
 .text.quorem   0x00000000080045c0      0x12c c:/users/a.semcov/frameworks/gcc-arm/bin/../lib/gcc/arm-none-eabi/8.2.1/../../../../arm-none-eabi/lib/thumb/v7-m/nofp\libc.a(lib_a-dtoa.o)
 *fill*         0x00000000080046ec        0x4 
 .text._dtoa_r  0x00000000080046f0      0xe6c c:/users/a.semcov/frameworks/gcc-arm/bin/../lib/gcc/arm-none-eabi/8.2.1/../../../../arm-none-eabi/lib/thumb/v7-m/nofp\libc.a(lib_a-dtoa.o)
                0x00000000080046f0                _dtoa_r
 .text._malloc_trim_r
                0x000000000800555c       0xa0 c:/users/a.semcov/frameworks/gcc-arm/bin/../lib/gcc/arm-none-eabi/8.2.1/../../../../arm-none-eabi/lib/thumb/v7-m/nofp\libc.a(lib_a-freer.o)
                0x000000000800555c                _malloc_trim_r
 .text._free_r  0x00000000080055fc      0x1ec c:/users/a.semcov/frameworks/gcc-arm/bin/../lib/gcc/arm-none-eabi/8.2.1/../../../../arm-none-eabi/lib/thumb/v7-m/nofp\libc.a(lib_a-freer.o)
                0x00000000080055fc                _free_r
 .text._localeconv_r
                0x00000000080057e8        0x8 c:/users/a.semcov/frameworks/gcc-arm/bin/../lib/gcc/arm-none-eabi/8.2.1/../../../../arm-none-eabi/lib/thumb/v7-m/nofp\libc.a(lib_a-localeconv.o)
                0x00000000080057e8                _localeconv_r
 .text._malloc_r
                0x00000000080057f0      0x558 c:/users/a.semcov/frameworks/gcc-arm/bin/../lib/gcc/arm-none-eabi/8.2.1/../../../../arm-none-eabi/lib/thumb/v7-m/nofp\libc.a(lib_a-mallocr.o)
                0x00000000080057f0                _malloc_r
 .text.memchr   0x0000000008005d48       0x8c c:/users/a.semcov/frameworks/gcc-arm/bin/../lib/gcc/arm-none-eabi/8.2.1/../../../../arm-none-eabi/lib/thumb/v7-m/nofp\libc.a(lib_a-memchr-stub.o)
                0x0000000008005d48                memchr
 .text.__malloc_lock
                0x0000000008005dd4        0xc c:/users/a.semcov/frameworks/gcc-arm/bin/../lib/gcc/arm-none-eabi/8.2.1/../../../../arm-none-eabi/lib/thumb/v7-m/nofp\libc.a(lib_a-mlock.o)
                0x0000000008005dd4                __malloc_lock
 .text.__malloc_unlock
                0x0000000008005de0        0xc c:/users/a.semcov/frameworks/gcc-arm/bin/../lib/gcc/arm-none-eabi/8.2.1/../../../../arm-none-eabi/lib/thumb/v7-m/nofp\libc.a(lib_a-mlock.o)
                0x0000000008005de0                __malloc_unlock
 .text._Balloc  0x0000000008005dec       0x4c c:/users/a.semcov/frameworks/gcc-arm/bin/../lib/gcc/arm-none-eabi/8.2.1/../../../../arm-none-eabi/lib/thumb/v7-m/nofp\libc.a(lib_a-mprec.o)
                0x0000000008005dec                _Balloc
 .text._Bfree   0x0000000008005e38       0x14 c:/users/a.semcov/frameworks/gcc-arm/bin/../lib/gcc/arm-none-eabi/8.2.1/../../../../arm-none-eabi/lib/thumb/v7-m/nofp\libc.a(lib_a-mprec.o)
                0x0000000008005e38                _Bfree
 .text.__multadd
                0x0000000008005e4c       0x8c c:/users/a.semcov/frameworks/gcc-arm/bin/../lib/gcc/arm-none-eabi/8.2.1/../../../../arm-none-eabi/lib/thumb/v7-m/nofp\libc.a(lib_a-mprec.o)
                0x0000000008005e4c                __multadd
 .text.__hi0bits
                0x0000000008005ed8       0x40 c:/users/a.semcov/frameworks/gcc-arm/bin/../lib/gcc/arm-none-eabi/8.2.1/../../../../arm-none-eabi/lib/thumb/v7-m/nofp\libc.a(lib_a-mprec.o)
                0x0000000008005ed8                __hi0bits
 .text.__lo0bits
                0x0000000008005f18       0x60 c:/users/a.semcov/frameworks/gcc-arm/bin/../lib/gcc/arm-none-eabi/8.2.1/../../../../arm-none-eabi/lib/thumb/v7-m/nofp\libc.a(lib_a-mprec.o)
                0x0000000008005f18                __lo0bits
 .text.__i2b    0x0000000008005f78       0x14 c:/users/a.semcov/frameworks/gcc-arm/bin/../lib/gcc/arm-none-eabi/8.2.1/../../../../arm-none-eabi/lib/thumb/v7-m/nofp\libc.a(lib_a-mprec.o)
                0x0000000008005f78                __i2b
 .text.__multiply
                0x0000000008005f8c      0x130 c:/users/a.semcov/frameworks/gcc-arm/bin/../lib/gcc/arm-none-eabi/8.2.1/../../../../arm-none-eabi/lib/thumb/v7-m/nofp\libc.a(lib_a-mprec.o)
                0x0000000008005f8c                __multiply
 .text.__pow5mult
                0x00000000080060bc       0xa0 c:/users/a.semcov/frameworks/gcc-arm/bin/../lib/gcc/arm-none-eabi/8.2.1/../../../../arm-none-eabi/lib/thumb/v7-m/nofp\libc.a(lib_a-mprec.o)
                0x00000000080060bc                __pow5mult
 .text.__lshift
                0x000000000800615c       0xb4 c:/users/a.semcov/frameworks/gcc-arm/bin/../lib/gcc/arm-none-eabi/8.2.1/../../../../arm-none-eabi/lib/thumb/v7-m/nofp\libc.a(lib_a-mprec.o)
                0x000000000800615c                __lshift
 .text.__mcmp   0x0000000008006210       0x38 c:/users/a.semcov/frameworks/gcc-arm/bin/../lib/gcc/arm-none-eabi/8.2.1/../../../../arm-none-eabi/lib/thumb/v7-m/nofp\libc.a(lib_a-mprec.o)
                0x0000000008006210                __mcmp
 .text.__mdiff  0x0000000008006248      0x100 c:/users/a.semcov/frameworks/gcc-arm/bin/../lib/gcc/arm-none-eabi/8.2.1/../../../../arm-none-eabi/lib/thumb/v7-m/nofp\libc.a(lib_a-mprec.o)
                0x0000000008006248                __mdiff
 .text.__d2b    0x0000000008006348       0xac c:/users/a.semcov/frameworks/gcc-arm/bin/../lib/gcc/arm-none-eabi/8.2.1/../../../../arm-none-eabi/lib/thumb/v7-m/nofp\libc.a(lib_a-mprec.o)
                0x0000000008006348                __d2b
 .text.frexp    0x00000000080063f4       0x70 c:/users/a.semcov/frameworks/gcc-arm/bin/../lib/gcc/arm-none-eabi/8.2.1/../../../../arm-none-eabi/lib/thumb/v7-m/nofp\libc.a(lib_a-s_frexp.o)
                0x00000000080063f4                frexp
 .text._sbrk_r  0x0000000008006464       0x24 c:/users/a.semcov/frameworks/gcc-arm/bin/../lib/gcc/arm-none-eabi/8.2.1/../../../../arm-none-eabi/lib/thumb/v7-m/nofp\libc.a(lib_a-sbrkr.o)
                0x0000000008006464                _sbrk_r
 .text.strncpy  0x0000000008006488       0x74 c:/users/a.semcov/frameworks/gcc-arm/bin/../lib/gcc/arm-none-eabi/8.2.1/../../../../arm-none-eabi/lib/thumb/v7-m/nofp\libc.a(lib_a-strncpy.o)
                0x0000000008006488                strncpy
 .text.__ssprint_r
                0x00000000080064fc       0xf8 c:/users/a.semcov/frameworks/gcc-arm/bin/../lib/gcc/arm-none-eabi/8.2.1/../../../../arm-none-eabi/lib/thumb/v7-m/nofp\libc.a(lib_a-svfiprintf.o)
                0x00000000080064fc                __ssprint_r
 .text._calloc_r
                0x00000000080065f4       0x60 c:/users/a.semcov/frameworks/gcc-arm/bin/../lib/gcc/arm-none-eabi/8.2.1/../../../../arm-none-eabi/lib/thumb/v7-m/nofp\libc.a(lib_a-callocr.o)
                0x00000000080065f4                _calloc_r
 .text.__ascii_mbtowc
                0x0000000008006654       0x2c c:/users/a.semcov/frameworks/gcc-arm/bin/../lib/gcc/arm-none-eabi/8.2.1/../../../../arm-none-eabi/lib/thumb/v7-m/nofp\libc.a(lib_a-mbtowc_r.o)
                0x0000000008006654                __ascii_mbtowc
 .text.memmove  0x0000000008006680       0xcc c:/users/a.semcov/frameworks/gcc-arm/bin/../lib/gcc/arm-none-eabi/8.2.1/../../../../arm-none-eabi/lib/thumb/v7-m/nofp\libc.a(lib_a-memmove.o)
                0x0000000008006680                memmove
 .text._realloc_r
                0x000000000800674c      0x37c c:/users/a.semcov/frameworks/gcc-arm/bin/../lib/gcc/arm-none-eabi/8.2.1/../../../../arm-none-eabi/lib/thumb/v7-m/nofp\libc.a(lib_a-reallocr.o)
                0x000000000800674c                _realloc_r
 .text.__ascii_wctomb
                0x0000000008006ac8       0x1c c:/users/a.semcov/frameworks/gcc-arm/bin/../lib/gcc/arm-none-eabi/8.2.1/../../../../arm-none-eabi/lib/thumb/v7-m/nofp\libc.a(lib_a-wctomb_r.o)
                0x0000000008006ac8                __ascii_wctomb
 .text.__udivmoddi4
                0x0000000008006ae4      0x2d0 c:/users/a.semcov/frameworks/gcc-arm/bin/../lib/gcc/arm-none-eabi/8.2.1/thumb/v7-m/nofp\libgcc.a(_udivmoddi4.o)
                0x0000000008006ae4                __udivmoddi4
 .text.selfrel_offset31
                0x0000000008006db4       0x14 c:/users/a.semcov/frameworks/gcc-arm/bin/../lib/gcc/arm-none-eabi/8.2.1/thumb/v7-m/nofp\libgcc.a(unwind-arm.o)
 .text.search_EIT_table
                0x0000000008006dc8       0x64 c:/users/a.semcov/frameworks/gcc-arm/bin/../lib/gcc/arm-none-eabi/8.2.1/thumb/v7-m/nofp\libgcc.a(unwind-arm.o)
 .text.__gnu_unwind_get_pr_addr
                0x0000000008006e2c       0x28 c:/users/a.semcov/frameworks/gcc-arm/bin/../lib/gcc/arm-none-eabi/8.2.1/thumb/v7-m/nofp\libgcc.a(unwind-arm.o)
 .text.get_eit_entry
                0x0000000008006e54       0xa4 c:/users/a.semcov/frameworks/gcc-arm/bin/../lib/gcc/arm-none-eabi/8.2.1/thumb/v7-m/nofp\libgcc.a(unwind-arm.o)
 .text.restore_non_core_regs
                0x0000000008006ef8       0x58 c:/users/a.semcov/frameworks/gcc-arm/bin/../lib/gcc/arm-none-eabi/8.2.1/thumb/v7-m/nofp\libgcc.a(unwind-arm.o)
 .text._Unwind_decode_typeinfo_ptr.isra.0
                0x0000000008006f50        0xc c:/users/a.semcov/frameworks/gcc-arm/bin/../lib/gcc/arm-none-eabi/8.2.1/thumb/v7-m/nofp\libgcc.a(unwind-arm.o)
 .text._Unwind_DebugHook
                0x0000000008006f5c        0x4 c:/users/a.semcov/frameworks/gcc-arm/bin/../lib/gcc/arm-none-eabi/8.2.1/thumb/v7-m/nofp\libgcc.a(unwind-arm.o)
 .text.unwind_phase2
                0x0000000008006f60       0x3c c:/users/a.semcov/frameworks/gcc-arm/bin/../lib/gcc/arm-none-eabi/8.2.1/thumb/v7-m/nofp\libgcc.a(unwind-arm.o)
 .text.unwind_phase2_forced
                0x0000000008006f9c       0xd4 c:/users/a.semcov/frameworks/gcc-arm/bin/../lib/gcc/arm-none-eabi/8.2.1/thumb/v7-m/nofp\libgcc.a(unwind-arm.o)
 .text.__gnu_Unwind_RaiseException
                0x0000000008007070       0x60 c:/users/a.semcov/frameworks/gcc-arm/bin/../lib/gcc/arm-none-eabi/8.2.1/thumb/v7-m/nofp\libgcc.a(unwind-arm.o)
                0x0000000008007070                __gnu_Unwind_RaiseException
 .text.__gnu_Unwind_ForcedUnwind
                0x00000000080070d0       0x14 c:/users/a.semcov/frameworks/gcc-arm/bin/../lib/gcc/arm-none-eabi/8.2.1/thumb/v7-m/nofp\libgcc.a(unwind-arm.o)
                0x00000000080070d0                __gnu_Unwind_ForcedUnwind
 .text.__gnu_Unwind_Resume
                0x00000000080070e4       0x44 c:/users/a.semcov/frameworks/gcc-arm/bin/../lib/gcc/arm-none-eabi/8.2.1/thumb/v7-m/nofp\libgcc.a(unwind-arm.o)
                0x00000000080070e4                __gnu_Unwind_Resume
 .text.__gnu_Unwind_Resume_or_Rethrow
                0x0000000008007128       0x18 c:/users/a.semcov/frameworks/gcc-arm/bin/../lib/gcc/arm-none-eabi/8.2.1/thumb/v7-m/nofp\libgcc.a(unwind-arm.o)
                0x0000000008007128                __gnu_Unwind_Resume_or_Rethrow
 .text._Unwind_VRS_Get
                0x0000000008007140       0x2c c:/users/a.semcov/frameworks/gcc-arm/bin/../lib/gcc/arm-none-eabi/8.2.1/thumb/v7-m/nofp\libgcc.a(unwind-arm.o)
                0x0000000008007140                _Unwind_VRS_Get
 .text._Unwind_GetGR
                0x000000000800716c       0x18 c:/users/a.semcov/frameworks/gcc-arm/bin/../lib/gcc/arm-none-eabi/8.2.1/thumb/v7-m/nofp\libgcc.a(unwind-arm.o)
 .text._Unwind_VRS_Set
                0x0000000008007184       0x2c c:/users/a.semcov/frameworks/gcc-arm/bin/../lib/gcc/arm-none-eabi/8.2.1/thumb/v7-m/nofp\libgcc.a(unwind-arm.o)
                0x0000000008007184                _Unwind_VRS_Set
 .text._Unwind_SetGR
                0x00000000080071b0       0x18 c:/users/a.semcov/frameworks/gcc-arm/bin/../lib/gcc/arm-none-eabi/8.2.1/thumb/v7-m/nofp\libgcc.a(unwind-arm.o)
 .text.__gnu_Unwind_Backtrace
                0x00000000080071c8       0x74 c:/users/a.semcov/frameworks/gcc-arm/bin/../lib/gcc/arm-none-eabi/8.2.1/thumb/v7-m/nofp\libgcc.a(unwind-arm.o)
                0x00000000080071c8                __gnu_Unwind_Backtrace
 .text.__gnu_unwind_pr_common
                0x000000000800723c      0x2c8 c:/users/a.semcov/frameworks/gcc-arm/bin/../lib/gcc/arm-none-eabi/8.2.1/thumb/v7-m/nofp\libgcc.a(unwind-arm.o)
 .text.__aeabi_unwind_cpp_pr0
                0x0000000008007504        0x8 c:/users/a.semcov/frameworks/gcc-arm/bin/../lib/gcc/arm-none-eabi/8.2.1/thumb/v7-m/nofp\libgcc.a(unwind-arm.o)
                0x0000000008007504                __aeabi_unwind_cpp_pr0
 .text.__aeabi_unwind_cpp_pr1
                0x000000000800750c        0x8 c:/users/a.semcov/frameworks/gcc-arm/bin/../lib/gcc/arm-none-eabi/8.2.1/thumb/v7-m/nofp\libgcc.a(unwind-arm.o)
                0x000000000800750c                __aeabi_unwind_cpp_pr1
 .text.__aeabi_unwind_cpp_pr2
                0x0000000008007514        0x8 c:/users/a.semcov/frameworks/gcc-arm/bin/../lib/gcc/arm-none-eabi/8.2.1/thumb/v7-m/nofp\libgcc.a(unwind-arm.o)
                0x0000000008007514                __aeabi_unwind_cpp_pr2
 .text._Unwind_VRS_Pop
                0x000000000800751c      0x26c c:/users/a.semcov/frameworks/gcc-arm/bin/../lib/gcc/arm-none-eabi/8.2.1/thumb/v7-m/nofp\libgcc.a(unwind-arm.o)
                0x000000000800751c                _Unwind_VRS_Pop
 .text.next_unwind_byte
                0x0000000008007788       0x38 c:/users/a.semcov/frameworks/gcc-arm/bin/../lib/gcc/arm-none-eabi/8.2.1/thumb/v7-m/nofp\libgcc.a(pr-support.o)
 .text.__gnu_unwind_execute
                0x00000000080077c0      0x2c4 c:/users/a.semcov/frameworks/gcc-arm/bin/../lib/gcc/arm-none-eabi/8.2.1/thumb/v7-m/nofp\libgcc.a(pr-support.o)
                0x00000000080077c0                __gnu_unwind_execute
 .text.abort    0x0000000008007a84       0x10 c:/users/a.semcov/frameworks/gcc-arm/bin/../lib/gcc/arm-none-eabi/8.2.1/../../../../arm-none-eabi/lib/thumb/v7-m/nofp\libc.a(lib_a-abort.o)
                0x0000000008007a84                abort
 .text._raise_r
                0x0000000008007a94       0x58 c:/users/a.semcov/frameworks/gcc-arm/bin/../lib/gcc/arm-none-eabi/8.2.1/../../../../arm-none-eabi/lib/thumb/v7-m/nofp\libc.a(lib_a-signal.o)
                0x0000000008007a94                _raise_r
 .text.raise    0x0000000008007aec       0x10 c:/users/a.semcov/frameworks/gcc-arm/bin/../lib/gcc/arm-none-eabi/8.2.1/../../../../arm-none-eabi/lib/thumb/v7-m/nofp\libc.a(lib_a-signal.o)
                0x0000000008007aec                raise
 .text._kill_r  0x0000000008007afc       0x28 c:/users/a.semcov/frameworks/gcc-arm/bin/../lib/gcc/arm-none-eabi/8.2.1/../../../../arm-none-eabi/lib/thumb/v7-m/nofp\libc.a(lib_a-signalr.o)
                0x0000000008007afc                _kill_r
 .text._getpid_r
                0x0000000008007b24        0x4 c:/users/a.semcov/frameworks/gcc-arm/bin/../lib/gcc/arm-none-eabi/8.2.1/../../../../arm-none-eabi/lib/thumb/v7-m/nofp\libc.a(lib_a-signalr.o)
                0x0000000008007b24                _getpid_r
 .text._getpid  0x0000000008007b28       0x10 c:/users/a.semcov/frameworks/gcc-arm/bin/../lib/gcc/arm-none-eabi/8.2.1/../../../../arm-none-eabi/lib/thumb/v7-m/nofp\libnosys.a(getpid.o)
                0x0000000008007b28                _getpid
 .text._kill    0x0000000008007b38       0x10 c:/users/a.semcov/frameworks/gcc-arm/bin/../lib/gcc/arm-none-eabi/8.2.1/../../../../arm-none-eabi/lib/thumb/v7-m/nofp\libnosys.a(kill.o)
                0x0000000008007b38                _kill
 .text._sbrk    0x0000000008007b48       0x1c c:/users/a.semcov/frameworks/gcc-arm/bin/../lib/gcc/arm-none-eabi/8.2.1/../../../../arm-none-eabi/lib/thumb/v7-m/nofp\libnosys.a(sbrk.o)
                0x0000000008007b48                _sbrk
 .text._exit    0x0000000008007b64        0x4 c:/users/a.semcov/frameworks/gcc-arm/bin/../lib/gcc/arm-none-eabi/8.2.1/../../../../arm-none-eabi/lib/thumb/v7-m/nofp\libnosys.a(_exit.o)
                0x0000000008007b64                _exit
 *(.glue_7)
 .glue_7        0x0000000008007b68        0x0 linker stubs
 *(.glue_7t)
 .glue_7t       0x0000000008007b68        0x0 linker stubs
 *(.eh_frame)
 .eh_frame      0x0000000008007b68        0x0 c:/users/a.semcov/frameworks/gcc-arm/bin/../lib/gcc/arm-none-eabi/8.2.1/thumb/v7-m/nofp/crtbegin.o
 *(.init)
 .init          0x0000000008007b68        0x4 c:/users/a.semcov/frameworks/gcc-arm/bin/../lib/gcc/arm-none-eabi/8.2.1/thumb/v7-m/nofp/crti.o
                0x0000000008007b68                _init
 .init          0x0000000008007b6c        0x8 c:/users/a.semcov/frameworks/gcc-arm/bin/../lib/gcc/arm-none-eabi/8.2.1/thumb/v7-m/nofp/crtn.o
 *(.fini)
 .fini          0x0000000008007b74        0x4 c:/users/a.semcov/frameworks/gcc-arm/bin/../lib/gcc/arm-none-eabi/8.2.1/thumb/v7-m/nofp/crti.o
                0x0000000008007b74                _fini
 .fini          0x0000000008007b78        0x8 c:/users/a.semcov/frameworks/gcc-arm/bin/../lib/gcc/arm-none-eabi/8.2.1/thumb/v7-m/nofp/crtn.o
                0x0000000008007b80                . = ALIGN (0x4)
                0x0000000008007b80                _etext = .

.vfp11_veneer   0x0000000008007b80        0x0
 .vfp11_veneer  0x0000000008007b80        0x0 linker stubs

.v4_bx          0x0000000008007b80        0x0
 .v4_bx         0x0000000008007b80        0x0 linker stubs

.iplt           0x0000000008007b80        0x0
 .iplt          0x0000000008007b80        0x0 c:/users/a.semcov/frameworks/gcc-arm/bin/../lib/gcc/arm-none-eabi/8.2.1/thumb/v7-m/nofp/crtbegin.o

.rodata         0x0000000008007b80      0x3d0
                0x0000000008007b80                . = ALIGN (0x4)
 *(.rodata)
 .rodata        0x0000000008007b80       0x12 build/stm32f1xx_hal_rcc.o
 *(.rodata*)
 *fill*         0x0000000008007b92        0x2 
 .rodata._Z10switchModev.str1.4
                0x0000000008007b94       0x32 build/main.o
 *fill*         0x0000000008007bc6        0x2 
 .rodata._Z11unlockRelayv.str1.4
                0x0000000008007bc8       0x15 build/main.o
 *fill*         0x0000000008007bdd        0x3 
 .rodata._Z14timeTrackEventv.str1.4
                0x0000000008007be0       0x12 build/main.o
 *fill*         0x0000000008007bf2        0x2 
 .rodata._Z15greenLightEventv.str1.4
                0x0000000008007bf4       0x17 build/main.o
 *fill*         0x0000000008007c0b        0x1 
 .rodata._Z16intercomKeyEventv.str1.4
                0x0000000008007c0c       0x46 build/main.o
 *fill*         0x0000000008007c52        0x2 
 .rodata._Z18buttonPressedEventv.str1.4
                0x0000000008007c54       0x3e build/main.o
 *fill*         0x0000000008007c92        0x2 
 .rodata._Z8lockDoorv.str1.4
                0x0000000008007c94       0x1c build/main.o
 .rodata.AHBPrescTable
                0x0000000008007cb0       0x10 build/system_stm32f1xx.o
                0x0000000008007cb0                AHBPrescTable
 .rodata.APBPrescTable
                0x0000000008007cc0        0x8 build/system_stm32f1xx.o
                0x0000000008007cc0                APBPrescTable
 .rodata._global_impure_ptr
                0x0000000008007cc8        0x4 c:/users/a.semcov/frameworks/gcc-arm/bin/../lib/gcc/arm-none-eabi/8.2.1/../../../../arm-none-eabi/lib/thumb/v7-m/nofp\libc.a(lib_a-impure.o)
                0x0000000008007cc8                _global_impure_ptr
 .rodata._svfprintf_r.str1.4
                0x0000000008007ccc       0x42 c:/users/a.semcov/frameworks/gcc-arm/bin/../lib/gcc/arm-none-eabi/8.2.1/../../../../arm-none-eabi/lib/thumb/v7-m/nofp\libc.a(lib_a-svfprintf.o)
 *fill*         0x0000000008007d0e        0x2 
 .rodata.blanks.7371
                0x0000000008007d10       0x10 c:/users/a.semcov/frameworks/gcc-arm/bin/../lib/gcc/arm-none-eabi/8.2.1/../../../../arm-none-eabi/lib/thumb/v7-m/nofp\libc.a(lib_a-svfprintf.o)
 .rodata.zeroes.7372
                0x0000000008007d20       0x10 c:/users/a.semcov/frameworks/gcc-arm/bin/../lib/gcc/arm-none-eabi/8.2.1/../../../../arm-none-eabi/lib/thumb/v7-m/nofp\libc.a(lib_a-svfprintf.o)
 .rodata._dtoa_r.str1.4
                0x0000000008007d30        0xd c:/users/a.semcov/frameworks/gcc-arm/bin/../lib/gcc/arm-none-eabi/8.2.1/../../../../arm-none-eabi/lib/thumb/v7-m/nofp\libc.a(lib_a-dtoa.o)
                                         0x12 (size before relaxing)
 *fill*         0x0000000008007d3d        0x3 
 .rodata.__mprec_bigtens
                0x0000000008007d40       0x28 c:/users/a.semcov/frameworks/gcc-arm/bin/../lib/gcc/arm-none-eabi/8.2.1/../../../../arm-none-eabi/lib/thumb/v7-m/nofp\libc.a(lib_a-mprec.o)
                0x0000000008007d40                __mprec_bigtens
 .rodata.__mprec_tens
                0x0000000008007d68       0xc8 c:/users/a.semcov/frameworks/gcc-arm/bin/../lib/gcc/arm-none-eabi/8.2.1/../../../../arm-none-eabi/lib/thumb/v7-m/nofp\libc.a(lib_a-mprec.o)
                0x0000000008007d68                __mprec_tens
 .rodata.p05.6135
                0x0000000008007e30        0xc c:/users/a.semcov/frameworks/gcc-arm/bin/../lib/gcc/arm-none-eabi/8.2.1/../../../../arm-none-eabi/lib/thumb/v7-m/nofp\libc.a(lib_a-mprec.o)
 .rodata._setlocale_r.str1.4
                0x0000000008007e3c        0xa c:/users/a.semcov/frameworks/gcc-arm/bin/../lib/gcc/arm-none-eabi/8.2.1/../../../../arm-none-eabi/lib/thumb/v7-m/nofp\libc.a(lib_a-locale.o)
                                          0xd (size before relaxing)
 *fill*         0x0000000008007e46        0x2 
 .rodata.str1.4
                0x0000000008007e48        0x4 c:/users/a.semcov/frameworks/gcc-arm/bin/../lib/gcc/arm-none-eabi/8.2.1/../../../../arm-none-eabi/lib/thumb/v7-m/nofp\libc.a(lib_a-locale.o)
                                          0x2 (size before relaxing)
 .rodata._ctype_
                0x0000000008007e4c      0x101 c:/users/a.semcov/frameworks/gcc-arm/bin/../lib/gcc/arm-none-eabi/8.2.1/../../../../arm-none-eabi/lib/thumb/v7-m/nofp\libc.a(lib_a-ctype_.o)
                0x0000000008007e4c                _ctype_
                0x0000000008007f50                . = ALIGN (0x4)
 *fill*         0x0000000008007f4d        0x3 

.ARM.extab      0x0000000008007f50       0x6c
 *(.ARM.extab* .gnu.linkonce.armextab.*)
 .ARM.extab.text.HAL_GPIO_EXTI_Callback
                0x0000000008007f50        0xc build/main.o
 .ARM.extab.text._Z11UART_PrintfPKcz
                0x0000000008007f5c        0xc build/main.o
 .ARM.extab.text._Z14timeTrackEventv
                0x0000000008007f68        0xc build/main.o
 .ARM.extab.text._Z15changeModeEventv
                0x0000000008007f74        0xc build/main.o
 .ARM.extab.text._Z11unlockRelayv
                0x0000000008007f80        0xc build/main.o
 .ARM.extab.text._Z16intercomKeyEventv
                0x0000000008007f8c        0xc build/main.o
 .ARM.extab.text._Z15doorUnlockEventv
                0x0000000008007f98        0xc build/main.o
 .ARM.extab.text._ZL19MX_USART1_UART_Initv
                0x0000000008007fa4        0xc build/main.o
 .ARM.extab.text.main
                0x0000000008007fb0        0xc build/main.o

.ARM            0x0000000008007fbc      0x110
                0x0000000008007fbc                __exidx_start = .
 *(.ARM.exidx*)
 .ARM.exidx.text._ZL12MX_GPIO_Initv
                0x0000000008007fbc        0x8 build/main.o
 .ARM.exidx.text._Z10blinkEventv
                0x0000000008007fc4        0x8 build/main.o
 .ARM.exidx.text.HAL_GPIO_EXTI_Callback
                0x0000000008007fcc        0x8 build/main.o
 .ARM.exidx.text._Z10verifyCodem
                0x0000000008007fd4        0x8 build/main.o
 .ARM.exidx.text._Z11UART_PrintfPKcz
                0x0000000008007fdc        0x8 build/main.o
 .ARM.exidx.text._Z14timeTrackEventv
                0x0000000008007fe4        0x8 build/main.o
 .ARM.exidx.text._Z15greenLightEventv
                0x0000000008007fec        0x8 build/main.o
 .ARM.exidx.text._Z10switchModev
                0x0000000008007ff4        0x0 build/main.o
                                          0x8 (size before relaxing)
 .ARM.exidx.text._Z15changeModeEventv
                0x0000000008007ff4        0x8 build/main.o
 .ARM.exidx.text._Z5blinkt
                0x0000000008007ffc        0x8 build/main.o
 .ARM.exidx.text._Z11unlockRelayv
                0x0000000008008004        0x8 build/main.o
 .ARM.exidx.text._Z16intercomKeyEventv
                0x000000000800800c        0x8 build/main.o
 .ARM.exidx.text._Z18buttonPressedEventv
                0x0000000008008014        0x8 build/main.o
 .ARM.exidx.text._Z8lockDoorv
                0x000000000800801c        0x0 build/main.o
                                          0x8 (size before relaxing)
 .ARM.exidx.text._Z15doorUnlockEventv
                0x000000000800801c        0x8 build/main.o
 .ARM.exidx.text.Error_Handler
                0x0000000008008024        0x8 build/main.o
 .ARM.exidx.text._ZL19MX_USART1_UART_Initv
                0x000000000800802c        0x8 build/main.o
 .ARM.exidx.text._Z18SystemClock_Configv
                0x0000000008008034        0x8 build/main.o
 .ARM.exidx.text.main
                0x000000000800803c       0x10 build/main.o
                                          0x8 (size before relaxing)
 .ARM.exidx.text.__udivmoddi4
                0x000000000800804c        0x0 c:/users/a.semcov/frameworks/gcc-arm/bin/../lib/gcc/arm-none-eabi/8.2.1/thumb/v7-m/nofp\libgcc.a(_udivmoddi4.o)
                                          0x8 (size before relaxing)
 .ARM.exidx.text.selfrel_offset31
                0x000000000800804c        0x0 c:/users/a.semcov/frameworks/gcc-arm/bin/../lib/gcc/arm-none-eabi/8.2.1/thumb/v7-m/nofp\libgcc.a(unwind-arm.o)
                                          0x8 (size before relaxing)
 .ARM.exidx.text.search_EIT_table
                0x000000000800804c        0x0 c:/users/a.semcov/frameworks/gcc-arm/bin/../lib/gcc/arm-none-eabi/8.2.1/thumb/v7-m/nofp\libgcc.a(unwind-arm.o)
                                          0x8 (size before relaxing)
 .ARM.exidx.text.__gnu_unwind_get_pr_addr
                0x000000000800804c        0x0 c:/users/a.semcov/frameworks/gcc-arm/bin/../lib/gcc/arm-none-eabi/8.2.1/thumb/v7-m/nofp\libgcc.a(unwind-arm.o)
                                          0x8 (size before relaxing)
 .ARM.exidx.text.get_eit_entry
                0x000000000800804c        0x8 c:/users/a.semcov/frameworks/gcc-arm/bin/../lib/gcc/arm-none-eabi/8.2.1/thumb/v7-m/nofp\libgcc.a(unwind-arm.o)
 .ARM.exidx.text.restore_non_core_regs
                0x0000000008008054        0x8 c:/users/a.semcov/frameworks/gcc-arm/bin/../lib/gcc/arm-none-eabi/8.2.1/thumb/v7-m/nofp\libgcc.a(unwind-arm.o)
 .ARM.exidx.text._Unwind_decode_typeinfo_ptr.isra.0
                0x000000000800805c        0x8 c:/users/a.semcov/frameworks/gcc-arm/bin/../lib/gcc/arm-none-eabi/8.2.1/thumb/v7-m/nofp\libgcc.a(unwind-arm.o)
 .ARM.exidx.text._Unwind_DebugHook
                0x0000000008008064        0x0 c:/users/a.semcov/frameworks/gcc-arm/bin/../lib/gcc/arm-none-eabi/8.2.1/thumb/v7-m/nofp\libgcc.a(unwind-arm.o)
                                          0x8 (size before relaxing)
 .ARM.exidx.text.unwind_phase2
                0x0000000008008064        0x8 c:/users/a.semcov/frameworks/gcc-arm/bin/../lib/gcc/arm-none-eabi/8.2.1/thumb/v7-m/nofp\libgcc.a(unwind-arm.o)
 .ARM.exidx.text.unwind_phase2_forced
                0x000000000800806c        0x8 c:/users/a.semcov/frameworks/gcc-arm/bin/../lib/gcc/arm-none-eabi/8.2.1/thumb/v7-m/nofp\libgcc.a(unwind-arm.o)
 .ARM.exidx.text.__gnu_Unwind_RaiseException
                0x0000000008008074        0x8 c:/users/a.semcov/frameworks/gcc-arm/bin/../lib/gcc/arm-none-eabi/8.2.1/thumb/v7-m/nofp\libgcc.a(unwind-arm.o)
 .ARM.exidx.text.__gnu_Unwind_ForcedUnwind
                0x000000000800807c        0x8 c:/users/a.semcov/frameworks/gcc-arm/bin/../lib/gcc/arm-none-eabi/8.2.1/thumb/v7-m/nofp\libgcc.a(unwind-arm.o)
 .ARM.exidx.text.__gnu_Unwind_Resume
                0x0000000008008084        0x8 c:/users/a.semcov/frameworks/gcc-arm/bin/../lib/gcc/arm-none-eabi/8.2.1/thumb/v7-m/nofp\libgcc.a(unwind-arm.o)
 .ARM.exidx.text.__gnu_Unwind_Resume_or_Rethrow
                0x000000000800808c        0x8 c:/users/a.semcov/frameworks/gcc-arm/bin/../lib/gcc/arm-none-eabi/8.2.1/thumb/v7-m/nofp\libgcc.a(unwind-arm.o)
 .ARM.exidx.text._Unwind_VRS_Get
                0x0000000008008094        0x0 c:/users/a.semcov/frameworks/gcc-arm/bin/../lib/gcc/arm-none-eabi/8.2.1/thumb/v7-m/nofp\libgcc.a(unwind-arm.o)
                                          0x8 (size before relaxing)
 .ARM.exidx.text._Unwind_GetGR
                0x0000000008008094        0x0 c:/users/a.semcov/frameworks/gcc-arm/bin/../lib/gcc/arm-none-eabi/8.2.1/thumb/v7-m/nofp\libgcc.a(unwind-arm.o)
                                          0x8 (size before relaxing)
 .ARM.exidx.text._Unwind_VRS_Set
                0x0000000008008094        0x0 c:/users/a.semcov/frameworks/gcc-arm/bin/../lib/gcc/arm-none-eabi/8.2.1/thumb/v7-m/nofp\libgcc.a(unwind-arm.o)
                                          0x8 (size before relaxing)
 .ARM.exidx.text._Unwind_SetGR
                0x0000000008008094        0x0 c:/users/a.semcov/frameworks/gcc-arm/bin/../lib/gcc/arm-none-eabi/8.2.1/thumb/v7-m/nofp\libgcc.a(unwind-arm.o)
                                          0x8 (size before relaxing)
 .ARM.exidx.text.__gnu_Unwind_Backtrace
                0x0000000008008094        0x8 c:/users/a.semcov/frameworks/gcc-arm/bin/../lib/gcc/arm-none-eabi/8.2.1/thumb/v7-m/nofp\libgcc.a(unwind-arm.o)
 .ARM.exidx.text.__gnu_unwind_pr_common
                0x000000000800809c        0x8 c:/users/a.semcov/frameworks/gcc-arm/bin/../lib/gcc/arm-none-eabi/8.2.1/thumb/v7-m/nofp\libgcc.a(unwind-arm.o)
 .ARM.exidx.text.__aeabi_unwind_cpp_pr0
                0x00000000080080a4        0x8 c:/users/a.semcov/frameworks/gcc-arm/bin/../lib/gcc/arm-none-eabi/8.2.1/thumb/v7-m/nofp\libgcc.a(unwind-arm.o)
 .ARM.exidx.text.__aeabi_unwind_cpp_pr1
                0x00000000080080ac        0x0 c:/users/a.semcov/frameworks/gcc-arm/bin/../lib/gcc/arm-none-eabi/8.2.1/thumb/v7-m/nofp\libgcc.a(unwind-arm.o)
                                          0x8 (size before relaxing)
 .ARM.exidx.text.__aeabi_unwind_cpp_pr2
                0x00000000080080ac        0x0 c:/users/a.semcov/frameworks/gcc-arm/bin/../lib/gcc/arm-none-eabi/8.2.1/thumb/v7-m/nofp\libgcc.a(unwind-arm.o)
                                          0x8 (size before relaxing)
 .ARM.exidx.text._Unwind_VRS_Pop
                0x00000000080080ac        0x8 c:/users/a.semcov/frameworks/gcc-arm/bin/../lib/gcc/arm-none-eabi/8.2.1/thumb/v7-m/nofp\libgcc.a(unwind-arm.o)
 .ARM.exidx.text.next_unwind_byte
                0x00000000080080b4        0x8 c:/users/a.semcov/frameworks/gcc-arm/bin/../lib/gcc/arm-none-eabi/8.2.1/thumb/v7-m/nofp\libgcc.a(pr-support.o)
 .ARM.exidx.text.__gnu_unwind_execute
                0x00000000080080bc       0x10 c:/users/a.semcov/frameworks/gcc-arm/bin/../lib/gcc/arm-none-eabi/8.2.1/thumb/v7-m/nofp\libgcc.a(pr-support.o)
                                          0x8 (size before relaxing)
                0x00000000080080cc                __exidx_end = .

.rel.dyn        0x00000000080080cc        0x0
 .rel.iplt      0x00000000080080cc        0x0 c:/users/a.semcov/frameworks/gcc-arm/bin/../lib/gcc/arm-none-eabi/8.2.1/thumb/v7-m/nofp/crtbegin.o

.preinit_array  0x00000000080080cc        0x0
                0x00000000080080cc                PROVIDE (__preinit_array_start = .)
 *(.preinit_array*)
                0x00000000080080cc                PROVIDE (__preinit_array_end = .)

.init_array     0x00000000080080cc        0x8
                0x00000000080080cc                PROVIDE (__init_array_start = .)
 *(SORT_BY_NAME(.init_array.*))
 .init_array.00000
                0x00000000080080cc        0x4 c:/users/a.semcov/frameworks/gcc-arm/bin/../lib/gcc/arm-none-eabi/8.2.1/../../../../arm-none-eabi/lib/thumb/v7-m/nofp\libc.a(lib_a-__call_atexit.o)
 *(.init_array*)
 .init_array    0x00000000080080d0        0x4 c:/users/a.semcov/frameworks/gcc-arm/bin/../lib/gcc/arm-none-eabi/8.2.1/thumb/v7-m/nofp/crtbegin.o
                0x00000000080080d4                PROVIDE (__init_array_end = .)

.fini_array     0x00000000080080d4        0x4
                0x00000000080080d4                PROVIDE (__fini_array_start = .)
 *(SORT_BY_NAME(.fini_array.*))
 *(.fini_array*)
 .fini_array    0x00000000080080d4        0x4 c:/users/a.semcov/frameworks/gcc-arm/bin/../lib/gcc/arm-none-eabi/8.2.1/thumb/v7-m/nofp/crtbegin.o
                0x00000000080080d8                PROVIDE (__fini_array_end = .)
                0x00000000080080d8                _sidata = LOADADDR (.data)

.data           0x0000000020000000      0x9c0 load address 0x00000000080080d8
                0x0000000020000000                . = ALIGN (0x4)
                0x0000000020000000                _sdata = .
 *(.data)
 *(.data*)
 .data.alarmCause
                0x0000000020000000        0x1 build/main.o
                0x0000000020000000                alarmCause
 .data.doorState
                0x0000000020000001        0x1 build/main.o
                0x0000000020000001                doorState
 .data.relayState
                0x0000000020000002        0x1 build/main.o
                0x0000000020000002                relayState
 .data.wig_flag_inrt
                0x0000000020000003        0x1 build/main.o
                0x0000000020000003                wig_flag_inrt
 .data.SystemCoreClock
                0x0000000020000004        0x4 build/system_stm32f1xx.o
                0x0000000020000004                SystemCoreClock
 .data.uwTickFreq
                0x0000000020000008        0x1 build/stm32f1xx_hal.o
                0x0000000020000008                uwTickFreq
 *fill*         0x0000000020000009        0x3 
 .data.uwTickPrio
                0x000000002000000c        0x4 build/stm32f1xx_hal.o
                0x000000002000000c                uwTickPrio
 .data._impure_ptr
                0x0000000020000010        0x4 c:/users/a.semcov/frameworks/gcc-arm/bin/../lib/gcc/arm-none-eabi/8.2.1/../../../../arm-none-eabi/lib/thumb/v7-m/nofp\libc.a(lib_a-impure.o)
                0x0000000020000010                _impure_ptr
 *fill*         0x0000000020000014        0x4 
 .data.impure_data
                0x0000000020000018      0x428 c:/users/a.semcov/frameworks/gcc-arm/bin/../lib/gcc/arm-none-eabi/8.2.1/../../../../arm-none-eabi/lib/thumb/v7-m/nofp\libc.a(lib_a-impure.o)
 .data.__atexit_recursive_mutex
                0x0000000020000440        0x4 c:/users/a.semcov/frameworks/gcc-arm/bin/../lib/gcc/arm-none-eabi/8.2.1/../../../../arm-none-eabi/lib/thumb/v7-m/nofp\libc.a(lib_a-__call_atexit.o)
                0x0000000020000440                __atexit_recursive_mutex
 .data.__malloc_av_
                0x0000000020000444      0x408 c:/users/a.semcov/frameworks/gcc-arm/bin/../lib/gcc/arm-none-eabi/8.2.1/../../../../arm-none-eabi/lib/thumb/v7-m/nofp\libc.a(lib_a-mallocr.o)
                0x0000000020000444                __malloc_av_
 .data.__malloc_sbrk_base
                0x000000002000084c        0x4 c:/users/a.semcov/frameworks/gcc-arm/bin/../lib/gcc/arm-none-eabi/8.2.1/../../../../arm-none-eabi/lib/thumb/v7-m/nofp\libc.a(lib_a-mallocr.o)
                0x000000002000084c                __malloc_sbrk_base
 .data.__malloc_trim_threshold
                0x0000000020000850        0x4 c:/users/a.semcov/frameworks/gcc-arm/bin/../lib/gcc/arm-none-eabi/8.2.1/../../../../arm-none-eabi/lib/thumb/v7-m/nofp\libc.a(lib_a-mallocr.o)
                0x0000000020000850                __malloc_trim_threshold
 .data.__global_locale
                0x0000000020000854      0x16c c:/users/a.semcov/frameworks/gcc-arm/bin/../lib/gcc/arm-none-eabi/8.2.1/../../../../arm-none-eabi/lib/thumb/v7-m/nofp\libc.a(lib_a-locale.o)
                0x0000000020000854                __global_locale
                0x00000000200009c0                . = ALIGN (0x4)
                0x00000000200009c0                _edata = .

.tm_clone_table
                0x00000000200009c0        0x0 load address 0x0000000008008a98
 .tm_clone_table
                0x00000000200009c0        0x0 c:/users/a.semcov/frameworks/gcc-arm/bin/../lib/gcc/arm-none-eabi/8.2.1/thumb/v7-m/nofp/crtbegin.o
 .tm_clone_table
                0x00000000200009c0        0x0 c:/users/a.semcov/frameworks/gcc-arm/bin/../lib/gcc/arm-none-eabi/8.2.1/thumb/v7-m/nofp/crtend.o

.igot.plt       0x00000000200009c0        0x0 load address 0x0000000008008a98
 .igot.plt      0x00000000200009c0        0x0 c:/users/a.semcov/frameworks/gcc-arm/bin/../lib/gcc/arm-none-eabi/8.2.1/thumb/v7-m/nofp/crtbegin.o
                0x00000000200009c0                . = ALIGN (0x4)

.bss            0x00000000200009c0       0xf8 load address 0x0000000008008a98
                0x00000000200009c0                _sbss = .
                0x00000000200009c0                __bss_start__ = _sbss
 *(.bss)
 *(.bss*)
 .bss.completed.6707
                0x00000000200009c0        0x1 c:/users/a.semcov/frameworks/gcc-arm/bin/../lib/gcc/arm-none-eabi/8.2.1/thumb/v7-m/nofp/crtbegin.o
 *fill*         0x00000000200009c1        0x3 
 .bss.object.6712
                0x00000000200009c4       0x18 c:/users/a.semcov/frameworks/gcc-arm/bin/../lib/gcc/arm-none-eabi/8.2.1/thumb/v7-m/nofp/crtbegin.o
 .bss.blinkStart
                0x00000000200009dc        0x4 build/main.o
                0x00000000200009dc                blinkStart
 .bss.blinkTime
                0x00000000200009e0        0x4 build/main.o
                0x00000000200009e0                blinkTime
 .bss.doorRecentlyClosed
                0x00000000200009e4        0x1 build/main.o
                0x00000000200009e4                doorRecentlyClosed
 *fill*         0x00000000200009e5        0x3 
 .bss.huart1    0x00000000200009e8       0x40 build/main.o
                0x00000000200009e8                huart1
 .bss.insideButtonPressed
                0x0000000020000a28        0x1 build/main.o
                0x0000000020000a28                insideButtonPressed
 .bss.insideKeyRead
                0x0000000020000a29        0x1 build/main.o
                0x0000000020000a29                insideKeyRead
 .bss.outsideButtonPressed
                0x0000000020000a2a        0x1 build/main.o
                0x0000000020000a2a                outsideButtonPressed
 .bss.outsideKeyRead
                0x0000000020000a2b        0x1 build/main.o
                0x0000000020000a2b                outsideKeyRead
 .bss.previousWorkMode
                0x0000000020000a2c        0x1 build/main.o
                0x0000000020000a2c                previousWorkMode
 *fill*         0x0000000020000a2d        0x3 
 .bss.relayUnlockingTime
                0x0000000020000a30        0x4 build/main.o
                0x0000000020000a30                relayUnlockingTime
 .bss.timme     0x0000000020000a34        0x4 build/main.o
                0x0000000020000a34                timme
 .bss.timmeTrack
                0x0000000020000a38        0x4 build/main.o
                0x0000000020000a38                timmeTrack
 .bss.toBlink   0x0000000020000a3c        0x1 build/main.o
                0x0000000020000a3c                toBlink
 .bss.workMode  0x0000000020000a3d        0x1 build/main.o
                0x0000000020000a3d                workMode
 .bss.bitCount  0x0000000020000a3e        0x2 build/wiegand.o
                0x0000000020000a3e                bitCount
 .bss.cardTemp  0x0000000020000a40        0x4 build/wiegand.o
                0x0000000020000a40                cardTemp
 .bss.cardTempHigh
                0x0000000020000a44        0x4 build/wiegand.o
                0x0000000020000a44                cardTempHigh
 .bss.code      0x0000000020000a48        0x4 build/wiegand.o
                0x0000000020000a48                code
 .bss.lastWiegand
                0x0000000020000a4c        0x4 build/wiegand.o
                0x0000000020000a4c                lastWiegand
 .bss.wiegandType
                0x0000000020000a50        0x2 build/wiegand.o
                0x0000000020000a50                wiegandType
 *fill*         0x0000000020000a52        0x2 
 .bss.__malloc_current_mallinfo
                0x0000000020000a54       0x28 c:/users/a.semcov/frameworks/gcc-arm/bin/../lib/gcc/arm-none-eabi/8.2.1/../../../../arm-none-eabi/lib/thumb/v7-m/nofp\libc.a(lib_a-mallocr.o)
                0x0000000020000a54                __malloc_current_mallinfo
 .bss.__malloc_max_sbrked_mem
                0x0000000020000a7c        0x4 c:/users/a.semcov/frameworks/gcc-arm/bin/../lib/gcc/arm-none-eabi/8.2.1/../../../../arm-none-eabi/lib/thumb/v7-m/nofp\libc.a(lib_a-mallocr.o)
                0x0000000020000a7c                __malloc_max_sbrked_mem
 .bss.__malloc_max_total_mem
                0x0000000020000a80        0x4 c:/users/a.semcov/frameworks/gcc-arm/bin/../lib/gcc/arm-none-eabi/8.2.1/../../../../arm-none-eabi/lib/thumb/v7-m/nofp\libc.a(lib_a-mallocr.o)
                0x0000000020000a80                __malloc_max_total_mem
 .bss.__malloc_top_pad
                0x0000000020000a84        0x4 c:/users/a.semcov/frameworks/gcc-arm/bin/../lib/gcc/arm-none-eabi/8.2.1/../../../../arm-none-eabi/lib/thumb/v7-m/nofp\libc.a(lib_a-mallocr.o)
                0x0000000020000a84                __malloc_top_pad
 .bss.heap_end.4194
                0x0000000020000a88        0x4 c:/users/a.semcov/frameworks/gcc-arm/bin/../lib/gcc/arm-none-eabi/8.2.1/../../../../arm-none-eabi/lib/thumb/v7-m/nofp\libnosys.a(sbrk.o)
 *(COMMON)
 COMMON         0x0000000020000a8c        0x4 build/stm32f1xx_hal.o
                0x0000000020000a8c                uwTick
 COMMON         0x0000000020000a90       0x21 c:/users/a.semcov/frameworks/gcc-arm/bin/../lib/gcc/arm-none-eabi/8.2.1/../../../../arm-none-eabi/lib/thumb/v7-m/nofp\libc.a(lib_a-lock.o)
                0x0000000020000a90                __lock___atexit_recursive_mutex
                0x0000000020000a94                __lock___arc4random_mutex
                0x0000000020000a98                __lock___env_recursive_mutex
                0x0000000020000a9c                __lock___sinit_recursive_mutex
                0x0000000020000aa0                __lock___malloc_recursive_mutex
                0x0000000020000aa4                __lock___at_quick_exit_mutex
                0x0000000020000aa8                __lock___dd_hash_mutex
                0x0000000020000aac                __lock___tz_mutex
                0x0000000020000ab0                __lock___sfp_recursive_mutex
 *fill*         0x0000000020000ab1        0x3 
 COMMON         0x0000000020000ab4        0x4 c:/users/a.semcov/frameworks/gcc-arm/bin/../lib/gcc/arm-none-eabi/8.2.1/../../../../arm-none-eabi/lib/thumb/v7-m/nofp\libc.a(lib_a-reent.o)
                0x0000000020000ab4                errno
                0x0000000020000ab8                . = ALIGN (0x4)
                0x0000000020000ab8                _ebss = .
                0x0000000020000ab8                __bss_end__ = _ebss

._user_heap_stack
                0x0000000020000ab8      0x600 load address 0x0000000008008a98
                0x0000000020000ab8                . = ALIGN (0x8)
                0x0000000020000ab8                PROVIDE (end = .)
                [!provide]                        PROVIDE (_end = .)
                0x0000000020000cb8                . = (. + _Min_Heap_Size)
 *fill*         0x0000000020000ab8      0x200 
                0x00000000200010b8                . = (. + _Min_Stack_Size)
 *fill*         0x0000000020000cb8      0x400 
                0x00000000200010b8                . = ALIGN (0x8)

/DISCARD/
 libc.a(*)
 libm.a(*)
 libgcc.a(*)

.ARM.attributes
                0x0000000000000000       0x29
 *(.ARM.attributes)
 .ARM.attributes
                0x0000000000000000       0x1d c:/users/a.semcov/frameworks/gcc-arm/bin/../lib/gcc/arm-none-eabi/8.2.1/thumb/v7-m/nofp/crti.o
 .ARM.attributes
                0x000000000000001d       0x2d c:/users/a.semcov/frameworks/gcc-arm/bin/../lib/gcc/arm-none-eabi/8.2.1/thumb/v7-m/nofp/crtbegin.o
 .ARM.attributes
                0x000000000000004a       0x2d build/main.o
 .ARM.attributes
                0x0000000000000077       0x2d build/stm32f1xx_hal_msp.o
 .ARM.attributes
                0x00000000000000a4       0x2d build/stm32f1xx_it.o
 .ARM.attributes
                0x00000000000000d1       0x2d build/system_stm32f1xx.o
 .ARM.attributes
                0x00000000000000fe       0x2d build/wiegand.o
 .ARM.attributes
                0x000000000000012b       0x2d build/stm32f1xx_hal.o
 .ARM.attributes
                0x0000000000000158       0x2d build/stm32f1xx_hal_cortex.o
 .ARM.attributes
                0x0000000000000185       0x2d build/stm32f1xx_hal_dma.o
 .ARM.attributes
                0x00000000000001b2       0x2d build/stm32f1xx_hal_gpio.o
 .ARM.attributes
                0x00000000000001df       0x2d build/stm32f1xx_hal_rcc.o
 .ARM.attributes
                0x000000000000020c       0x2d build/stm32f1xx_hal_uart.o
 .ARM.attributes
                0x0000000000000239       0x21 build/startup_stm32f103xg.o
 .ARM.attributes
                0x000000000000025a       0x2d c:/users/a.semcov/frameworks/gcc-arm/bin/../lib/gcc/arm-none-eabi/8.2.1/../../../../arm-none-eabi/lib/thumb/v7-m/nofp\libc.a(lib_a-impure.o)
 .ARM.attributes
                0x0000000000000287       0x2d c:/users/a.semcov/frameworks/gcc-arm/bin/../lib/gcc/arm-none-eabi/8.2.1/../../../../arm-none-eabi/lib/thumb/v7-m/nofp\libc.a(lib_a-init.o)
 .ARM.attributes
                0x00000000000002b4       0x2d c:/users/a.semcov/frameworks/gcc-arm/bin/../lib/gcc/arm-none-eabi/8.2.1/../../../../arm-none-eabi/lib/thumb/v7-m/nofp\libc.a(lib_a-memset.o)
 .ARM.attributes
                0x00000000000002e1       0x2d c:/users/a.semcov/frameworks/gcc-arm/bin/../lib/gcc/arm-none-eabi/8.2.1/../../../../arm-none-eabi/lib/thumb/v7-m/nofp\libc.a(lib_a-strlen-stub.o)
 .ARM.attributes
                0x000000000000030e       0x2d c:/users/a.semcov/frameworks/gcc-arm/bin/../lib/gcc/arm-none-eabi/8.2.1/../../../../arm-none-eabi/lib/thumb/v7-m/nofp\libc.a(lib_a-vsnprintf.o)
 .ARM.attributes
                0x000000000000033b       0x2d c:/users/a.semcov/frameworks/gcc-arm/bin/../lib/gcc/arm-none-eabi/8.2.1/../../../../arm-none-eabi/lib/thumb/v7-m/nofp\libc.a(lib_a-__call_atexit.o)
 .ARM.attributes
                0x0000000000000368       0x2d c:/users/a.semcov/frameworks/gcc-arm/bin/../lib/gcc/arm-none-eabi/8.2.1/../../../../arm-none-eabi/lib/thumb/v7-m/nofp\libc.a(lib_a-atexit.o)
 .ARM.attributes
                0x0000000000000395       0x2d c:/users/a.semcov/frameworks/gcc-arm/bin/../lib/gcc/arm-none-eabi/8.2.1/../../../../arm-none-eabi/lib/thumb/v7-m/nofp\libc.a(lib_a-fini.o)
 .ARM.attributes
                0x00000000000003c2       0x2d c:/users/a.semcov/frameworks/gcc-arm/bin/../lib/gcc/arm-none-eabi/8.2.1/../../../../arm-none-eabi/lib/thumb/v7-m/nofp\libc.a(lib_a-lock.o)
 .ARM.attributes
                0x00000000000003ef       0x2d c:/users/a.semcov/frameworks/gcc-arm/bin/../lib/gcc/arm-none-eabi/8.2.1/../../../../arm-none-eabi/lib/thumb/v7-m/nofp\libc.a(lib_a-svfprintf.o)
 .ARM.attributes
                0x000000000000041c       0x2d c:/users/a.semcov/frameworks/gcc-arm/bin/../lib/gcc/arm-none-eabi/8.2.1/../../../../arm-none-eabi/lib/thumb/v7-m/nofp\libc.a(lib_a-__atexit.o)
 .ARM.attributes
                0x0000000000000449       0x2d c:/users/a.semcov/frameworks/gcc-arm/bin/../lib/gcc/arm-none-eabi/8.2.1/../../../../arm-none-eabi/lib/thumb/v7-m/nofp\libc.a(lib_a-dtoa.o)
 .ARM.attributes
                0x0000000000000476       0x2d c:/users/a.semcov/frameworks/gcc-arm/bin/../lib/gcc/arm-none-eabi/8.2.1/../../../../arm-none-eabi/lib/thumb/v7-m/nofp\libc.a(lib_a-freer.o)
 .ARM.attributes
                0x00000000000004a3       0x2d c:/users/a.semcov/frameworks/gcc-arm/bin/../lib/gcc/arm-none-eabi/8.2.1/../../../../arm-none-eabi/lib/thumb/v7-m/nofp\libc.a(lib_a-localeconv.o)
 .ARM.attributes
                0x00000000000004d0       0x2d c:/users/a.semcov/frameworks/gcc-arm/bin/../lib/gcc/arm-none-eabi/8.2.1/../../../../arm-none-eabi/lib/thumb/v7-m/nofp\libc.a(lib_a-mallocr.o)
 .ARM.attributes
                0x00000000000004fd       0x2d c:/users/a.semcov/frameworks/gcc-arm/bin/../lib/gcc/arm-none-eabi/8.2.1/../../../../arm-none-eabi/lib/thumb/v7-m/nofp\libc.a(lib_a-memchr-stub.o)
 .ARM.attributes
                0x000000000000052a       0x1b c:/users/a.semcov/frameworks/gcc-arm/bin/../lib/gcc/arm-none-eabi/8.2.1/../../../../arm-none-eabi/lib/thumb/v7-m/nofp\libc.a(lib_a-memcpy.o)
 .ARM.attributes
                0x0000000000000545       0x2d c:/users/a.semcov/frameworks/gcc-arm/bin/../lib/gcc/arm-none-eabi/8.2.1/../../../../arm-none-eabi/lib/thumb/v7-m/nofp\libc.a(lib_a-mlock.o)
 .ARM.attributes
                0x0000000000000572       0x2d c:/users/a.semcov/frameworks/gcc-arm/bin/../lib/gcc/arm-none-eabi/8.2.1/../../../../arm-none-eabi/lib/thumb/v7-m/nofp\libc.a(lib_a-mprec.o)
 .ARM.attributes
                0x000000000000059f       0x2d c:/users/a.semcov/frameworks/gcc-arm/bin/../lib/gcc/arm-none-eabi/8.2.1/../../../../arm-none-eabi/lib/thumb/v7-m/nofp\libc.a(lib_a-s_frexp.o)
 .ARM.attributes
                0x00000000000005cc       0x2d c:/users/a.semcov/frameworks/gcc-arm/bin/../lib/gcc/arm-none-eabi/8.2.1/../../../../arm-none-eabi/lib/thumb/v7-m/nofp\libc.a(lib_a-sbrkr.o)
 .ARM.attributes
                0x00000000000005f9       0x2d c:/users/a.semcov/frameworks/gcc-arm/bin/../lib/gcc/arm-none-eabi/8.2.1/../../../../arm-none-eabi/lib/thumb/v7-m/nofp\libc.a(lib_a-strncpy.o)
 .ARM.attributes
                0x0000000000000626       0x2d c:/users/a.semcov/frameworks/gcc-arm/bin/../lib/gcc/arm-none-eabi/8.2.1/../../../../arm-none-eabi/lib/thumb/v7-m/nofp\libc.a(lib_a-svfiprintf.o)
 .ARM.attributes
                0x0000000000000653       0x2d c:/users/a.semcov/frameworks/gcc-arm/bin/../lib/gcc/arm-none-eabi/8.2.1/../../../../arm-none-eabi/lib/thumb/v7-m/nofp\libc.a(lib_a-callocr.o)
 .ARM.attributes
                0x0000000000000680       0x2d c:/users/a.semcov/frameworks/gcc-arm/bin/../lib/gcc/arm-none-eabi/8.2.1/../../../../arm-none-eabi/lib/thumb/v7-m/nofp\libc.a(lib_a-locale.o)
 .ARM.attributes
                0x00000000000006ad       0x2d c:/users/a.semcov/frameworks/gcc-arm/bin/../lib/gcc/arm-none-eabi/8.2.1/../../../../arm-none-eabi/lib/thumb/v7-m/nofp\libc.a(lib_a-mbtowc_r.o)
 .ARM.attributes
                0x00000000000006da       0x2d c:/users/a.semcov/frameworks/gcc-arm/bin/../lib/gcc/arm-none-eabi/8.2.1/../../../../arm-none-eabi/lib/thumb/v7-m/nofp\libc.a(lib_a-memmove.o)
 .ARM.attributes
                0x0000000000000707       0x2d c:/users/a.semcov/frameworks/gcc-arm/bin/../lib/gcc/arm-none-eabi/8.2.1/../../../../arm-none-eabi/lib/thumb/v7-m/nofp\libc.a(lib_a-reallocr.o)
 .ARM.attributes
                0x0000000000000734       0x2d c:/users/a.semcov/frameworks/gcc-arm/bin/../lib/gcc/arm-none-eabi/8.2.1/../../../../arm-none-eabi/lib/thumb/v7-m/nofp\libc.a(lib_a-reent.o)
 .ARM.attributes
                0x0000000000000761       0x2d c:/users/a.semcov/frameworks/gcc-arm/bin/../lib/gcc/arm-none-eabi/8.2.1/../../../../arm-none-eabi/lib/thumb/v7-m/nofp\libc.a(lib_a-wctomb_r.o)
 .ARM.attributes
                0x000000000000078e       0x2d c:/users/a.semcov/frameworks/gcc-arm/bin/../lib/gcc/arm-none-eabi/8.2.1/../../../../arm-none-eabi/lib/thumb/v7-m/nofp\libc.a(lib_a-ctype_.o)
 .ARM.attributes
                0x00000000000007bb       0x1d c:/users/a.semcov/frameworks/gcc-arm/bin/../lib/gcc/arm-none-eabi/8.2.1/thumb/v7-m/nofp\libgcc.a(_arm_addsubdf3.o)
 .ARM.attributes
                0x00000000000007d8       0x1d c:/users/a.semcov/frameworks/gcc-arm/bin/../lib/gcc/arm-none-eabi/8.2.1/thumb/v7-m/nofp\libgcc.a(_arm_muldivdf3.o)
 .ARM.attributes
                0x00000000000007f5       0x1d c:/users/a.semcov/frameworks/gcc-arm/bin/../lib/gcc/arm-none-eabi/8.2.1/thumb/v7-m/nofp\libgcc.a(_arm_cmpdf2.o)
 .ARM.attributes
                0x0000000000000812       0x1d c:/users/a.semcov/frameworks/gcc-arm/bin/../lib/gcc/arm-none-eabi/8.2.1/thumb/v7-m/nofp\libgcc.a(_arm_unorddf2.o)
 .ARM.attributes
                0x000000000000082f       0x1d c:/users/a.semcov/frameworks/gcc-arm/bin/../lib/gcc/arm-none-eabi/8.2.1/thumb/v7-m/nofp\libgcc.a(_arm_fixdfsi.o)
 .ARM.attributes
                0x000000000000084c       0x1d c:/users/a.semcov/frameworks/gcc-arm/bin/../lib/gcc/arm-none-eabi/8.2.1/thumb/v7-m/nofp\libgcc.a(_aeabi_uldivmod.o)
 .ARM.attributes
                0x0000000000000869       0x2d c:/users/a.semcov/frameworks/gcc-arm/bin/../lib/gcc/arm-none-eabi/8.2.1/thumb/v7-m/nofp\libgcc.a(_udivmoddi4.o)
 .ARM.attributes
                0x0000000000000896       0x1d c:/users/a.semcov/frameworks/gcc-arm/bin/../lib/gcc/arm-none-eabi/8.2.1/thumb/v7-m/nofp\libgcc.a(_dvmd_tls.o)
 .ARM.attributes
                0x00000000000008b3       0x2d c:/users/a.semcov/frameworks/gcc-arm/bin/../lib/gcc/arm-none-eabi/8.2.1/../../../../arm-none-eabi/lib/thumb/v7-m/nofp\libnosys.a(sbrk.o)
 .ARM.attributes
                0x00000000000008e0       0x2d c:/users/a.semcov/frameworks/gcc-arm/bin/../lib/gcc/arm-none-eabi/8.2.1/thumb/v7-m/nofp/crtend.o
 .ARM.attributes
                0x000000000000090d       0x1d c:/users/a.semcov/frameworks/gcc-arm/bin/../lib/gcc/arm-none-eabi/8.2.1/thumb/v7-m/nofp/crtn.o
OUTPUT(build/TestProject.elf elf32-littlearm)

.debug_info     0x0000000000000000     0x92c2
 .debug_info    0x0000000000000000     0x23a4 build/main.o
 .debug_info    0x00000000000023a4      0xc14 build/stm32f1xx_hal_msp.o
 .debug_info    0x0000000000002fb8      0x892 build/stm32f1xx_it.o
 .debug_info    0x000000000000384a      0x2f7 build/system_stm32f1xx.o
 .debug_info    0x0000000000003b41      0x3dc build/wiegand.o
 .debug_info    0x0000000000003f1d      0x9ba build/stm32f1xx_hal.o
 .debug_info    0x00000000000048d7     0x11d8 build/stm32f1xx_hal_cortex.o
 .debug_info    0x0000000000005aaf      0x9b4 build/stm32f1xx_hal_dma.o
 .debug_info    0x0000000000006463      0x7d1 build/stm32f1xx_hal_gpio.o
 .debug_info    0x0000000000006c34      0xbdd build/stm32f1xx_hal_rcc.o
 .debug_info    0x0000000000007811     0x1a8f build/stm32f1xx_hal_uart.o
 .debug_info    0x00000000000092a0       0x22 build/startup_stm32f103xg.o

.debug_abbrev   0x0000000000000000     0x1b63
 .debug_abbrev  0x0000000000000000      0x433 build/main.o
 .debug_abbrev  0x0000000000000433      0x1fd build/stm32f1xx_hal_msp.o
 .debug_abbrev  0x0000000000000630      0x1d7 build/stm32f1xx_it.o
 .debug_abbrev  0x0000000000000807      0x153 build/system_stm32f1xx.o
 .debug_abbrev  0x000000000000095a      0x1a1 build/wiegand.o
 .debug_abbrev  0x0000000000000afb      0x21c build/stm32f1xx_hal.o
 .debug_abbrev  0x0000000000000d17      0x3b3 build/stm32f1xx_hal_cortex.o
 .debug_abbrev  0x00000000000010ca      0x2a1 build/stm32f1xx_hal_dma.o
 .debug_abbrev  0x000000000000136b      0x24f build/stm32f1xx_hal_gpio.o
 .debug_abbrev  0x00000000000015ba      0x2ad build/stm32f1xx_hal_rcc.o
 .debug_abbrev  0x0000000000001867      0x2ea build/stm32f1xx_hal_uart.o
 .debug_abbrev  0x0000000000001b51       0x12 build/startup_stm32f103xg.o

.debug_loc      0x0000000000000000     0x47eb
 .debug_loc     0x0000000000000000      0x41d build/main.o
 .debug_loc     0x000000000000041d      0x129 build/stm32f1xx_hal_msp.o
 .debug_loc     0x0000000000000546       0xe0 build/stm32f1xx_it.o
 .debug_loc     0x0000000000000626       0xff build/system_stm32f1xx.o
 .debug_loc     0x0000000000000725      0x1d9 build/wiegand.o
 .debug_loc     0x00000000000008fe      0x1e1 build/stm32f1xx_hal.o
 .debug_loc     0x0000000000000adf      0x790 build/stm32f1xx_hal_cortex.o
 .debug_loc     0x000000000000126f      0xa1a build/stm32f1xx_hal_dma.o
 .debug_loc     0x0000000000001c89      0x53b build/stm32f1xx_hal_gpio.o
 .debug_loc     0x00000000000021c4      0x7e6 build/stm32f1xx_hal_rcc.o
 .debug_loc     0x00000000000029aa     0x1e41 build/stm32f1xx_hal_uart.o

.debug_aranges  0x0000000000000000      0x6e8
 .debug_aranges
                0x0000000000000000       0xc8 build/main.o
 .debug_aranges
                0x00000000000000c8       0x30 build/stm32f1xx_hal_msp.o
 .debug_aranges
                0x00000000000000f8       0x90 build/stm32f1xx_it.o
 .debug_aranges
                0x0000000000000188       0x28 build/system_stm32f1xx.o
 .debug_aranges
                0x00000000000001b0       0x50 build/wiegand.o
 .debug_aranges
                0x0000000000000200       0xe0 build/stm32f1xx_hal.o
 .debug_aranges
                0x00000000000002e0       0xa8 build/stm32f1xx_hal_cortex.o
 .debug_aranges
                0x0000000000000388       0x80 build/stm32f1xx_hal_dma.o
 .debug_aranges
                0x0000000000000408       0x58 build/stm32f1xx_hal_gpio.o
 .debug_aranges
                0x0000000000000460       0x90 build/stm32f1xx_hal_rcc.o
 .debug_aranges
                0x00000000000004f0      0x1d0 build/stm32f1xx_hal_uart.o
 .debug_aranges
                0x00000000000006c0       0x28 build/startup_stm32f103xg.o

.debug_ranges   0x0000000000000000      0x6b0
 .debug_ranges  0x0000000000000000       0xd0 build/main.o
 .debug_ranges  0x00000000000000d0       0x20 build/stm32f1xx_hal_msp.o
 .debug_ranges  0x00000000000000f0       0x80 build/stm32f1xx_it.o
 .debug_ranges  0x0000000000000170       0x18 build/system_stm32f1xx.o
 .debug_ranges  0x0000000000000188       0x40 build/wiegand.o
 .debug_ranges  0x00000000000001c8       0xd0 build/stm32f1xx_hal.o
 .debug_ranges  0x0000000000000298       0xe0 build/stm32f1xx_hal_cortex.o
 .debug_ranges  0x0000000000000378       0x70 build/stm32f1xx_hal_dma.o
 .debug_ranges  0x00000000000003e8       0x48 build/stm32f1xx_hal_gpio.o
 .debug_ranges  0x0000000000000430       0xa0 build/stm32f1xx_hal_rcc.o
 .debug_ranges  0x00000000000004d0      0x1c0 build/stm32f1xx_hal_uart.o
 .debug_ranges  0x0000000000000690       0x20 build/startup_stm32f103xg.o

.debug_line     0x0000000000000000     0x5f9d
 .debug_line    0x0000000000000000      0xb98 build/main.o
 .debug_line    0x0000000000000b98      0x2d1 build/stm32f1xx_hal_msp.o
 .debug_line    0x0000000000000e69      0x362 build/stm32f1xx_it.o
 .debug_line    0x00000000000011cb      0x266 build/system_stm32f1xx.o
 .debug_line    0x0000000000001431      0x4a9 build/wiegand.o
 .debug_line    0x00000000000018da      0x4ef build/stm32f1xx_hal.o
 .debug_line    0x0000000000001dc9      0x77b build/stm32f1xx_hal_cortex.o
 .debug_line    0x0000000000002544      0xce5 build/stm32f1xx_hal_dma.o
 .debug_line    0x0000000000003229      0x60f build/stm32f1xx_hal_gpio.o
 .debug_line    0x0000000000003838      0xbb9 build/stm32f1xx_hal_rcc.o
 .debug_line    0x00000000000043f1     0x1b38 build/stm32f1xx_hal_uart.o
 .debug_line    0x0000000000005f29       0x74 build/startup_stm32f103xg.o

.debug_str      0x0000000000000000     0x2a03
 .debug_str     0x0000000000000000     0x1531 build/main.o
                                       0x1778 (size before relaxing)
 .debug_str     0x0000000000001531      0x152 build/stm32f1xx_hal_msp.o
                                        0xb3e (size before relaxing)
 .debug_str     0x0000000000001683      0x14a build/stm32f1xx_it.o
                                        0x74f (size before relaxing)
 .debug_str     0x00000000000017cd       0x4f build/system_stm32f1xx.o
                                        0x2f7 (size before relaxing)
 .debug_str     0x000000000000181c       0xdb build/wiegand.o
                                        0x37b (size before relaxing)
 .debug_str     0x00000000000018f7      0x286 build/stm32f1xx_hal.o
                                        0x995 (size before relaxing)
 .debug_str     0x0000000000001b7d      0x492 build/stm32f1xx_hal_cortex.o
                                        0xbca (size before relaxing)
 .debug_str     0x000000000000200f      0x23c build/stm32f1xx_hal_dma.o
                                        0x6de (size before relaxing)
 .debug_str     0x000000000000224b       0xba build/stm32f1xx_hal_gpio.o
                                        0x4e1 (size before relaxing)
 .debug_str     0x0000000000002305      0x1d7 build/stm32f1xx_hal_rcc.o
                                        0x6dd (size before relaxing)
 .debug_str     0x00000000000024dc      0x502 build/stm32f1xx_hal_uart.o
                                        0xc71 (size before relaxing)
 .debug_str     0x00000000000029de       0x25 build/startup_stm32f103xg.o
                                         0x59 (size before relaxing)

.comment        0x0000000000000000       0x68
 .comment       0x0000000000000000       0x68 build/main.o
                                         0x69 (size before relaxing)
 .comment       0x0000000000000068       0x69 build/stm32f1xx_hal_msp.o
 .comment       0x0000000000000068       0x69 build/stm32f1xx_it.o
 .comment       0x0000000000000068       0x69 build/system_stm32f1xx.o
 .comment       0x0000000000000068       0x69 build/wiegand.o
 .comment       0x0000000000000068       0x69 build/stm32f1xx_hal.o
 .comment       0x0000000000000068       0x69 build/stm32f1xx_hal_cortex.o
 .comment       0x0000000000000068       0x69 build/stm32f1xx_hal_dma.o
 .comment       0x0000000000000068       0x69 build/stm32f1xx_hal_gpio.o
 .comment       0x0000000000000068       0x69 build/stm32f1xx_hal_rcc.o
 .comment       0x0000000000000068       0x69 build/stm32f1xx_hal_uart.o

.debug_frame    0x0000000000000000     0x1e78
 .debug_frame   0x0000000000000000      0x26c build/main.o
 .debug_frame   0x000000000000026c       0x6c build/stm32f1xx_hal_msp.o
 .debug_frame   0x00000000000002d8      0x154 build/stm32f1xx_it.o
 .debug_frame   0x000000000000042c       0x30 build/system_stm32f1xx.o
 .debug_frame   0x000000000000045c       0xa8 build/wiegand.o
 .debug_frame   0x0000000000000504      0x1e0 build/stm32f1xx_hal.o
 .debug_frame   0x00000000000006e4      0x16c build/stm32f1xx_hal_cortex.o
 .debug_frame   0x0000000000000850      0x164 build/stm32f1xx_hal_dma.o
 .debug_frame   0x00000000000009b4      0x104 build/stm32f1xx_hal_gpio.o
 .debug_frame   0x0000000000000ab8      0x1cc build/stm32f1xx_hal_rcc.o
 .debug_frame   0x0000000000000c84      0x570 build/stm32f1xx_hal_uart.o
 .debug_frame   0x00000000000011f4       0x2c c:/users/a.semcov/frameworks/gcc-arm/bin/../lib/gcc/arm-none-eabi/8.2.1/../../../../arm-none-eabi/lib/thumb/v7-m/nofp\libc.a(lib_a-init.o)
 .debug_frame   0x0000000000001220       0x38 c:/users/a.semcov/frameworks/gcc-arm/bin/../lib/gcc/arm-none-eabi/8.2.1/../../../../arm-none-eabi/lib/thumb/v7-m/nofp\libc.a(lib_a-memset.o)
 .debug_frame   0x0000000000001258       0x20 c:/users/a.semcov/frameworks/gcc-arm/bin/../lib/gcc/arm-none-eabi/8.2.1/../../../../arm-none-eabi/lib/thumb/v7-m/nofp\libc.a(lib_a-strlen-stub.o)
 .debug_frame   0x0000000000001278       0x5c c:/users/a.semcov/frameworks/gcc-arm/bin/../lib/gcc/arm-none-eabi/8.2.1/../../../../arm-none-eabi/lib/thumb/v7-m/nofp\libc.a(lib_a-vsnprintf.o)
 .debug_frame   0x00000000000012d4       0x5c c:/users/a.semcov/frameworks/gcc-arm/bin/../lib/gcc/arm-none-eabi/8.2.1/../../../../arm-none-eabi/lib/thumb/v7-m/nofp\libc.a(lib_a-__call_atexit.o)
 .debug_frame   0x0000000000001330       0x20 c:/users/a.semcov/frameworks/gcc-arm/bin/../lib/gcc/arm-none-eabi/8.2.1/../../../../arm-none-eabi/lib/thumb/v7-m/nofp\libc.a(lib_a-atexit.o)
 .debug_frame   0x0000000000001350       0x34 c:/users/a.semcov/frameworks/gcc-arm/bin/../lib/gcc/arm-none-eabi/8.2.1/../../../../arm-none-eabi/lib/thumb/v7-m/nofp\libc.a(lib_a-fini.o)
 .debug_frame   0x0000000000001384       0xb0 c:/users/a.semcov/frameworks/gcc-arm/bin/../lib/gcc/arm-none-eabi/8.2.1/../../../../arm-none-eabi/lib/thumb/v7-m/nofp\libc.a(lib_a-lock.o)
 .debug_frame   0x0000000000001434       0x40 c:/users/a.semcov/frameworks/gcc-arm/bin/../lib/gcc/arm-none-eabi/8.2.1/../../../../arm-none-eabi/lib/thumb/v7-m/nofp\libc.a(lib_a-svfprintf.o)
 .debug_frame   0x0000000000001474       0x30 c:/users/a.semcov/frameworks/gcc-arm/bin/../lib/gcc/arm-none-eabi/8.2.1/../../../../arm-none-eabi/lib/thumb/v7-m/nofp\libc.a(lib_a-__atexit.o)
 .debug_frame   0x00000000000014a4       0x8c c:/users/a.semcov/frameworks/gcc-arm/bin/../lib/gcc/arm-none-eabi/8.2.1/../../../../arm-none-eabi/lib/thumb/v7-m/nofp\libc.a(lib_a-dtoa.o)
 .debug_frame   0x0000000000001530       0x80 c:/users/a.semcov/frameworks/gcc-arm/bin/../lib/gcc/arm-none-eabi/8.2.1/../../../../arm-none-eabi/lib/thumb/v7-m/nofp\libc.a(lib_a-freer.o)
 .debug_frame   0x00000000000015b0       0x40 c:/users/a.semcov/frameworks/gcc-arm/bin/../lib/gcc/arm-none-eabi/8.2.1/../../../../arm-none-eabi/lib/thumb/v7-m/nofp\libc.a(lib_a-localeconv.o)
 .debug_frame   0x00000000000015f0       0x4c c:/users/a.semcov/frameworks/gcc-arm/bin/../lib/gcc/arm-none-eabi/8.2.1/../../../../arm-none-eabi/lib/thumb/v7-m/nofp\libc.a(lib_a-mallocr.o)
 .debug_frame   0x000000000000163c       0x34 c:/users/a.semcov/frameworks/gcc-arm/bin/../lib/gcc/arm-none-eabi/8.2.1/../../../../arm-none-eabi/lib/thumb/v7-m/nofp\libc.a(lib_a-memchr-stub.o)
 .debug_frame   0x0000000000001670       0x30 c:/users/a.semcov/frameworks/gcc-arm/bin/../lib/gcc/arm-none-eabi/8.2.1/../../../../arm-none-eabi/lib/thumb/v7-m/nofp\libc.a(lib_a-mlock.o)
 .debug_frame   0x00000000000016a0      0x260 c:/users/a.semcov/frameworks/gcc-arm/bin/../lib/gcc/arm-none-eabi/8.2.1/../../../../arm-none-eabi/lib/thumb/v7-m/nofp\libc.a(lib_a-mprec.o)
 .debug_frame   0x0000000000001900       0x30 c:/users/a.semcov/frameworks/gcc-arm/bin/../lib/gcc/arm-none-eabi/8.2.1/../../../../arm-none-eabi/lib/thumb/v7-m/nofp\libc.a(lib_a-s_frexp.o)
 .debug_frame   0x0000000000001930       0x2c c:/users/a.semcov/frameworks/gcc-arm/bin/../lib/gcc/arm-none-eabi/8.2.1/../../../../arm-none-eabi/lib/thumb/v7-m/nofp\libc.a(lib_a-sbrkr.o)
 .debug_frame   0x000000000000195c       0x38 c:/users/a.semcov/frameworks/gcc-arm/bin/../lib/gcc/arm-none-eabi/8.2.1/../../../../arm-none-eabi/lib/thumb/v7-m/nofp\libc.a(lib_a-strncpy.o)
 .debug_frame   0x0000000000001994       0x74 c:/users/a.semcov/frameworks/gcc-arm/bin/../lib/gcc/arm-none-eabi/8.2.1/../../../../arm-none-eabi/lib/thumb/v7-m/nofp\libc.a(lib_a-svfiprintf.o)
 .debug_frame   0x0000000000001a08       0x28 c:/users/a.semcov/frameworks/gcc-arm/bin/../lib/gcc/arm-none-eabi/8.2.1/../../../../arm-none-eabi/lib/thumb/v7-m/nofp\libc.a(lib_a-callocr.o)
 .debug_frame   0x0000000000001a30       0x54 c:/users/a.semcov/frameworks/gcc-arm/bin/../lib/gcc/arm-none-eabi/8.2.1/../../../../arm-none-eabi/lib/thumb/v7-m/nofp\libc.a(lib_a-locale.o)